[    0.000000] Initializing cgroup subsys cpuset
[    0.000000] Initializing cgroup subsys cpu
[    0.000000] Initializing cgroup subsys cpuacct
[    0.000000] Linux version 4.4.0-112-generic (buildd@lgw01-amd64-010) (gcc version 5.4.0 20160609 (Ubuntu 5.4.0-6ubuntu1~16.04.5) ) #135-Ubuntu SMP Fri Jan 19 11:48:36 UTC 2018 (Ubuntu 4.4.0-112.135-generic 4.4.98)
[    0.000000] Command line: BOOT_IMAGE=/boot/vmlinuz-4.4.0-112-generic root=UUID=676eac73-81dc-4fbd-bdea-aebcbe447240 ro console=tty1 console=ttyS0
[    0.000000] KERNEL supported cpus:
[    0.000000]   Intel GenuineIntel
[    0.000000]   AMD AuthenticAMD
[    0.000000]   Centaur CentaurHauls
[    0.000000] ------------[ cut here ]------------
[    0.000000] WARNING: CPU: 0 PID: 0 at /build/linux-HSAA8v/linux-4.4.0/arch/x86/kernel/fpu/xstate.c:517 fpu__init_system_xstate+0x38b/0x75a()
[    0.000000] XSAVE consistency problem, dumping leaves
[    0.000000] Modules linked in:
[    0.000000] CPU: 0 PID: 0 Comm: swapper Not tainted 4.4.0-112-generic #135-Ubuntu
[    0.000000]  0000000000000086 ab36689ebc3db71d ffffffff81e03d80 ffffffff813fc233
[    0.000000]  ffffffff81e03dc8 ffffffff81cab100 ffffffff81e03db8 ffffffff81081f82
[    0.000000]  ffffffff81e03e48 ffffffff81e03e4c 0000000000000008 0000000000000100
[    0.000000] Call Trace:
[    0.000000]  [<ffffffff813fc233>] dump_stack+0x63/0x90
[    0.000000]  [<ffffffff81081f82>] warn_slowpath_common+0x82/0xc0
[    0.000000]  [<ffffffff8108201c>] warn_slowpath_fmt+0x5c/0x80
[    0.000000]  [<ffffffff8107dc20>] ? xfeature_size+0x59/0x77
[    0.000000]  [<ffffffff81f72275>] fpu__init_system_xstate+0x38b/0x75a
[    0.000000]  [<ffffffff81f62120>] ? early_idt_handler_array+0x120/0x120
[    0.000000]  [<ffffffff81f71be0>] fpu__init_system+0x10d/0x245
[    0.000000]  [<ffffffff81f72ce9>] early_cpu_init+0x139/0x13e
[    0.000000]  [<ffffffff81f72ce9>] ? early_cpu_init+0x139/0x13e
[    0.000000]  [<ffffffff81f6e19b>] setup_arch+0xb4/0xcfb
[    0.000000]  [<ffffffff81f62120>] ? early_idt_handler_array+0x120/0x120
[    0.000000]  [<ffffffff81f62c74>] start_kernel+0xe4/0x4a7
[    0.000000]  [<ffffffff81f62120>] ? early_idt_handler_array+0x120/0x120
[    0.000000]  [<ffffffff81f62339>] x86_64_start_reservations+0x2a/0x2c
[    0.000000]  [<ffffffff81f62485>] x86_64_start_kernel+0x14a/0x16d
[    0.000000] ---[ end trace 4d5ff9f2f68c4233 ]---
[    0.000000] CPUID[0d, 00]: eax=00000007 ebx=00000440 ecx=00000440 edx=00000000
[    0.000000] CPUID[0d, 01]: eax=00000000 ebx=000003c0 ecx=00000000 edx=00000000
[    0.000000] CPUID[0d, 02]: eax=00000100 ebx=00000240 ecx=00000000 edx=00000000
[    0.000000] CPUID[0d, 03]: eax=00000000 ebx=00000000 ecx=00000000 edx=00000000
[    0.000000] CPUID[0d, 04]: eax=00000000 ebx=00000000 ecx=00000000 edx=00000000
[    0.000000] CPUID[0d, 05]: eax=00000000 ebx=00000000 ecx=00000000 edx=00000000
[    0.000000] CPUID[0d, 06]: eax=00000000 ebx=00000000 ecx=00000000 edx=00000000
[    0.000000] CPUID[0d, 07]: eax=00000000 ebx=00000000 ecx=00000000 edx=00000000
[    0.000000] CPUID[0d, 08]: eax=00000000 ebx=00000000 ecx=00000000 edx=00000000
[    0.000000] CPUID[0d, 09]: eax=00000000 ebx=00000000 ecx=00000000 edx=00000000
[    0.000000] CPUID[0d, 0a]: eax=00000000 ebx=00000000 ecx=00000000 edx=00000000
[    0.000000] CPUID[0d, 0b]: eax=00000000 ebx=00000000 ecx=00000000 edx=00000000
[    0.000000] CPUID[0d, 0c]: eax=00000000 ebx=00000000 ecx=00000000 edx=00000000
[    0.000000] CPUID[0d, 0d]: eax=00000000 ebx=00000000 ecx=00000000 edx=00000000
[    0.000000] CPUID[0d, 0e]: eax=00000000 ebx=00000000 ecx=00000000 edx=00000000
[    0.000000] CPUID[0d, 0f]: eax=00000000 ebx=00000000 ecx=00000000 edx=00000000
[    0.000000] CPUID[0d, 10]: eax=00000000 ebx=00000000 ecx=00000000 edx=00000000
[    0.000000] CPUID[0d, 11]: eax=00000000 ebx=00000000 ecx=00000000 edx=00000000
[    0.000000] x86/fpu: xstate_offset[2]:  576, xstate_sizes[2]:  256
[    0.000000] x86/fpu: Supporting XSAVE feature 0x01: 'x87 floating point registers'
[    0.000000] x86/fpu: Supporting XSAVE feature 0x02: 'SSE registers'
[    0.000000] x86/fpu: Supporting XSAVE feature 0x04: 'AVX registers'
[    0.000000] x86/fpu: Enabled xstate features 0x7, context size is 1088 bytes, using 'standard' format.
[    0.000000] x86/fpu: Using 'lazy' FPU context switches.
[    0.000000] e820: BIOS-provided physical RAM map:
[    0.000000] BIOS-e820: [mem 0x0000000000000000-0x000000000009fbff] usable
[    0.000000] BIOS-e820: [mem 0x000000000009fc00-0x000000000009ffff] reserved
[    0.000000] BIOS-e820: [mem 0x00000000000f0000-0x00000000000fffff] reserved
[    0.000000] BIOS-e820: [mem 0x0000000000100000-0x000000003ffeffff] usable
[    0.000000] BIOS-e820: [mem 0x000000003fff0000-0x000000003fffffff] ACPI data
[    0.000000] BIOS-e820: [mem 0x00000000fec00000-0x00000000fec00fff] reserved
[    0.000000] BIOS-e820: [mem 0x00000000fee00000-0x00000000fee00fff] reserved
[    0.000000] BIOS-e820: [mem 0x00000000fffc0000-0x00000000ffffffff] reserved
[    0.000000] NX (Execute Disable) protection: active
[    0.000000] SMBIOS 2.5 present.
[    0.000000] Hypervisor detected: KVM
[    0.000000] e820: last_pfn = 0x3fff0 max_arch_pfn = 0x400000000
[    0.000000] MTRR: Disabled
[    0.000000] x86/PAT: MTRRs disabled, skipping PAT initialization too.
[    0.000000] CPU MTRRs all blank - virtualized system.
[    0.000000] x86/PAT: Configuration [0-7]: WB  WT  UC- UC  WB  WT  UC- UC  
[    0.000000] found SMP MP-table at [mem 0x0009fff0-0x0009ffff] mapped at [ffff88000009fff0]
[    0.000000] Scanning 1 areas for low memory corruption
[    0.000000] RAMDISK: [mem 0x36232000-0x37110fff]
[    0.000000] ACPI: Early table checksum verification disabled
[    0.000000] ACPI: RSDP 0x00000000000E0000 000024 (v02 VBOX  )
[    0.000000] ACPI: XSDT 0x000000003FFF0030 00003C (v01 VBOX   VBOXXSDT 00000001 ASL  00000061)
[    0.000000] ACPI: FACP 0x000000003FFF00F0 0000F4 (v04 VBOX   VBOXFACP 00000001 ASL  00000061)
[    0.000000] ACPI: DSDT 0x000000003FFF0470 0021FF (v02 VBOX   VBOXBIOS 00000002 INTL 20160108)
[    0.000000] ACPI: FACS 0x000000003FFF0200 000040
[    0.000000] ACPI: FACS 0x000000003FFF0200 000040
[    0.000000] ACPI: APIC 0x000000003FFF0240 00005C (v02 VBOX   VBOXAPIC 00000001 ASL  00000061)
[    0.000000] ACPI: SSDT 0x000000003FFF02A0 0001CC (v01 VBOX   VBOXCPUT 00000002 INTL 20160108)
[    0.000000] No NUMA configuration found
[    0.000000] Faking a node at [mem 0x0000000000000000-0x000000003ffeffff]
[    0.000000] NODE_DATA(0) allocated [mem 0x3ffeb000-0x3ffeffff]
[    0.000000] kvm-clock: Using msrs 4b564d01 and 4b564d00
[    0.000000] kvm-clock: cpu 0, msr 0:3ffe3001, primary cpu clock
[    0.000000] kvm-clock: using sched offset of 3496136166 cycles
[    0.000000] clocksource: kvm-clock: mask: 0xffffffffffffffff max_cycles: 0x1cd42e4dffb, max_idle_ns: 881590591483 ns
[    0.000000] Zone ranges:
[    0.000000]   DMA      [mem 0x0000000000001000-0x0000000000ffffff]
[    0.000000]   DMA32    [mem 0x0000000001000000-0x000000003ffeffff]
[    0.000000]   Normal   empty
[    0.000000]   Device   empty
[    0.000000] Movable zone start for each node
[    0.000000] Early memory node ranges
[    0.000000]   node   0: [mem 0x0000000000001000-0x000000000009efff]
[    0.000000]   node   0: [mem 0x0000000000100000-0x000000003ffeffff]
[    0.000000] Initmem setup node 0 [mem 0x0000000000001000-0x000000003ffeffff]
[    0.000000] ACPI: PM-Timer IO Port: 0x4008
[    0.000000] IOAPIC[0]: apic_id 2, version 32, address 0xfec00000, GSI 0-23
[    0.000000] ACPI: INT_SRC_OVR (bus 0 bus_irq 0 global_irq 2 dfl dfl)
[    0.000000] ACPI: INT_SRC_OVR (bus 0 bus_irq 9 global_irq 9 high level)
[    0.000000] Using ACPI (MADT) for SMP configuration information
[    0.000000] smpboot: Allowing 2 CPUs, 0 hotplug CPUs
[    0.000000] PM: Registered nosave memory: [mem 0x00000000-0x00000fff]
[    0.000000] PM: Registered nosave memory: [mem 0x0009f000-0x0009ffff]
[    0.000000] PM: Registered nosave memory: [mem 0x000a0000-0x000effff]
[    0.000000] PM: Registered nosave memory: [mem 0x000f0000-0x000fffff]
[    0.000000] e820: [mem 0x40000000-0xfebfffff] available for PCI devices
[    0.000000] Booting paravirtualized kernel on KVM
[    0.000000] clocksource: refined-jiffies: mask: 0xffffffff max_cycles: 0xffffffff, max_idle_ns: 7645519600211568 ns
[    0.000000] setup_percpu: NR_CPUS:512 nr_cpumask_bits:512 nr_cpu_ids:2 nr_node_ids:1
[    0.000000] PERCPU: Embedded 34 pages/cpu @ffff88003fc00000 s99544 r8192 d31528 u1048576
[    0.000000] PV qspinlock hash table entries: 256 (order: 0, 4096 bytes)
[    0.000000] Built 1 zonelists in Node order, mobility grouping on.  Total pages: 257913
[    0.000000] Policy zone: DMA32
[    0.000000] Kernel command line: BOOT_IMAGE=/boot/vmlinuz-4.4.0-112-generic root=UUID=676eac73-81dc-4fbd-bdea-aebcbe447240 ro console=tty1 console=ttyS0
[    0.000000] PID hash table entries: 4096 (order: 3, 32768 bytes)
[    0.000000] Memory: 997304K/1048120K available (8499K kernel code, 1309K rwdata, 3988K rodata, 1508K init, 1316K bss, 50816K reserved, 0K cma-reserved)
[    0.000000] SLUB: HWalign=64, Order=0-3, MinObjects=0, CPUs=2, Nodes=1
[    0.000000] Kernel/User page tables isolation: enabled
[    0.000000] Hierarchical RCU implementation.
[    0.000000] 	Build-time adjustment of leaf fanout to 64.
[    0.000000] 	RCU restricting CPUs from NR_CPUS=512 to nr_cpu_ids=2.
[    0.000000] RCU: Adjusting geometry for rcu_fanout_leaf=64, nr_cpu_ids=2
[    0.000000] NR_IRQS:33024 nr_irqs:440 16
[    0.000000] Console: colour VGA+ 80x25
[    0.000000] console [tty1] enabled
[    0.000000] console [ttyS0] enabled
[    0.000000] tsc: Detected 2303.998 MHz processor
[    2.282370] Calibrating delay loop (skipped) preset value.. 4607.99 BogoMIPS (lpj=9215992)
[    2.284316] pid_max: default: 32768 minimum: 301
[    2.285381] ACPI: Core revision 20150930
[    2.287480] ACPI: 2 ACPI AML tables successfully acquired and loaded
[    2.290043] Security Framework initialized
[    2.290994] Yama: becoming mindful.
[    2.291868] AppArmor: AppArmor initialized
[    2.292916] Dentry cache hash table entries: 131072 (order: 8, 1048576 bytes)
[    2.295131] Inode-cache hash table entries: 65536 (order: 7, 524288 bytes)
[    2.299890] Mount-cache hash table entries: 2048 (order: 2, 16384 bytes)
[    2.301261] Mountpoint-cache hash table entries: 2048 (order: 2, 16384 bytes)
[    2.302902] Initializing cgroup subsys io
[    2.303857] Initializing cgroup subsys memory
[    2.304854] Initializing cgroup subsys devices
[    2.305882] Initializing cgroup subsys freezer
[    2.306891] Initializing cgroup subsys net_cls
[    2.307901] Initializing cgroup subsys perf_event
[    2.308950] Initializing cgroup subsys net_prio
[    2.309995] Initializing cgroup subsys hugetlb
[    2.311004] Initializing cgroup subsys pids
[    2.312069] CPU: Physical Processor ID: 0
[    2.313005] CPU: Processor Core ID: 0
[    2.313921] FEATURE SPEC_CTRL Not Present
[    2.316083] mce: CPU supports 0 MCE banks
[    2.317042] Last level iTLB entries: 4KB 64, 2MB 8, 4MB 8
[    2.318226] Last level dTLB entries: 4KB 64, 2MB 0, 4MB 0, 1GB 4
[    2.333078] Freeing SMP alternatives memory: 32K
[    2.349142] ftrace: allocating 32180 entries in 126 pages
[    2.403120] smpboot: APIC(0) Converting physical 0 to logical package 0
[    2.535382] smpboot: Max logical packages: 1
[    2.641918] x2apic enabled
[    2.642927] Switched APIC routing to physical x2apic.
[    2.645353] ..TIMER: vector=0x30 apic1=0 pin1=2 apic2=-1 pin2=-1
[    2.756924] APIC calibration not consistent with PM-Timer: 104ms instead of 100ms
[    2.795638] APIC delta adjusted to PM-Timer: 6249984 (6500121)
[    2.796952] smpboot: CPU0: Intel(R) Core(TM) i3-6100U CPU @ 2.30GHz (family: 0x6, model: 0x4e, stepping: 0x3)
[    2.799281] Performance Events: unsupported p6 CPU model 78 no PMU driver, software events only.
[    2.801378] KVM setup paravirtual spinlock
[    2.803338] x86: Booting SMP configuration:
[    2.809630] .... node  #0, CPUs:      #1
[    2.810555] kvm-clock: cpu 1, msr 0:3ffe3041, secondary cpu clock
[    2.818524] mce: CPU supports 0 MCE banks
[    2.829714] x86: Booted up 1 node, 2 CPUs
[    2.830908] smpboot: Total of 2 processors activated (9215.99 BogoMIPS)
[    2.832713] devtmpfs: initialized
[    2.835199] evm: security.selinux
[    2.836060] evm: security.SMACK64
[    2.836889] evm: security.SMACK64EXEC
[    2.837793] evm: security.SMACK64TRANSMUTE
[    2.882287] evm: security.SMACK64MMAP
[    2.899490] evm: security.ima
[    2.900264] evm: security.capability
[    2.901378] clocksource: jiffies: mask: 0xffffffff max_cycles: 0xffffffff, max_idle_ns: 7645041785100000 ns
[    2.945424] futex hash table entries: 512 (order: 3, 32768 bytes)
[    2.958451] pinctrl core: initialized pinctrl subsystem
[    2.959599] RTC time: 16:44:29, date: 02/12/18
[    2.960658] NET: Registered protocol family 16
[    2.973284] cpuidle: using governor ladder
[    3.025049] cpuidle: using governor menu
[    3.031304] PCCT header not found.
[    3.032236] ACPI: bus type PCI registered
[    3.033194] acpiphp: ACPI Hot Plug PCI Controller Driver version: 0.5
[    3.034657] PCI: Using configuration type 1 for base access
[    3.066246] ACPI: Added _OSI(Module Device)
[    3.097596] ACPI: Added _OSI(Processor Device)
[    3.110278] ACPI: Added _OSI(3.0 _SCP Extensions)
[    3.159095] ACPI: Added _OSI(Processor Aggregator Device)
[    3.192291] ACPI: Executed 1 blocks of module-level executable AML code
[    3.202654] ACPI: Interpreter enabled
[    3.250185] ACPI: (supports S0 S5)
[    3.265604] ACPI: Using IOAPIC for interrupt routing
[    3.267178] PCI: Using host bridge windows from ACPI; if necessary, use "pci=nocrs" and report a bug
[    3.325638] ACPI: PCI Root Bridge [PCI0] (domain 0000 [bus 00-ff])
[    3.451406] acpi PNP0A03:00: _OSC: OS supports [ASPM ClockPM Segments MSI]
[    3.452829] acpi PNP0A03:00: _OSC: not requesting OS control; OS requires [ExtendedConfig ASPM ClockPM MSI]
[    3.454951] acpi PNP0A03:00: fail to add MMCONFIG information, can't access extended PCI configuration space under this bridge.
[    3.542469] PCI host bridge to bus 0000:00
[    3.551266] pci_bus 0000:00: root bus resource [io  0x0000-0x0cf7 window]
[    3.552659] pci_bus 0000:00: root bus resource [io  0x0d00-0xffff window]
[    3.554046] pci_bus 0000:00: root bus resource [mem 0x000a0000-0x000bffff window]
[    3.564187] pci_bus 0000:00: root bus resource [mem 0x40000000-0xffdfffff window]
[    3.591666] pci_bus 0000:00: root bus resource [bus 00-ff]
[    3.594479] pci 0000:00:01.1: legacy IDE quirk: reg 0x10: [io  0x01f0-0x01f7]
[    3.627034] pci 0000:00:01.1: legacy IDE quirk: reg 0x14: [io  0x03f6]
[    3.628389] pci 0000:00:01.1: legacy IDE quirk: reg 0x18: [io  0x0170-0x0177]
[    3.635014] pci 0000:00:01.1: legacy IDE quirk: reg 0x1c: [io  0x0376]
[    3.700240] pci 0000:00:07.0: quirk: [io  0x4000-0x403f] claimed by PIIX4 ACPI
[    3.706647] pci 0000:00:07.0: quirk: [io  0x4100-0x410f] claimed by PIIX4 SMB
[    3.745884] ACPI: PCI Interrupt Link [LNKA] (IRQs 5 9 10 *11)
[    3.754747] ACPI: PCI Interrupt Link [LNKB] (IRQs 5 9 10 *11)
[    3.783077] ACPI: PCI Interrupt Link [LNKC] (IRQs 5 9 *10 11)
[    3.795252] ACPI: PCI Interrupt Link [LNKD] (IRQs 5 *9 10 11)
[    3.804026] ACPI: Enabled 2 GPEs in block 00 to 07
[    3.836541] vgaarb: setting as boot device: PCI:0000:00:02.0
[    3.838033] vgaarb: device added: PCI:0000:00:02.0,decodes=io+mem,owns=io+mem,locks=none
[    3.840361] vgaarb: loaded
[    3.858418] vgaarb: bridge control possible 0000:00:02.0
[    3.868948] SCSI subsystem initialized
[    3.910015] ACPI: bus type USB registered
[    3.921903] usbcore: registered new interface driver usbfs
[    3.973684] usbcore: registered new interface driver hub
[    3.993991] usbcore: registered new device driver usb
[    4.020873] PCI: Using ACPI for IRQ routing
[    4.023247] NetLabel: Initializing
[    4.043034] NetLabel:  domain hash size = 128
[    4.066554] NetLabel:  protocols = UNLABELED CIPSOv4
[    4.067675] NetLabel:  unlabeled traffic allowed by default
[    4.075181] amd_nb: Cannot enumerate AMD northbridges
[    4.090227] clocksource: Switched to clocksource kvm-clock
[    4.098782] AppArmor: AppArmor Filesystem Enabled
[    4.105284] pnp: PnP ACPI init
[    4.131222] pnp: PnP ACPI: found 3 devices
[    4.144946] clocksource: acpi_pm: mask: 0xffffff max_cycles: 0xffffff, max_idle_ns: 2085701024 ns
[    4.346094] NET: Registered protocol family 2
[    4.380486] TCP established hash table entries: 8192 (order: 4, 65536 bytes)
[    4.515532] TCP bind hash table entries: 8192 (order: 5, 131072 bytes)
[    4.681039] TCP: Hash tables configured (established 8192 bind 8192)
[    4.871787] UDP hash table entries: 512 (order: 2, 16384 bytes)
[    5.045383] UDP-Lite hash table entries: 512 (order: 2, 16384 bytes)
[    5.151491] NET: Registered protocol family 1
[    5.152508] pci 0000:00:00.0: Limiting direct PCI/PCI transfers
[    5.153774] pci 0000:00:01.0: Activating ISA DMA hang workarounds
[    5.155221] Unpacking initramfs...
[    5.493141] Freeing initrd memory: 15228K
[    5.529601] platform rtc_cmos: registered platform RTC device (no PNP device found)
[    5.531421] Scanning for low memory corruption every 60 seconds
[    5.533048] audit: initializing netlink subsys (disabled)
[    5.551303] audit: type=2000 audit(1518453873.437:1): initialized
[    5.557721] Initialise system trusted keyring
[    5.569805] HugeTLB registered 2 MB page size, pre-allocated 0 pages
[    5.572719] zbud: loaded
[    5.574426] VFS: Disk quotas dquot_6.6.0
[    5.575732] VFS: Dquot-cache hash table entries: 512 (order 0, 4096 bytes)
[    5.577426] squashfs: version 4.0 (2009/01/31) Phillip Lougher
[    5.579024] fuse init (API version 7.23)
[    5.601112] Key type big_key registered
[    5.639176] Allocating IMA MOK and blacklist keyrings.
[    5.641095] Key type asymmetric registered
[    5.641957] Asymmetric key parser 'x509' registered
[    5.644179] Block layer SCSI generic (bsg) driver version 0.4 loaded (major 249)
[    5.645800] io scheduler noop registered
[    5.646639] io scheduler deadline registered (default)
[    5.647698] io scheduler cfq registered
[    5.648655] pci_hotplug: PCI Hot Plug PCI Core version: 0.5
[    5.649728] pciehp: PCI Express Hot Plug Controller Driver version: 0.4
[    5.651084] ACPI: AC Adapter [AC] (on-line)
[    5.657981] input: Power Button as /devices/LNXSYSTM:00/LNXPWRBN:00/input/input0
[    5.659757] ACPI: Power Button [PWRF]
[    5.660705] input: Sleep Button as /devices/LNXSYSTM:00/LNXSLPBN:00/input/input1
[    5.662404] ACPI: Sleep Button [SLPF]
[    5.664222] ACPI: Battery Slot [BAT0] (battery present)
[    5.669520] GHES: HEST is not enabled!
[    5.670511] Serial: 8250/16550 driver, 32 ports, IRQ sharing enabled
[    5.694119] 00:02: ttyS0 at I/O 0x3f8 (irq = 4, base_baud = 115200) is a 16550A
[    5.785117] Linux agpgart interface v0.103
[    5.787762] loop: module loaded
[    5.979834] scsi host0: ata_piix
[    6.009590] scsi host1: ata_piix
[    6.089097] ata1: PATA max UDMA/33 cmd 0x1f0 ctl 0x3f6 bmdma 0xd000 irq 14
[    6.090338] ata2: PATA max UDMA/33 cmd 0x170 ctl 0x376 bmdma 0xd008 irq 15
[    6.100829] libphy: Fixed MDIO Bus: probed
[    6.104064] tun: Universal TUN/TAP device driver, 1.6
[    6.105175] tun: (C) 1999-2004 Max Krasnyansky <maxk@qualcomm.com>
[    6.106528] PPP generic driver version 2.4.2
[    6.109616] ehci_hcd: USB 2.0 'Enhanced' Host Controller (EHCI) Driver
[    6.110989] ehci-pci: EHCI PCI platform driver
[    6.112027] ehci-platform: EHCI generic platform driver
[    6.113181] ohci_hcd: USB 1.1 'Open' Host Controller (OHCI) Driver
[    6.114485] ohci-pci: OHCI PCI platform driver
[    6.115551] ohci-platform: OHCI generic platform driver
[    6.116703] uhci_hcd: USB Universal Host Controller Interface driver
[    6.118104] i8042: PNP: PS/2 Controller [PNP0303:PS2K,PNP0f03:PS2M] at 0x60,0x64 irq 1,12
[    6.120568] serio: i8042 KBD port at 0x60,0x64 irq 1
[    6.125047] serio: i8042 AUX port at 0x60,0x64 irq 12
[    6.126293] mousedev: PS/2 mouse device common for all mice
[    6.131912] rtc_cmos rtc_cmos: rtc core: registered rtc_cmos as rtc0
[    6.152074] rtc_cmos rtc_cmos: alarms up to one day, 114 bytes nvram
[    6.153488] i2c /dev entries driver
[    6.154421] input: AT Translated Set 2 keyboard as /devices/platform/i8042/serio0/input/input2
[    6.156515] device-mapper: uevent: version 1.0.3
[    6.253920] device-mapper: ioctl: 4.34.0-ioctl (2015-10-28) initialised: dm-devel@redhat.com
[    6.330110] ledtrig-cpu: registered to indicate activity on CPUs
[    6.333047] NET: Registered protocol family 10
[    6.336727] NET: Registered protocol family 17
[    6.339133] Key type dns_resolver registered
[    6.349523] microcode: CPU0 sig=0x406e3, pf=0x2, revision=0x0
[    6.350629] microcode: CPU1 sig=0x406e3, pf=0x2, revision=0x0
[    6.351877] microcode: Microcode Update Driver: v2.01 <tigran@aivazian.fsnet.co.uk>, Peter Oruba
[    6.365532] registered taskstats version 1
[    6.439335] Loading compiled-in X.509 certificates
[    6.446123] Loaded X.509 cert 'Build time autogenerated kernel key: 4c603087bab8f0a02cb3b4e1fb4c40f507e71ef1'
[    6.449446] zswap: loaded using pool lzo/zbud
[    6.453096] Key type trusted registered
[    6.461159] Key type encrypted registered
[    6.479537] AppArmor: AppArmor sha1 policy hashing enabled
[    6.480731] ima: No TPM chip found, activating TPM-bypass!
[    6.481927] evm: HMAC attrs: 0x1
[    6.483174]   Magic number: 6:258:742
[    6.559154] tsc: Refined TSC clocksource calibration: 2308.182 MHz
[    6.889155] clocksource: tsc: mask: 0xffffffffffffffff max_cycles: 0x2145663c176, max_idle_ns: 440795245096 ns
[    6.932246] rtc_cmos rtc_cmos: setting system clock to 2018-02-12 16:44:33 UTC (1518453873)
[    6.932383] BIOS EDD facility v0.16 2004-Jun-25, 0 devices found
[    6.932383] EDD information not available.
[    6.994518] Freeing unused kernel memory: 1508K
[    7.101298] Write protecting the kernel read-only data: 14336k
[    7.151881] Freeing unused kernel memory: 1728K
[    7.168754] Freeing unused kernel memory: 108K
Loading, please wait...
[    7.188603] random: systemd-udevd: uninitialized urandom read (16 bytes read, 5 bits of entropy available)
starting version 229
[    7.189530] random: udevadm: uninitialized urandom read (16 bytes read, 5 bits of entropy available)
[    7.189567] random: udevadm: uninitialized urandom read (16 bytes read, 5 bits of entropy available)
[    7.206139] random: udevadm: uninitialized urandom read (16 bytes read, 5 bits of entropy available)
[    7.206215] random: udevadm: uninitialized urandom read (16 bytes read, 5 bits of entropy available)
[    7.206494] random: udevadm: uninitialized urandom read (16 bytes read, 5 bits of entropy available)
[    7.206601] random: udevadm: uninitialized urandom read (16 bytes read, 5 bits of entropy available)
[    7.206703] random: udevadm: uninitialized urandom read (16 bytes read, 5 bits of entropy available)
[    7.206811] random: udevadm: uninitialized urandom read (16 bytes read, 5 bits of entropy available)
[    7.206912] random: udevadm: uninitialized urandom read (16 bytes read, 5 bits of entropy available)
[    7.577469] e1000: Intel(R) PRO/1000 Network Driver - version 7.3.21-k8-NAPI
[    7.618373] e1000: Copyright (c) 1999-2006 Intel Corporation.
[    7.763770] Fusion MPT base driver 3.04.20
[    7.786859] Copyright (c) 1999-2008 LSI Corporation
[    7.807802] Fusion MPT SPI Host driver 3.04.20
[    7.808153] AVX version of gcm_enc/dec engaged.
[    7.808154] AES CTR mode by8 optimization enabled
[    7.989442] input: ImExPS/2 Generic Explorer Mouse as /devices/platform/i8042/serio1/input/input4
[    8.148879] e1000 0000:00:03.0 eth0: (PCI:33MHz:32-bit) 02:38:07:4c:82:85
[    8.180106] e1000 0000:00:03.0 eth0: Intel(R) PRO/1000 Network Connection
[    8.570702] e1000 0000:00:08.0 eth1: (PCI:33MHz:32-bit) 08:00:27:af:9b:76
[    8.620022] e1000 0000:00:08.0 eth1: Intel(R) PRO/1000 Network Connection
[    8.623207] e1000 0000:00:03.0 enp0s3: renamed from eth0
[    8.739593] mptbase: ioc0: Initiating bringup
[    8.750654] e1000 0000:00:08.0 enp0s8: renamed from eth1
[    8.846598] ioc0: LSI53C1030 A0: Capabilities={Initiator}
[    9.044212] scsi host2: ioc0: LSI53C1030 A0, FwRev=00000000h, Ports=1, MaxQ=256, IRQ=20
[    9.284556] scsi 2:0:0:0: Direct-Access     VBOX     HARDDISK         1.0  PQ: 0 ANSI: 5
[    9.441037] scsi target2:0:0: Beginning Domain Validation
[    9.443013] scsi target2:0:0: Domain Validation skipping write tests
[    9.467390] scsi target2:0:0: Ending Domain Validation
[    9.468616] scsi target2:0:0: asynchronous
[    9.470014] scsi 2:0:1:0: Direct-Access     VBOX     HARDDISK         1.0  PQ: 0 ANSI: 5
[    9.472990] scsi target2:0:1: Beginning Domain Validation
[    9.474925] scsi target2:0:1: Domain Validation skipping write tests
[    9.476255] scsi target2:0:1: Ending Domain Validation
[    9.477417] scsi target2:0:1: asynchronous
[    9.483169] sd 2:0:0:0: Attached scsi generic sg0 type 0
[    9.487507] sd 2:0:0:0: [sda] 20971520 512-byte logical blocks: (10.7 GB/10.0 GiB)
[    9.490528] sd 2:0:1:0: Attached scsi generic sg1 type 0
[    9.491956] sd 2:0:0:0: [sda] Write Protect is off
[    9.491999] sd 2:0:1:0: [sdb] 20480 512-byte logical blocks: (10.5 MB/10.0 MiB)
[    9.495056] sd 2:0:1:0: [sdb] Write Protect is off
[    9.495065] sd 2:0:0:0: [sda] Incomplete mode parameter data
[    9.495066] sd 2:0:0:0: [sda] Assuming drive cache: write through
[    9.498573] sd 2:0:1:0: [sdb] Incomplete mode parameter data
[    9.503090]  sda: sda1
[    9.530502] sd 2:0:1:0: [sdb] Assuming drive cache: write through
[    9.531350] sd 2:0:0:0: [sda] Attached SCSI disk
[    9.563384] sd 2:0:1:0: [sdb] Attached SCSI disk
[   10.824786] floppy0: no floppy controllers found
Begin: Loading essential drivers[   12.391342] md: linear personality registered for level -1
 ... [   12.424909] md: multipath personality registered for level -4
[   12.469708] md: raid0 personality registered for level 0
[   12.489664] md: raid1 personality registered for level 1
[   12.575027] raid6: sse2x1   gen()  6066 MB/s
[   12.644020] raid6: sse2x1   xor()  3845 MB/s
[   12.731070] raid6: sse2x2   gen()  7801 MB/s
[   12.807287] raid6: sse2x2   xor()  5046 MB/s
[   12.874557] raid6: sse2x4   gen()  7866 MB/s
[   12.959352] raid6: sse2x4   xor()  6416 MB/s
[   12.985890] raid6: using algorithm sse2x4 gen() 7866 MB/s
[   12.988245] raid6: .... xor() 6416 MB/s, rmw enabled
[   12.990581] raid6: using ssse3x2 recovery algorithm
[   12.997188] xor: automatically using best checksumming function:
[   13.042508]    avx       : 21201.000 MB/sec
[   13.078198] async_tx: api initialized (async)
[   13.090366] md: raid6 personality registered for level 6
[   13.097245] md: raid5 personality registered for level 5
[   13.134570] md: raid4 personality registered for level 4
[   13.211673] md: raid10 personality registered for level 10
done.
Begin: Running /scripts/init-premount ... done.
Begin: Mounting root file system ... Begin: Running /scripts/local-top ... done.
Begin: Running /scripts/local-premount ... [   13.256958] Btrfs loaded
Scanning for Btrfs filesystems
done.
Warning: fsck no[   13.325309] EXT4-fs (sda1): mounted filesystem with ordered data mode. Opts: (null)
t present, so skipping root file system
done.
Begin: Running /scripts/local-bottom ... done.
Begin: Running /scripts/init-bottom ... done.
[   13.582043] systemd[1]: systemd 229 running in system mode. (+PAM +AUDIT +SELINUX +IMA +APPARMOR +SMACK +SYSVINIT +UTMP +LIBCRYPTSETUP +GCRYPT +GNUTLS +ACL +XZ -LZ4 +SECCOMP +BLKID +ELFUTILS +KMOD -IDN)
[   13.609607] systemd[1]: Detected virtualization oracle.
[   13.630778] systemd[1]: Detected architecture x86-64.

Welcome to [1mUbuntu 16.04.3 LTS[0m!

[   13.703054] systemd[1]: Set hostname to <phpup>.
[   13.936493] systemd[1]: Listening on LVM2 metadata daemon socket.
[[0;32m  OK  [0m] Listening on LVM2 metadata daemon socket.
[   14.032449] systemd[1]: Listening on Syslog Socket.
[[0;32m  OK  [0m] Listening on Syslog Socket.
[   14.039442] systemd[1]: Listening on Device-mapper event daemon FIFOs.
[[0;32m  OK  [0m] Listening on Device-mapper event daemon FIFOs.
[   14.047645] systemd[1]: Listening on udev Kernel Socket.
[[0;32m  OK  [0m] Listening on udev Kernel Socket.
[   14.051032] systemd[1]: Listening on udev Control Socket.
[[0;32m  OK  [0m] Listening on udev Control Socket.
[   14.053339] systemd[1]: Started Forward Password Requests to Wall Directory Watch.
[[0;32m  OK  [0m] Started Forward Password Requests to Wall Directory Watch.
[   14.056463] systemd[1]: Reached target Swap.
[[0;32m  OK  [0m] Reached target Swap.
[   14.058455] systemd[1]: Listening on Journal Audit Socket.
[[0;32m  OK  [0m] Listening on Journal Audit Socket.
[   14.072921] systemd[1]: Reached target Encrypted Volumes.
[[0;32m  OK  [0m] Reached target Encrypted Volumes.
[   14.082498] systemd[1]: Reached target User and Group Name Lookups.
[[0;32m  OK  [0m] Reached target User and Group Name Lookups.
[   14.149895] systemd[1]: Created slice System Slice.
[[0;32m  OK  [0m] Created slice System Slice.
[   14.185394] systemd[1]: Created slice system-serial\x2dgetty.slice.
[[0;32m  OK  [0m] Created slice system-serial\x2dgetty.slice.
[   14.228541] systemd[1]: Started Trigger resolvconf update for networkd DNS.
[[0;32m  OK  [0m] Started Trigger resolvconf update for networkd DNS.
[   14.318699] systemd[1]: Listening on /dev/initctl Compatibility Named Pipe.
[[0;32m  OK  [0m] Listening on /dev/initctl Compatibility Named Pipe.
[   14.352033] systemd[1]: Listening on Journal Socket.
[[0;32m  OK  [0m] Listening on Journal Socket.
[   14.366543] systemd[1]: Starting Monitoring of LVM2 mirrors, snapshots etc. using dmeventd or progress polling...
         Starting Monitoring of LVM2 mirrors... dmeventd or progress polling...
[   14.454561] systemd[1]: Starting Create list of required static device nodes for the current kernel...
[   14.455658] random: nonblocking pool is initialized
         Starting Create list of required st... nodes for the current kernel...
[   14.484648] systemd[1]: Starting Nameserver information manager...
         Starting Nameserver information manager...
[   14.502938] systemd[1]: Starting Load Kernel Modules...
[   14.523392] Loading iSCSI transport class v2.0-870.
         Starting Load Kernel Mo[   14.613164] iscsi: registered transport (tcp)
dules...
[   14.671400] systemd[1]: Starting Remount Root and Kernel File Systems...
         Starting Remount Root a[   14.702545] EXT4-fs (sda1): re-mounted. Opts: (null)
nd Kernel File S[   15.002964] iscsi: registered transport (iser)
ystems...
[   15.130725] systemd[1]: Starting Set console keymap...
         Starting Set console keymap...
[   15.206550] systemd[1]: Mounting Huge Pages File System...
         Mounting Huge Pages File System...
[   15.223613] systemd[1]: Starting Uncomplicated firewall...
         Starting Uncomplicated firewall...
[   15.233181] systemd[1]: Set up automount Arbitrary Executable File Formats File System Automount Point.
[[0;32m  OK  [0m] Set up automount Arbitrary Executab...ats File System Automount Point.
[   15.347777] systemd[1]: Listening on Journal Socket (/dev/log).
[[0;32m  OK  [0m] Listening on Journal Socket (/dev/log).
[   15.494635] systemd[1]: Starting Journal Service...
         Starting Journal Service...
[   15.558498] systemd[1]: Mounting Debug File System...
         Mounting Debug File System...
[   15.619025] systemd[1]: Created slice User and Session Slice.
[[0;32m  OK  [0m] Created slice User and Session Slice.
[   15.662581] systemd[1]: Reached target Slices.
[[0;32m  OK  [0m] Reached target Slices.
[   15.690689] systemd[1]: Listening on LVM2 poll daemon socket.
[[0;32m  OK  [0m] Listening on LVM2 poll daemon socket.
[   15.714551] systemd[1]: Mounting POSIX Message Queue File System...
         Mounting POSIX Message Queue File System...
[   15.734832] systemd[1]: Mounted POSIX Message Queue File System.
[[0;32m  OK  [0m] Mounted POSIX Message Queue File System.
[   15.766515] systemd[1]: Mounted Huge Pages File System.
[[0;32m  OK  [0m] Mounted Huge Pages File System.
[   15.774620] systemd[1]: Mounted Debug File System.
[[0;32m  OK  [0m] Mounted Debug File System.
[   15.810990] systemd[1]: Started Journal Service.
[[0;32m  OK  [0m] Started Journal Service.
[[0;32m  OK  [0m] Started Create list of required sta...ce nodes for the current kernel.
[[0;32m  OK  [0m] Started Load Kernel Modules.
[[0;32m  OK  [0m] Started Remount Root and Kernel File Systems.
[[0;32m  OK  [0m] Started Set console keymap.
[[0;32m  OK  [0m] Started Uncomplicated firewall.
[[0;32m  OK  [0m] Started Nameserver information manager.
[[0;32m  OK  [0m] Started LVM2 metadata daemon.
         Starting Initial cloud-init job (pre-networking)...
         Starting Load/Save Random Seed...
         Starting udev Coldplug all Devices...
         Starting Apply Kernel Variables...
         Mounting FUSE Control File System...
         Starting Create Static Device Nodes in /dev...
         Starting Flush Journal to Persistent Storage...
[[0;32m  OK  [0m] Mounted FUSE Control File System.
[[0;32m  OK  [0m] Started Load/Save Random Seed.
[[0;32m  OK  [0m] Started Apply Kernel Variables.
[[0;32m  OK  [0m] Started Create Static Device Nodes in /dev.
[[0;32m  OK  [0m] Started Monitoring of LVM2 mirrors,...ng dmeventd or progress polling.
[[0;32m  OK  [0m] Started udev Coldplug all Devices.
[[0;32m  OK  [0m] Started Flush Journal to Persistent Storage.
         Starting udev Kernel Device Manager...
[[0;32m  OK  [0m] Started udev Kernel Device Manager.
[[0;32m  OK  [0m] Started Dispatch Password Requests to Console Directory Watch.
[[0;32m  OK  [0m] Reached target Local File Systems (Pre).
[[0;32m  OK  [0m] Reached target Local File Systems.
         Starting Create Volatile Files and Directories...
         Starting Tell Plymouth To Write Out Runtime Data...
         Starting Set console font and keymap...
         Starting LSB: AppArmor initialization...
[[0;32m  OK  [0m] Started Create Volatile Files and Directories.
[[0;32m  OK  [0m] Started Tell Plymouth To Write Out Runtime Data.
         Starting Update UTMP about System Boot/Shutdown...
[[0;32m  OK  [0m] Reached target System Time Synchronized.
[[0;32m  OK  [0m] Started Update UTMP about System Boot/Shutdown.
[[0;32m  OK  [0m] Found device /dev/ttyS0.
[[0;32m  OK  [0m] Started LSB: AppArmor initialization.
[[0;32m  OK  [0m] Started Set console font and keymap.
[[0;32m  OK  [0m] Found device 82540EM Gigabit Ethern...r (PRO/1000 MT Desktop Adapter).
[   14.442596] cloud-init[445]: Cloud-init v. 17.1 running 'init-local' at Mon, 12 Feb 2018 16:44:44 +0000. Up 13.93 seconds.
[[0;32m  OK  [0m] Listening on Load/Save RF Kill Switch Status /dev/rfkill Watch.
[[0;32m  OK  [0m] Created slice system-getty.slice.
[[0;32m  OK  [0m] Started Initial cloud-init job (pre-networking).
[[0;32m  OK  [0m] Reached target Network (Pre).
[[0;32m  OK  [0m] Started ifup for enp0s8.
         Starting Raise network interfaces...
[[0;32m  OK  [0m] Started ifup for enp0s3.
[[0;32m  OK  [0m] Started Raise network interfaces.
[[0;32m  OK  [0m] Reached target Network.
         Starting Initial cloud-init job (metadata service crawler)...
[   17.313630] cloud-init[1059]: Cloud-init v. 17.1 running 'init' at Mon, 12 Feb 2018 16:44:47 +0000. Up 16.88 seconds.
[   17.374876] cloud-init[1059]: ci-info: ++++++++++++++++++++++++++++++++++++++Net device info++++++++++++++++++++++++++++++++++++++
[[0;32m  OK  [0m] Started Initial cloud-init job (metadata service crawler).
[   17.375195] cloud-init[1059]: ci-info: +--------+------+-----------------------------+---------------+-------+-------------------+
[   17.395570] cloud-init[1059]: ci-info: | Device |  Up  |           Address           |      Mask     | Scope |     Hw-Address    |
[   17.395823] cloud-init[1059]: ci-info: +--------+------+-----------------------------+---------------+-------+-------------------+
[[0;32m  OK  [0m] Reached target System Initialization.
[   17.395987] cloud-init[1059]: ci-info: | enp0s3 | True |          10.0.2.15          | 255.255.255.0 |   .   | 02:38:07:4c:82:85 |
[   17.403654] cloud-init[1059]: ci-info: | enp0s3 | True |  fe80::38:7ff:fe4c:8285/64  |       .       |  link | 02:38:07:4c:82:85 |
[   17.428405] cloud-init[1059]: ci-info: | enp0s8 | True |        192.168.56.121       | 255.255.255.0 |   .   | 08:00:27:af:9b:76 |
[   17.428783] cloud-init[1059]: ci-info: | enp0s8 | True | fe80::a00:27ff:feaf:9b76/64 |       .       |  link | 08:00:27:af:9b:76 |
[[0;32m  OK  [0m] Started ACPI Events Check.
[[   17.428925] cloud-init[1059]: ci-info: |   lo   | True |          127.0.0.1          |   255.0.0.0   |   .   |         .         |
[   17.477853] cloud-init[1059]: ci-info: |   lo   | True |           ::1/128           |       .       |  host |         .         |
[   17.478119] cloud-init[1059]: ci-info: +--------+------+-----------------------------+---------------+-------+-------------------+
[   17.478286] cloud-init[1059]: ci-info: ++++++++++++++++++++++++++++Route IPv4 info++++++++++++++++++++++++++++
[   17.478634] cloud-init[1059]: ci-info: +-------+--------------+----------+---------------+-----------+-------+
[   17.478804] cloud-init[1059]: ci-info: | Route | Destination  | Gateway  |    Genmask    | Interface | Flags |
[   17.478971] cloud-init[1059]: ci-info: +-------+--------------+----------+---------------+-----------+-------+
[   17.479148] cloud-init[1059]: ci-info: |   0   |   0.0.0.0    | 10.0.2.2 |    0.0.0.0    |   enp0s3  |   UG  |
[   17.479309] cloud-init[1059]: ci-info: |   1   |   10.0.2.0   | 0.0.0.0  | 255.255.255.0 |   enp0s3  |   U   |
[   17.479477] cloud-init[1059]: ci-info: |   2   | 192.168.56.0 | 0.0.0.0  | 255.255.255.0 |   enp0s8  |   U   |
[   17.479647] cloud-init[1059]: ci-info: +-------+--------------+----------+---------------+-----------+-------+
[0;32m  OK  [0m] Reached target Paths.
[[0;32m  OK  [0m] Started Daily Cleanup of Temporary Directories.
         Starting LXD - unix socket.
         Starting Socket activation for snappy daemon.
[[0;32m  OK  [0m] Started Clean PHP session files every 30 mins.
[[0;32m  OK  [0m] Listening on D-Bus System Message Bus Socket.
[[0;32m  OK  [0m] Started Timer to automatically refresh installed snaps.
[[0;32m  OK  [0m] Listening on ACPID Listen Socket.
[[0;32m  OK  [0m] Listening on UUID daemon activation socket.
[[0;32m  OK  [0m] Reached target Cloud-config availability.
[[0;32m  OK  [0m] Reached target Network is Online.
         Starting iSCSI initiator daemon (iscsid)...
[[0;32m  OK  [0m] Started Daily apt download activities.
[[0;32m  OK  [0m] Started Daily apt upgrade and clean activities.
[[0;32m  OK  [0m] Reached target Timers.
[[0;32m  OK  [0m] Listening on LXD - unix socket.
[[0;32m  OK  [0m] Listening on Socket activation for snappy daemon.
[[0;32m  OK  [0m] Started iSCSI initiator daemon (iscsid).
         Starting Login to default iSCSI targets...
[[0;32m  OK  [0m] Reached target Sockets.
[[0;32m  OK  [0m] Reached target Basic System.
         Starting System Logging Service...
         Starting Login Service...
[[0;32m  OK  [0m] Started Unattended Upgrades Shutdown.
[[0;32m  OK  [0m] Started FUSE filesystem for LXC.
         Starting Accounts Service...
[[0;32m  OK  [0m] Started D-Bus System Message Bus.
         Starting LSB: MD monitoring daemon...
[[0;32m  OK  [0m] Started Regular background program processing daemon.
         Starting vboxadd-x11.service...
[[0;32m  OK  [0m] Started Deferred execution scheduler.
         Starting A high performance web server and a reverse proxy server...
         Starting Clean php session files...
[[0;32m  OK  [0m] Started ACPI event daemon.
         Starting /etc/rc.local Compatibility...
         Starting Apply the settings specified in cloud-config...
         Starting vboxadd.service...
         Starting OpenBSD Secure Shell server...
         Starting Snappy daemon...
         Starting LSB: Record successful boot for GRUB...
         Starting MySQL Community Server...
         Starting The PHP 7.0 FastCGI Process Manager...
         Starting LXD - container startup/shutdown...
[[0;32m  OK  [0m] Started System Logging Service.
[[0;32m  OK  [0m] Started OpenBSD Secure Shell server.
[[0;32m  OK  [0m] Started Snappy daemon.
[[0;32m  OK  [0m] Started vboxadd-x11.service.
[[0;32m  OK  [0m] Started /etc/rc.local Compatibility.
[[0;32m  OK  [0m] Started LXD - container startup/shutdown.
[[0;32m  OK  [0m] Started The PHP 7.0 FastCGI Process Manager.
[[0;32m  OK  [0m] Started A high performance web server and a reverse proxy server.
[[0;32m  OK  [0m] Started Login to default iSCSI targets.
[[0;32m  OK  [0m] Started LSB: MD monitoring daemon.
[[0;32m  OK  [0m] Started LSB: Record successful boot for GRUB.
[[0;32m  OK  [0m] Started Login Service.
         Starting Authenticate and Authorize Users to Run Privileged Tasks...
[[0;32m  OK  [0m] Reached target Remote File Systems (Pre).
[[0;32m  OK  [0m] Reached target Remote File Systems.
[   19.751909] cloud-init[1201]: Cloud-init v. 17.1 running 'modules:config' at Mon, 12 Feb 2018 16:44:49 +0000. Up 19.37 seconds.
         Starting Permit User Sessions...
         Starting LSB: daemon to balance interrupts for SMP systems...
         Starting LSB: automatic crash report generation...
         Starting LSB: Set the CPU Frequency Scaling governor to "ondemand"...
[[0;32m  OK  [0m] Started Clean php session files.
[[0;32m  OK  [0m] Started Apply the settings specified in cloud-config.
[[0;32m  OK  [0m] Started vboxadd.service.
[[0;32m  OK  [0m] Started Permit User Sessions.
[[0;32m  OK  [0m] Started MySQL Community Server.
[[0;32m  OK  [0m] Started Authenticate and Authorize Users to Run Privileged Tasks.
[[0;32m  OK  [0m] Started Accounts Service.
         Starting Terminate Plymouth Boot Screen...
         Starting Hold until boot process finishes up...
         Starting vboxadd-service.service...
[[0;32m  OK  [0m] Started LSB: daemon to balance interrupts for SMP systems.
[[0;32m  OK  [0m] Started LSB: automatic crash report generation.
[[0;32m  OK  [0m] Started LSB: Set the CPU Frequency Scaling governor to "ondemand".
[[0;32m  OK  [0m] Started Terminate Plymouth Boot Screen.
[[0;32m  OK  [0m] Started Hold until boot process finishes up.
         Starting Set console scheme...
[[0;32m  OK  [0m] Started Serial Getty on ttyS0.
[[0;32m  OK  [0m] Started Getty on tty1.
[[0;32m  OK  [0m] Reached target Login Prompts.
[[0;32m  OK  [0m] Started vboxadd-service.service.
[[0;32m  OK  [0m] Started Set console scheme.
[[0;32m  OK  [0m] Reached target Multi-User System.
[[0;32m  OK  [0m] Reached target Graphical Interface.
         Starting Update UTMP about System Runlevel Changes...
         Starting Execute cloud user/final scripts...
[[0;32m  OK  [0m] Started Update UTMP about System Runlevel Changes.
[   21.389560] cloud-init[1487]: Cloud-init v. 17.1 running 'modules:final' at Mon, 12 Feb 2018 16:44:51 +0000. Up 21.19 seconds.
[   21.436690] cloud-init[1487]: Cloud-init v. 17.1 finished at Mon, 12 Feb 2018 16:44:51 +0000. Datasource DataSourceNoCloud [seed=/dev/sdb][dsmode=net].  Up 21.38 seconds
[[0;32m  OK  [0m] Started Execute cloud user/final scripts.
[[0;32m  OK  [0m] Reached target Cloud-init target.

Ubuntu 16.04.3 LTS phpup ttyS0

phpup login: 