[    0.000000] Initializing cgroup subsys cpuset
[    0.000000] Initializing cgroup subsys cpu
[    0.000000] Initializing cgroup subsys cpuacct
[    0.000000] Linux version 4.4.0-116-generic (buildd@lgw01-amd64-021) (gcc version 5.4.0 20160609 (Ubuntu 5.4.0-6ubuntu1~16.04.9) ) #140-Ubuntu SMP Mon Feb 12 21:23:04 UTC 2018 (Ubuntu 4.4.0-116.140-generic 4.4.98)
[    0.000000] Command line: BOOT_IMAGE=/boot/vmlinuz-4.4.0-116-generic root=UUID=676eac73-81dc-4fbd-bdea-aebcbe447240 ro console=tty1 console=ttyS0
[    0.000000] KERNEL supported cpus:
[    0.000000]   Intel GenuineIntel
[    0.000000]   AMD AuthenticAMD
[    0.000000]   Centaur CentaurHauls
[    0.000000] ------------[ cut here ]------------
[    0.000000] WARNING: CPU: 0 PID: 0 at /build/linux-fQ94TU/linux-4.4.0/arch/x86/kernel/fpu/xstate.c:517 fpu__init_system_xstate+0x38b/0x75a()
[    0.000000] XSAVE consistency problem, dumping leaves
[    0.000000] Modules linked in:
[    0.000000] CPU: 0 PID: 0 Comm: swapper Not tainted 4.4.0-116-generic #140-Ubuntu
[    0.000000]  0000000000000086 c922985cda29e6db ffffffff81e03d80 ffffffff813ffc13
[    0.000000]  ffffffff81e03dc8 ffffffff81caba68 ffffffff81e03db8 ffffffff810830f2
[    0.000000]  ffffffff81e03e48 ffffffff81e03e4c 0000000000000008 0000000000000100
[    0.000000] Call Trace:
[    0.000000]  [<ffffffff813ffc13>] dump_stack+0x63/0x90
[    0.000000]  [<ffffffff810830f2>] warn_slowpath_common+0x82/0xc0
[    0.000000]  [<ffffffff8108318c>] warn_slowpath_fmt+0x5c/0x80
[    0.000000]  [<ffffffff8107ed36>] ? xfeature_size+0x59/0x77
[    0.000000]  [<ffffffff81f72338>] fpu__init_system_xstate+0x38b/0x75a
[    0.000000]  [<ffffffff81f62120>] ? early_idt_handler_array+0x120/0x120
[    0.000000]  [<ffffffff81f71ca3>] fpu__init_system+0x10d/0x245
[    0.000000]  [<ffffffff81f72df1>] early_cpu_init+0x178/0x17d
[    0.000000]  [<ffffffff81f72df1>] ? early_cpu_init+0x178/0x17d
[    0.000000]  [<ffffffff81f6e1fb>] setup_arch+0xb4/0xd2b
[    0.000000]  [<ffffffff81f62120>] ? early_idt_handler_array+0x120/0x120
[    0.000000]  [<ffffffff81f62c7d>] start_kernel+0xe4/0x4b0
[    0.000000]  [<ffffffff81f62120>] ? early_idt_handler_array+0x120/0x120
[    0.000000]  [<ffffffff81f62339>] x86_64_start_reservations+0x2a/0x2c
[    0.000000]  [<ffffffff81f62485>] x86_64_start_kernel+0x14a/0x16d
[    0.000000] ---[ end trace 4d5ff9f2f68c4233 ]---
[    0.000000] CPUID[0d, 00]: eax=00000007 ebx=00000440 ecx=00000440 edx=00000000
[    0.000000] CPUID[0d, 01]: eax=00000000 ebx=000003c0 ecx=00000000 edx=00000000
[    0.000000] CPUID[0d, 02]: eax=00000100 ebx=00000240 ecx=00000000 edx=00000000
[    0.000000] CPUID[0d, 03]: eax=00000000 ebx=00000000 ecx=00000000 edx=00000000
[    0.000000] CPUID[0d, 04]: eax=00000000 ebx=00000000 ecx=00000000 edx=00000000
[    0.000000] CPUID[0d, 05]: eax=00000000 ebx=00000000 ecx=00000000 edx=00000000
[    0.000000] CPUID[0d, 06]: eax=00000000 ebx=00000000 ecx=00000000 edx=00000000
[    0.000000] CPUID[0d, 07]: eax=00000000 ebx=00000000 ecx=00000000 edx=00000000
[    0.000000] CPUID[0d, 08]: eax=00000000 ebx=00000000 ecx=00000000 edx=00000000
[    0.000000] CPUID[0d, 09]: eax=00000000 ebx=00000000 ecx=00000000 edx=00000000
[    0.000000] CPUID[0d, 0a]: eax=00000000 ebx=00000000 ecx=00000000 edx=00000000
[    0.000000] CPUID[0d, 0b]: eax=00000000 ebx=00000000 ecx=00000000 edx=00000000
[    0.000000] CPUID[0d, 0c]: eax=00000000 ebx=00000000 ecx=00000000 edx=00000000
[    0.000000] CPUID[0d, 0d]: eax=00000000 ebx=00000000 ecx=00000000 edx=00000000
[    0.000000] CPUID[0d, 0e]: eax=00000000 ebx=00000000 ecx=00000000 edx=00000000
[    0.000000] CPUID[0d, 0f]: eax=00000000 ebx=00000000 ecx=00000000 edx=00000000
[    0.000000] CPUID[0d, 10]: eax=00000000 ebx=00000000 ecx=00000000 edx=00000000
[    0.000000] CPUID[0d, 11]: eax=00000000 ebx=00000000 ecx=00000000 edx=00000000
[    0.000000] x86/fpu: xstate_offset[2]:  576, xstate_sizes[2]:  256
[    0.000000] x86/fpu: Supporting XSAVE feature 0x01: 'x87 floating point registers'
[    0.000000] x86/fpu: Supporting XSAVE feature 0x02: 'SSE registers'
[    0.000000] x86/fpu: Supporting XSAVE feature 0x04: 'AVX registers'
[    0.000000] x86/fpu: Enabled xstate features 0x7, context size is 1088 bytes, using 'standard' format.
[    0.000000] x86/fpu: Using 'lazy' FPU context switches.
[    0.000000] e820: BIOS-provided physical RAM map:
[    0.000000] BIOS-e820: [mem 0x0000000000000000-0x000000000009fbff] usable
[    0.000000] BIOS-e820: [mem 0x000000000009fc00-0x000000000009ffff] reserved
[    0.000000] BIOS-e820: [mem 0x00000000000f0000-0x00000000000fffff] reserved
[    0.000000] BIOS-e820: [mem 0x0000000000100000-0x000000003ffeffff] usable
[    0.000000] BIOS-e820: [mem 0x000000003fff0000-0x000000003fffffff] ACPI data
[    0.000000] BIOS-e820: [mem 0x00000000fec00000-0x00000000fec00fff] reserved
[    0.000000] BIOS-e820: [mem 0x00000000fee00000-0x00000000fee00fff] reserved
[    0.000000] BIOS-e820: [mem 0x00000000fffc0000-0x00000000ffffffff] reserved
[    0.000000] NX (Execute Disable) protection: active
[    0.000000] SMBIOS 2.5 present.
[    0.000000] Hypervisor detected: KVM
[    0.000000] e820: last_pfn = 0x3fff0 max_arch_pfn = 0x400000000
[    0.000000] MTRR: Disabled
[    0.000000] x86/PAT: MTRRs disabled, skipping PAT initialization too.
[    0.000000] CPU MTRRs all blank - virtualized system.
[    0.000000] x86/PAT: Configuration [0-7]: WB  WT  UC- UC  WB  WT  UC- UC  
[    0.000000] found SMP MP-table at [mem 0x0009fff0-0x0009ffff] mapped at [ffff88000009fff0]
[    0.000000] Scanning 1 areas for low memory corruption
[    0.000000] RAMDISK: [mem 0x3621a000-0x37104fff]
[    0.000000] ACPI: Early table checksum verification disabled
[    0.000000] ACPI: RSDP 0x00000000000E0000 000024 (v02 VBOX  )
[    0.000000] ACPI: XSDT 0x000000003FFF0030 00003C (v01 VBOX   VBOXXSDT 00000001 ASL  00000061)
[    0.000000] ACPI: FACP 0x000000003FFF00F0 0000F4 (v04 VBOX   VBOXFACP 00000001 ASL  00000061)
[    0.000000] ACPI: DSDT 0x000000003FFF0470 0021FF (v02 VBOX   VBOXBIOS 00000002 INTL 20160108)
[    0.000000] ACPI: FACS 0x000000003FFF0200 000040
[    0.000000] ACPI: FACS 0x000000003FFF0200 000040
[    0.000000] ACPI: APIC 0x000000003FFF0240 00005C (v02 VBOX   VBOXAPIC 00000001 ASL  00000061)
[    0.000000] ACPI: SSDT 0x000000003FFF02A0 0001CC (v01 VBOX   VBOXCPUT 00000002 INTL 20160108)
[    0.000000] No NUMA configuration found
[    0.000000] Faking a node at [mem 0x0000000000000000-0x000000003ffeffff]
[    0.000000] NODE_DATA(0) allocated [mem 0x3ffeb000-0x3ffeffff]
[    0.000000] kvm-clock: Using msrs 4b564d01 and 4b564d00
[    0.000000] kvm-clock: cpu 0, msr 0:3ffe3001, primary cpu clock
[    0.000000] kvm-clock: using sched offset of 3714422166 cycles
[    0.000000] clocksource: kvm-clock: mask: 0xffffffffffffffff max_cycles: 0x1cd42e4dffb, max_idle_ns: 881590591483 ns
[    0.000000] Zone ranges:
[    0.000000]   DMA      [mem 0x0000000000001000-0x0000000000ffffff]
[    0.000000]   DMA32    [mem 0x0000000001000000-0x000000003ffeffff]
[    0.000000]   Normal   empty
[    0.000000]   Device   empty
[    0.000000] Movable zone start for each node
[    0.000000] Early memory node ranges
[    0.000000]   node   0: [mem 0x0000000000001000-0x000000000009efff]
[    0.000000]   node   0: [mem 0x0000000000100000-0x000000003ffeffff]
[    0.000000] Initmem setup node 0 [mem 0x0000000000001000-0x000000003ffeffff]
[    0.000000] ACPI: PM-Timer IO Port: 0x4008
[    0.000000] IOAPIC[0]: apic_id 2, version 32, address 0xfec00000, GSI 0-23
[    0.000000] ACPI: INT_SRC_OVR (bus 0 bus_irq 0 global_irq 2 dfl dfl)
[    0.000000] ACPI: INT_SRC_OVR (bus 0 bus_irq 9 global_irq 9 high level)
[    0.000000] Using ACPI (MADT) for SMP configuration information
[    0.000000] smpboot: Allowing 2 CPUs, 0 hotplug CPUs
[    0.000000] PM: Registered nosave memory: [mem 0x00000000-0x00000fff]
[    0.000000] PM: Registered nosave memory: [mem 0x0009f000-0x0009ffff]
[    0.000000] PM: Registered nosave memory: [mem 0x000a0000-0x000effff]
[    0.000000] PM: Registered nosave memory: [mem 0x000f0000-0x000fffff]
[    0.000000] e820: [mem 0x40000000-0xfebfffff] available for PCI devices
[    0.000000] Booting paravirtualized kernel on KVM
[    0.000000] clocksource: refined-jiffies: mask: 0xffffffff max_cycles: 0xffffffff, max_idle_ns: 7645519600211568 ns
[    0.000000] setup_percpu: NR_CPUS:512 nr_cpumask_bits:512 nr_cpu_ids:2 nr_node_ids:1
[    0.000000] PERCPU: Embedded 34 pages/cpu @ffff88003fc00000 s99544 r8192 d31528 u1048576
[    0.000000] PV qspinlock hash table entries: 256 (order: 0, 4096 bytes)
[    0.000000] Built 1 zonelists in Node order, mobility grouping on.  Total pages: 257913
[    0.000000] Policy zone: DMA32
[    0.000000] Kernel command line: BOOT_IMAGE=/boot/vmlinuz-4.4.0-116-generic root=UUID=676eac73-81dc-4fbd-bdea-aebcbe447240 ro console=tty1 console=ttyS0
[    0.000000] PID hash table entries: 4096 (order: 3, 32768 bytes)
[    0.000000] Memory: 997256K/1048120K available (8530K kernel code, 1309K rwdata, 3992K rodata, 1508K init, 1316K bss, 50864K reserved, 0K cma-reserved)
[    0.000000] SLUB: HWalign=64, Order=0-3, MinObjects=0, CPUs=2, Nodes=1
[    0.000000] Kernel/User page tables isolation: enabled
[    0.000000] Hierarchical RCU implementation.
[    0.000000] 	Build-time adjustment of leaf fanout to 64.
[    0.000000] 	RCU restricting CPUs from NR_CPUS=512 to nr_cpu_ids=2.
[    0.000000] RCU: Adjusting geometry for rcu_fanout_leaf=64, nr_cpu_ids=2
[    0.000000] NR_IRQS:33024 nr_irqs:440 16
[    0.000000] Console: colour VGA+ 80x25
[    0.000000] console [tty1] enabled
[    0.000000] console [ttyS0] enabled
[    0.000000] tsc: Detected 2303.998 MHz processor
[    3.095080] Calibrating delay loop (skipped) preset value.. 4607.99 BogoMIPS (lpj=9215992)
[    3.097020] pid_max: default: 32768 minimum: 301
[    3.098082] ACPI: Core revision 20150930
[    3.100167] ACPI: 2 ACPI AML tables successfully acquired and loaded
[    3.101661] Security Framework initialized
[    3.102652] Yama: becoming mindful.
[    3.103525] AppArmor: AppArmor initialized
[    3.104576] Dentry cache hash table entries: 131072 (order: 8, 1048576 bytes)
[    3.106792] Inode-cache hash table entries: 65536 (order: 7, 524288 bytes)
[    3.116601] Mount-cache hash table entries: 2048 (order: 2, 16384 bytes)
[    3.117988] Mountpoint-cache hash table entries: 2048 (order: 2, 16384 bytes)
[    3.119654] Initializing cgroup subsys io
[    3.120614] Initializing cgroup subsys memory
[    3.121618] Initializing cgroup subsys devices
[    3.122656] Initializing cgroup subsys freezer
[    3.123672] Initializing cgroup subsys net_cls
[    3.124697] Initializing cgroup subsys perf_event
[    3.125750] Initializing cgroup subsys net_prio
[    3.126803] Initializing cgroup subsys hugetlb
[    3.127813] Initializing cgroup subsys pids
[    3.128885] CPU: Physical Processor ID: 0
[    3.129828] CPU: Processor Core ID: 0
[    3.130757] FEATURE SPEC_CTRL Not Present
[    3.132925] mce: CPU supports 0 MCE banks
[    3.133887] Last level iTLB entries: 4KB 64, 2MB 8, 4MB 8
[    3.135088] Last level dTLB entries: 4KB 64, 2MB 0, 4MB 0, 1GB 4
[    3.147579] Spectre V2 mitigation: Mitigation: Full generic retpoline
[    3.152668] Spectre V2 mitigation: Speculation control IBPB not-supported IBRS not-supported
[    3.156717] Freeing SMP alternatives memory: 32K
[    3.167744] ftrace: allocating 32186 entries in 126 pages
[    3.246346] smpboot: APIC(0) Converting physical 0 to logical package 0
[    3.272812] smpboot: Max logical packages: 1
[    3.274118] x2apic enabled
[    3.275136] Switched APIC routing to physical x2apic.
[    3.277562] ..TIMER: vector=0x30 apic1=0 pin1=2 apic2=-1 pin2=-1
[    3.386120] smpboot: CPU0: Intel(R) Core(TM) i3-6100U CPU @ 2.30GHz (family: 0x6, model: 0x4e, stepping: 0x3)
[    3.389567] Performance Events: unsupported p6 CPU model 78 no PMU driver, software events only.
[    3.391695] KVM setup paravirtual spinlock
[    3.393483] x86: Booting SMP configuration:
[    3.395582] .... node  #0, CPUs:      #1
[    3.396663] kvm-clock: cpu 1, msr 0:3ffe3041, secondary cpu clock
[    3.400144] mce: CPU supports 0 MCE banks
[    3.402650] x86: Booted up 1 node, 2 CPUs
[    3.403832] smpboot: Total of 2 processors activated (9215.99 BogoMIPS)
[    3.405625] devtmpfs: initialized
[    3.408106] evm: security.selinux
[    3.408949] evm: security.SMACK64
[    3.409774] evm: security.SMACK64EXEC
[    3.410665] evm: security.SMACK64TRANSMUTE
[    3.411626] evm: security.SMACK64MMAP
[    3.412520] evm: security.ima
[    3.413289] evm: security.capability
[    3.414389] clocksource: jiffies: mask: 0xffffffff max_cycles: 0xffffffff, max_idle_ns: 7645041785100000 ns
[    3.416509] futex hash table entries: 512 (order: 3, 32768 bytes)
[    3.417939] pinctrl core: initialized pinctrl subsystem
[    3.419229] RTC time: 18:47:38, date: 02/27/18
[    3.420448] NET: Registered protocol family 16
[    3.434769] cpuidle: using governor ladder
[    3.478878] cpuidle: using governor menu
[    3.567940] PCCT header not found.
[    3.586211] ACPI: bus type PCI registered
[    3.625904] acpiphp: ACPI Hot Plug PCI Controller Driver version: 0.5
[    3.636903] PCI: Using configuration type 1 for base access
[    3.651411] ACPI: Added _OSI(Module Device)
[    3.690584] ACPI: Added _OSI(Processor Device)
[    3.733032] ACPI: Added _OSI(3.0 _SCP Extensions)
[    3.734119] ACPI: Added _OSI(Processor Aggregator Device)
[    3.736179] ACPI: Executed 1 blocks of module-level executable AML code
[    3.900032] ACPI: Interpreter enabled
[    3.900853] ACPI: (supports S0 S5)
[    3.901614] ACPI: Using IOAPIC for interrupt routing
[    3.903847] PCI: Using host bridge windows from ACPI; if necessary, use "pci=nocrs" and report a bug
[    3.909702] ACPI: PCI Root Bridge [PCI0] (domain 0000 [bus 00-ff])
[    3.968201] acpi PNP0A03:00: _OSC: OS supports [ASPM ClockPM Segments MSI]
[    3.970773] acpi PNP0A03:00: _OSC: not requesting OS control; OS requires [ExtendedConfig ASPM ClockPM MSI]
[    3.973312] acpi PNP0A03:00: fail to add MMCONFIG information, can't access extended PCI configuration space under this bridge.
[    3.976063] PCI host bridge to bus 0000:00
[    3.977038] pci_bus 0000:00: root bus resource [io  0x0000-0x0cf7 window]
[    3.978457] pci_bus 0000:00: root bus resource [io  0x0d00-0xffff window]
[    3.979854] pci_bus 0000:00: root bus resource [mem 0x000a0000-0x000bffff window]
[    3.981597] pci_bus 0000:00: root bus resource [mem 0x40000000-0xffdfffff window]
[    3.983400] pci_bus 0000:00: root bus resource [bus 00-ff]
[    3.986210] pci 0000:00:01.1: legacy IDE quirk: reg 0x10: [io  0x01f0-0x01f7]
[    3.988727] pci 0000:00:01.1: legacy IDE quirk: reg 0x14: [io  0x03f6]
[    3.990087] pci 0000:00:01.1: legacy IDE quirk: reg 0x18: [io  0x0170-0x0177]
[    3.991553] pci 0000:00:01.1: legacy IDE quirk: reg 0x1c: [io  0x0376]
[    4.014780] pci 0000:00:07.0: quirk: [io  0x4000-0x403f] claimed by PIIX4 ACPI
[    4.106845] pci 0000:00:07.0: quirk: [io  0x4100-0x410f] claimed by PIIX4 SMB
[    4.224477] ACPI: PCI Interrupt Link [LNKA] (IRQs 5 9 10 *11)
[    4.275365] ACPI: PCI Interrupt Link [LNKB] (IRQs 5 9 10 *11)
[    4.280369] ACPI: PCI Interrupt Link [LNKC] (IRQs 5 9 *10 11)
[    4.282146] ACPI: PCI Interrupt Link [LNKD] (IRQs 5 *9 10 11)
[    4.284009] ACPI: Enabled 2 GPEs in block 00 to 07
[    4.285639] vgaarb: setting as boot device: PCI:0000:00:02.0
[    4.287992] vgaarb: device added: PCI:0000:00:02.0,decodes=io+mem,owns=io+mem,locks=none
[    4.289910] vgaarb: loaded
[    4.290682] vgaarb: bridge control possible 0000:00:02.0
[    4.292163] SCSI subsystem initialized
[    4.295144] ACPI: bus type USB registered
[    4.296152] usbcore: registered new interface driver usbfs
[    4.297375] usbcore: registered new interface driver hub
[    4.298607] usbcore: registered new device driver usb
[    4.373439] PCI: Using ACPI for IRQ routing
[    4.418316] NetLabel: Initializing
[    4.448182] NetLabel:  domain hash size = 128
[    4.488143] NetLabel:  protocols = UNLABELED CIPSOv4
[    4.557289] NetLabel:  unlabeled traffic allowed by default
[    4.665545] amd_nb: Cannot enumerate AMD northbridges
[    4.720126] clocksource: Switched to clocksource kvm-clock
[    4.731296] AppArmor: AppArmor Filesystem Enabled
[    4.809510] pnp: PnP ACPI init
[    4.870714] pnp: PnP ACPI: found 3 devices
[    4.947719] clocksource: acpi_pm: mask: 0xffffff max_cycles: 0xffffff, max_idle_ns: 2085701024 ns
[    5.194949] NET: Registered protocol family 2
[    5.306980] TCP established hash table entries: 8192 (order: 4, 65536 bytes)
[    5.443041] TCP bind hash table entries: 8192 (order: 5, 131072 bytes)
[    5.444414] TCP: Hash tables configured (established 8192 bind 8192)
[    5.455774] UDP hash table entries: 512 (order: 2, 16384 bytes)
[    5.576007] UDP-Lite hash table entries: 512 (order: 2, 16384 bytes)
[    5.646213] NET: Registered protocol family 1
[    5.647239] pci 0000:00:00.0: Limiting direct PCI/PCI transfers
[    5.648538] pci 0000:00:01.0: Activating ISA DMA hang workarounds
[    5.649970] Unpacking initramfs...
[    5.931836] Freeing initrd memory: 15276K
[    5.996204] platform rtc_cmos: registered platform RTC device (no PNP device found)
[    5.997851] Scanning for low memory corruption every 60 seconds
[    5.999402] audit: initializing netlink subsys (disabled)
[    6.000494] audit: type=2000 audit(1519757261.961:1): initialized
[    6.002033] Initialise system trusted keyring
[    6.003181] HugeTLB registered 2 MB page size, pre-allocated 0 pages
[    6.006020] zbud: loaded
[    6.007211] VFS: Disk quotas dquot_6.6.0
[    6.008144] VFS: Dquot-cache hash table entries: 512 (order 0, 4096 bytes)
[    6.016773] squashfs: version 4.0 (2009/01/31) Phillip Lougher
[    6.018258] fuse init (API version 7.23)
[    6.019266] Key type big_key registered
[    6.020131] Allocating IMA MOK and blacklist keyrings.
[    6.022130] Key type asymmetric registered
[    6.023008] Asymmetric key parser 'x509' registered
[    6.024045] Block layer SCSI generic (bsg) driver version 0.4 loaded (major 249)
[    6.025683] io scheduler noop registered
[    6.026533] io scheduler deadline registered (default)
[    6.027581] io scheduler cfq registered
[    6.028540] pci_hotplug: PCI Hot Plug PCI Core version: 0.5
[    6.029662] pciehp: PCI Express Hot Plug Controller Driver version: 0.4
[    6.031020] ACPI: AC Adapter [AC] (on-line)
[    6.031976] input: Power Button as /devices/LNXSYSTM:00/LNXPWRBN:00/input/input0
[    6.117570] ACPI: Power Button [PWRF]
[    6.118473] input: Sleep Button as /devices/LNXSYSTM:00/LNXSLPBN:00/input/input1
[    6.120045] ACPI: Sleep Button [SLPF]
[    6.121761] ACPI: Battery Slot [BAT0] (battery present)
[    6.126186] GHES: HEST is not enabled!
[    6.127130] Serial: 8250/16550 driver, 32 ports, IRQ sharing enabled
[    6.150396] 00:02: ttyS0 at I/O 0x3f8 (irq = 4, base_baud = 115200) is a 16550A
[    6.239169] Linux agpgart interface v0.103
[    6.242215] loop: module loaded
[    6.276607] scsi host0: ata_piix
[    6.277534] scsi host1: ata_piix
[    6.278335] ata1: PATA max UDMA/33 cmd 0x1f0 ctl 0x3f6 bmdma 0xd000 irq 14
[    6.279595] ata2: PATA max UDMA/33 cmd 0x170 ctl 0x376 bmdma 0xd008 irq 15
[    6.281259] libphy: Fixed MDIO Bus: probed
[    6.282139] tun: Universal TUN/TAP device driver, 1.6
[    6.315828] tun: (C) 1999-2004 Max Krasnyansky <maxk@qualcomm.com>
[    6.317079] PPP generic driver version 2.4.2
[    6.318042] ehci_hcd: USB 2.0 'Enhanced' Host Controller (EHCI) Driver
[    6.319254] ehci-pci: EHCI PCI platform driver
[    6.320194] ehci-platform: EHCI generic platform driver
[    6.321263] ohci_hcd: USB 1.1 'Open' Host Controller (OHCI) Driver
[    6.322436] ohci-pci: OHCI PCI platform driver
[    6.323366] ohci-platform: OHCI generic platform driver
[    6.324411] uhci_hcd: USB Universal Host Controller Interface driver
[    6.331938] i8042: PNP: PS/2 Controller [PNP0303:PS2K,PNP0f03:PS2M] at 0x60,0x64 irq 1,12
[    6.336885] serio: i8042 KBD port at 0x60,0x64 irq 1
[    6.344521] serio: i8042 AUX port at 0x60,0x64 irq 12
[    6.345658] mousedev: PS/2 mouse device common for all mice
[    6.351666] input: AT Translated Set 2 keyboard as /devices/platform/i8042/serio0/input/input2
[    6.353565] rtc_cmos rtc_cmos: rtc core: registered rtc_cmos as rtc0
[    6.354807] rtc_cmos rtc_cmos: alarms up to one day, 114 bytes nvram
[    6.356003] i2c /dev entries driver
[    6.362129] device-mapper: uevent: version 1.0.3
[    6.363179] device-mapper: ioctl: 4.34.0-ioctl (2015-10-28) initialised: dm-devel@redhat.com
[    6.364918] ledtrig-cpu: registered to indicate activity on CPUs
[    6.366579] NET: Registered protocol family 10
[    6.367707] NET: Registered protocol family 17
[    6.368685] Key type dns_resolver registered
[    6.369773] microcode: CPU0 sig=0x406e3, pf=0x2, revision=0x0
[    6.370889] microcode: CPU1 sig=0x406e3, pf=0x2, revision=0x0
[    6.372226] microcode: Microcode Update Driver: v2.01 <tigran@aivazian.fsnet.co.uk>, Peter Oruba
[    6.532796] registered taskstats version 1
[    6.571669] Loading compiled-in X.509 certificates
[    6.634368] Loaded X.509 cert 'Build time autogenerated kernel key: aa84f01984fbd529c105810b59e379d349698248'
[    6.651243] zswap: loaded using pool lzo/zbud
[    6.654865] Key type trusted registered
[    6.694474] Key type encrypted registered
[    6.741890] AppArmor: AppArmor sha1 policy hashing enabled
[    6.743085] ima: No TPM chip found, activating TPM-bypass!
[    6.744315] evm: HMAC attrs: 0x1
[    6.745520]   Magic number: 6:151:798
[    6.747638] rtc_cmos rtc_cmos: setting system clock to 2018-02-27 18:47:41 UTC (1519757261)
[    6.749761] BIOS EDD facility v0.16 2004-Jun-25, 0 devices found
[    6.751041] EDD information not available.
[    6.753537] Freeing unused kernel memory: 1508K
[    6.801956] Write protecting the kernel read-only data: 14336k
[    6.822234] Freeing unused kernel memory: 1700K
[    6.870625] Freeing unused kernel memory: 104K
Loading, please wait...
starting version[    6.945415] random: systemd-udevd: uninitialized urandom read (16 bytes read, 3 bits of entropy available)
 229
[    6.946421] random: udevadm: uninitialized urandom read (16 bytes read, 3 bits of entropy available)
[    6.946465] random: udevadm: uninitialized urandom read (16 bytes read, 3 bits of entropy available)
[    6.964402] random: udevadm: uninitialized urandom read (16 bytes read, 3 bits of entropy available)
[    6.964480] random: udevadm: uninitialized urandom read (16 bytes read, 3 bits of entropy available)
[    6.964740] random: udevadm: uninitialized urandom read (16 bytes read, 3 bits of entropy available)
[    6.964845] random: udevadm: uninitialized urandom read (16 bytes read, 3 bits of entropy available)
[    6.964946] random: udevadm: uninitialized urandom read (16 bytes read, 3 bits of entropy available)
[    6.965090] random: udevadm: uninitialized urandom read (16 bytes read, 3 bits of entropy available)
[    6.965244] random: udevadm: uninitialized urandom read (16 bytes read, 3 bits of entropy available)
[    7.064315] tsc: Refined TSC clocksource calibration: 2303.566 MHz
[    7.064318] clocksource: tsc: mask: 0xffffffffffffffff max_cycles: 0x21345dc1723, max_idle_ns: 440795263390 ns
[    7.418619] e1000: Intel(R) PRO/1000 Network Driver - version 7.3.21-k8-NAPI
[    7.651499] e1000: Copyright (c) 1999-2006 Intel Corporation.
[    7.829136] Fusion MPT base driver 3.04.20
[    7.935617] Copyright (c) 1999-2008 LSI Corporation
[    8.111161] Fusion MPT SPI Host driver 3.04.20
[    8.267998] AVX version of gcm_enc/dec engaged.
[    8.270334] AES CTR mode by8 optimization enabled
[    8.465651] input: ImExPS/2 Generic Explorer Mouse as /devices/platform/i8042/serio1/input/input4
[    8.600868] e1000 0000:00:03.0 eth0: (PCI:33MHz:32-bit) 02:38:07:4c:82:85
[    8.617929] e1000 0000:00:03.0 eth0: Intel(R) PRO/1000 Network Connection
[    8.993340] e1000 0000:00:08.0 eth1: (PCI:33MHz:32-bit) 08:00:27:af:9b:76
[    9.003930] e1000 0000:00:08.0 eth1: Intel(R) PRO/1000 Network Connection
[    9.014142] e1000 0000:00:03.0 enp0s3: renamed from eth0
[    9.077830] mptbase: ioc0: Initiating bringup
[    9.096519] e1000 0000:00:08.0 enp0s8: renamed from eth1
[    9.188499] ioc0: LSI53C1030 A0: Capabilities={Initiator}
[    9.488468] scsi host2: ioc0: LSI53C1030 A0, FwRev=00000000h, Ports=1, MaxQ=256, IRQ=20
[    9.693916] scsi 2:0:0:0: Direct-Access     VBOX     HARDDISK         1.0  PQ: 0 ANSI: 5
[    9.849169] scsi target2:0:0: Beginning Domain Validation
[    9.882625] scsi target2:0:0: Domain Validation skipping write tests
[    9.925903] scsi target2:0:0: Ending Domain Validation
[    9.941150] scsi target2:0:0: asynchronous
[    9.966968] scsi 2:0:1:0: Direct-Access     VBOX     HARDDISK         1.0  PQ: 0 ANSI: 5
[   10.115604] scsi target2:0:1: Beginning Domain Validation
[   10.206442] scsi target2:0:1: Domain Validation skipping write tests
[   10.212747] scsi target2:0:1: Ending Domain Validation
[   10.214222] scsi target2:0:1: asynchronous
[   10.230049] sd 2:0:0:0: [sda] 20971520 512-byte logical blocks: (10.7 GB/10.0 GiB)
[   10.243867] sd 2:0:0:0: Attached scsi generic sg0 type 0
[   10.272587] sd 2:0:0:0: [sda] Write Protect is off
[   10.272899] sd 2:0:1:0: [sdb] 20480 512-byte logical blocks: (10.5 MB/10.0 MiB)
[   10.273037] sd 2:0:1:0: [sdb] Write Protect is off
[   10.273132] sd 2:0:1:0: [sdb] Incomplete mode parameter data
[   10.273134] sd 2:0:1:0: [sdb] Assuming drive cache: write through
[   10.280970] sd 2:0:1:0: Attached scsi generic sg1 type 0
[   10.286283] sd 2:0:1:0: [sdb] Attached SCSI disk
[   10.297676] sd 2:0:0:0: [sda] Incomplete mode parameter data
[   10.300122] sd 2:0:0:0: [sda] Assuming drive cache: write through
[   10.320399]  sda: sda1
[   10.455961] sd 2:0:0:0: [sda] Attached SCSI disk
[   10.832296] floppy0: no floppy controllers found
Begin: Loading e[   12.300348] md: linear personality registered for level -1
ssential drivers ... [   12.430352] md: multipath personality registered for level -4
[   12.475456] md: raid0 personality registered for level 0
[   12.491724] md: raid1 personality registered for level 1
[   12.564193] raid6: sse2x1   gen()  6766 MB/s
[   12.672181] raid6: sse2x1   xor()  4247 MB/s
[   12.760161] raid6: sse2x2   gen()  7953 MB/s
[   12.908188] raid6: sse2x2   xor()  5388 MB/s
[   12.984163] raid6: sse2x4   gen()  9254 MB/s
[   13.128188] raid6: sse2x4   xor()  6162 MB/s
[   13.211793] raid6: using algorithm sse2x4 gen() 9254 MB/s
[   13.223785] raid6: .... xor() 6162 MB/s, rmw enabled
[   13.226045] raid6: using ssse3x2 recovery algorithm
[   13.230192] xor: automatically using best checksumming function:
[   13.276177]    avx       : 15227.000 MB/sec
[   13.291643] async_tx: api initialized (async)
[   13.302722] md: raid6 personality registered for level 6
[   13.354399] md: raid5 personality registered for level 5
[   13.367932] md: raid4 personality registered for level 4
[   13.393387] md: raid10 personality registered for level 10
done.
Begin: Running /scripts/init-premount ... done.
Begin: Mounting root file system[   13.465332] Btrfs loaded
 ... Begin: Running /scripts/local-top ... done.
Begin: Running /scripts/local-premount ... Scanning for Btrfs filesystems
done.
Warning: fsck not present, so skipping root file[   13.561759] EXT4-fs (sda1): mounted filesystem with ordered data mode. Opts: (null)
 system
done.
Begin: Running /scripts/local-bottom ... done.
Begin: Running /scripts/init-bottom ... done.
[   13.758522] systemd[1]: systemd 229 running in system mode. (+PAM +AUDIT +SELINUX +IMA +APPARMOR +SMACK +SYSVINIT +UTMP +LIBCRYPTSETUP +GCRYPT +GNUTLS +ACL +XZ -LZ4 +SECCOMP +BLKID +ELFUTILS +KMOD -IDN)
[   13.942709] systemd[1]: Detected virtualization oracle.
[   13.945334] systemd[1]: Detected architecture x86-64.

Welcome to [1mUbuntu 16.04.3 LTS[0m!

[   13.981933] systemd[1]: Set hostname to <phpup>.
[   14.203204] systemd[1]: Listening on LVM2 poll daemon socket.
[[0;32m  OK  [0m] Listening on LVM2 poll daemon socket.
[   14.305649] systemd[1]: Created slice System Slice.
[[0;32m  OK  [0m] Created slice System Slice.
[   14.315819] systemd[1]: Set up automount Arbitrary Executable File Formats File System Automount Point.
[[0;32m  OK  [0m] Set up automount Arbitrary Executab...ats File System Automount Point.
[   14.528551] systemd[1]: Listening on udev Kernel Socket.
[[0;32m  OK  [0m] Listening on udev Kernel Socket.
[   14.536925] systemd[1]: Listening on LVM2 metadata daemon socket.
[[0;32m  OK  [0m] Listening on LVM2 metadata daemon socket.
[   14.540851] systemd[1]: Listening on Journal Socket (/dev/log).
[[0;32m  OK  [0m] Listening on Journal Socket (/dev/log).
[   14.545416] systemd[1]: Reached target Encrypted Volumes.
[[0;32m  OK  [0m] Reached target Encrypted Volumes.
[   14.547998] systemd[1]: Listening on Syslog Socket.
[[0;32m  OK  [0m] Listening on Syslog Socket.
[   14.551491] systemd[1]: Reached target User and Group Name Lookups.
[[0;32m  OK  [0m] Reached target User and Group Name Lookups.
[   14.554340] systemd[1]: Reached target Swap.
[[0;32m  OK  [0m] Reached target Swap.
[   14.556677] systemd[1]: Listening on Journal Audit Socket.
[[0;32m  OK  [0m] Listening on Journal Audit Socket.
[   14.560824] systemd[1]: Created slice User and Session Slice.
[[0;32m  OK  [0m] Created slice User and Session Slice.
[   14.565573] systemd[1]: Reached target Slices.
[[0;32m  OK  [0m] Reached target Slices.
[   14.568255] systemd[1]: Created slice system-serial\x2dgetty.slice.
[[0;32m  OK  [0m] Created slice system-serial\x2dgetty.slice.
[   14.575027] systemd[1]: Listening on udev Control Socket.
[[0;32m  OK  [0m] Listening on udev Control Socket.
[   14.585588] systemd[1]: Listening on Journal Socket.
[[0;32m  OK  [0m] Listening on Journal Socket.
[   14.594938] random: nonblocking pool is initialized
[   14.664459] systemd[1]: Starting Load Kernel Modules...
         Starting Load Kernel Modules...
[   14.697925] systemd[1]: Starting Remount Root and Kernel File Systems...
         Starting Remount Root and Kernel File Systems...
[   14.709345] systemd[1]: Starting Nameserver information manager...
         Starting Nameserver information manager...
[   14.721155] systemd[1]: Starting Set console keymap...
[   14.729734] Loading iSCSI transport class v2.0-870.
[   14.731286] EXT4-fs (sda1): re-mounted. Opts: (null)
         Starting Set console keymap...
[   14.753349] iscsi: registered transport (tcp)
[   14.844414] systemd[1]: Starting Uncomplicated firewall...
         Starting Uncomplicated firewall...
[   14.863681] iscsi: registered transport (iser)
[   14.874278] systemd[1]: Mounting Huge Pages File System...
         Mounting Huge Pages File System...
[   14.881593] systemd[1]: Mounting POSIX Message Queue File System...
         Mounting POSIX Message Queue File System...
[   14.892664] systemd[1]: Mounting Debug File System...
         Mounting Debug File System...
[   14.909629] systemd[1]: Starting Create list of required static device nodes for the current kernel...
         Starting Create list of required st... nodes for the current kernel...
[   14.967180] systemd[1]: Listening on /dev/initctl Compatibility Named Pipe.
[[0;32m  OK  [0m] Listening on /dev/initctl Compatibility Named Pipe.
[   15.177800] systemd[1]: Started Trigger resolvconf update for networkd DNS.
[[0;32m  OK  [0m] Started Trigger resolvconf update for networkd DNS.
[   15.180376] systemd[1]: Listening on Device-mapper event daemon FIFOs.
[[0;32m  OK  [0m] Listening on Device-mapper event daemon FIFOs.
[   15.200806] systemd[1]: Starting Journal Service...
         Starting Journal Service...
[   15.252673] systemd[1]: Started Forward Password Requests to Wall Directory Watch.
[[0;32m  OK  [0m] Started Forward Password Requests to Wall Directory Watch.
[   15.756356] systemd[1]: Starting Monitoring of LVM2 mirrors, snapshots etc. using dmeventd or progress polling...
         Starting Monitoring of LVM2 mirrors... dmeventd or progress polling...
[   15.792968] systemd[1]: Mounted POSIX Message Queue File System.
[[0;32m  OK  [0m] Mounted POSIX Message Queue File System.
[   15.802049] systemd[1]: Mounted Huge Pages File System.
[[0;32m  OK  [0m] Mounted Huge Pages File System.
[   15.804116] systemd[1]: Mounted Debug File System.
[[0;32m  OK  [0m] Mounted Debug File System.
[   15.806254] systemd[1]: Started Journal Service.
[[0;32m  OK  [0m] Started Journal Service.
[[0;32m  OK  [0m] Started Load Kernel Modules.
[[0;32m  OK  [0m] Started Remount Root and Kernel File Systems.
[[0;32m  OK  [0m] Started Set console keymap.
[[0;32m  OK  [0m] Started Uncomplicated firewall.
[[0;32m  OK  [0m] Started Create list of required sta...ce nodes for the current kernel.
[[0;32m  OK  [0m] Started Nameserver information manager.
[[0;32m  OK  [0m] Started LVM2 metadata daemon.
         Starting Create Static Device Nodes in /dev...
         Starting Load/Save Random Seed...
         Starting udev Coldplug all Devices...
         Starting Initial cloud-init job (pre-networking)...
         Mounting FUSE Control File System...
         Starting Apply Kernel Variables...
         Starting Flush Journal to Persistent Storage...
[[0;32m  OK  [0m] Mounted FUSE Control File System.
[[0;32m  OK  [0m] Started Create Static Device Nodes in /dev.
[[0;32m  OK  [0m] Started Load/Save Random Seed.
[[0;32m  OK  [0m] Started Apply Kernel Variables.
[[0;32m  OK  [0m] Started udev Coldplug all Devices.
[[0;32m  OK  [0m] Started Flush Journal to Persistent Storage.
         Starting udev Kernel Device Manager...
[[0;32m  OK  [0m] Started udev Kernel Device Manager.
[[0;32m  OK  [0m] Started Dispatch Password Requests to Console Directory Watch.
[[0;32m  OK  [0m] Started Monitoring of LVM2 mirrors,...ng dmeventd or progress polling.
[[0;32m  OK  [0m] Reached target Local File Systems (Pre).
[[0;32m  OK  [0m] Reached target Local File Systems.
         Starting Tell Plymouth To Write Out Runtime Data...
         Starting Set console font and keymap...
         Starting Create Volatile Files and Directories...
         Starting LSB: AppArmor initialization...
[[0;32m  OK  [0m] Started Tell Plymouth To Write Out Runtime Data.
[[0;32m  OK  [0m] Started Create Volatile Files and Directories.
[[0;32m  OK  [0m] Found device /dev/ttyS0.
[[0;32m  OK  [0m] Started LSB: AppArmor initialization.
[[0;32m  OK  [0m] Listening on Load/Save RF Kill Switch Status /dev/rfkill Watch.
[   12.908471] cloud-init[456]: Cloud-init v. 17.1 running 'init-local' at Tue, 27 Feb 2018 18:47:51 +0000. Up 12.52 seconds.
         Starting Update UTMP about System Boot/Shutdown...
[[0;32m  OK  [0m] Reached target System Time Synchronized.
[[0;32m  OK  [0m] Started Set console font and keymap.
[[0;32m  OK  [0m] Started Initial cloud-init job (pre-networking).
[[0;32m  OK  [0m] Found device 82540EM Gigabit Ethern...r (PRO/1000 MT Desktop Adapter).
[[0;32m  OK  [0m] Found device 82540EM Gigabit Ethern...r (PRO/1000 MT Desktop Adapter).
[[0;32m  OK  [0m] Started Update UTMP about System Boot/Shutdown.
[[0;32m  OK  [0m] Reached target Network (Pre).
[[0;32m  OK  [0m] Started ifup for enp0s8.
[[0;32m  OK  [0m] Started ifup for enp0s3.
         Starting Raise network interfaces...
[[0;32m  OK  [0m] Created slice system-getty.slice.
[[0;32m  OK  [0m] Started Raise network interfaces.
[[0;32m  OK  [0m] Reached target Network.
         Starting Initial cloud-init job (metadata service crawler)...
[   16.065292] cloud-init[1055]: Cloud-init v. 17.1 running 'init' at Tue, 27 Feb 2018 18:47:54 +0000. Up 15.60 seconds.
[   16.120616] cloud-init[1055]: ci-info: ++++++++++++++++++++++++++++++++++++++Net device info++++++++++++++++++++++++++++++++++++++
[[   16.150214] cloud-init[1055]: ci-info: +--------+------+-----------------------------+---------------+-------+-------------------+
[   16.150739] cloud-init[1055]: ci-info: | Device |  Up  |           Address           |      Mask     | Scope |     Hw-Address    |
[   16.151246] cloud-init[1055]: ci-info: +--------+------+-----------------------------+---------------+-------+-------------------+
[   16.151765] cloud-init[1055]: ci-info: | enp0s3 | True |          10.0.2.15          | 255.255.255.0 |   .   | 02:38:07:4c:82:85 |
[   16.152471] cloud-init[1055]: ci-info: | enp0s3 | True |  fe80::38:7ff:fe4c:8285/64  |       .       |  link | 02:38:07:4c:82:85 |
[   16.152943] cloud-init[1055]: ci-info: | enp0s8 | True |        192.168.56.121       | 255.255.255.0 |   .   | 08:00:27:af:9b:76 |
[   16.153444] cloud-init[1055]: ci-info: | enp0s8 | True | fe80::a00:27ff:feaf:9b76/64 |       .       |  link | 08:00:27:af:9b:76 |
[   16.153970] cloud-init[1055]: ci-info: |   lo   | True |          127.0.0.1          |   255.0.0.0   |   .   |         .         |
[0;32m  OK  [0m] Started Initial cloud-init job (metadata service crawler).
[   16.154530] cloud-init[1055]: ci-info: |   lo   | True |           ::1/128           |       .       |  host |         .         |
[   16.217983] cloud-init[1055]: ci-info: +--------+------+-----------------------------+---------------+-------+-------------------+
[   16.218247] cloud-init[1055]: ci-info: ++++++++++++++++++++++++++++Route IPv4 info++++++++++++++++++++++++++++
[[0;32m  OK  [0m] Reached target System Initialization.
[   16.218412] cloud-init[1055]: ci-info: +-------+--------------+----------+---------------+-----------+-------+
[   16.286272] cloud-init[1055]: ci-info: | Route | Destination  | Gateway  |    Genmask    | Interface | Flags |
[   16.287815] cloud-init[1055]: ci-info: +-------+--------------+----------+---------------+-----------+-------+
[   16.289425] cloud-init[1055]: ci-info: |   0   |   0.0.0.0    | 10.0.2.2 |    0.0.0.0    |   enp0s3  |   UG  |
[   16.289840] cloud-init[1055]: ci-info: |   1   |   10.0.2.0   | 0.0.0.0  | 255.255.255.0 |   enp0s3  |   U   |
[   16.290155] cloud-init[1055]: ci-info: |   2   | 192.168.56.0 | 0.0.0.0  | 255.255.255.0 |   enp0s8  |   U   |
[   16.290476] cloud-init[1055]: ci-info: +-------+--------------+----------+---------------+-----------+-------+
[[0;32m  OK  [0m] Started Timer to automatically refresh installed snaps.
[[0;32m  OK  [0m] Listening on D-Bus System Message Bus Socket.
[[0;32m  OK  [0m] Started ACPI Events Check.
[[0;32m  OK  [0m] Reached target Paths.
[[0;32m  OK  [0m] Listening on UUID daemon activation socket.
         Starting Socket activation for snappy daemon.
[[0;32m  OK  [0m] Started Clean PHP session files every 30 mins.
[[0;32m  OK  [0m] Started Daily Cleanup of Temporary Directories.
[[0;32m  OK  [0m] Listening on ACPID Listen Socket.
         Starting LXD - unix socket.
[[0;32m  OK  [0m] Reached target Cloud-config availability.
[[0;32m  OK  [0m] Reached target Network is Online.
         Starting iSCSI initiator daemon (iscsid)...
[[0;32m  OK  [0m] Started Daily apt download activities.
[[0;32m  OK  [0m] Started Daily apt upgrade and clean activities.
[[0;32m  OK  [0m] Reached target Timers.
[[0;32m  OK  [0m] Listening on Socket activation for snappy daemon.
[[0;32m  OK  [0m] Listening on LXD - unix socket.
[[0;32m  OK  [0m] Started iSCSI initiator daemon (iscsid).
         Starting Login to default iSCSI targets...
[[0;32m  OK  [0m] Reached target Sockets.
[[0;32m  OK  [0m] Reached target Basic System.
         Starting Login Service...
[[0;32m  OK  [0m] Started Regular background program processing daemon.
         Starting A high performance web server and a reverse proxy server...
         Starting Clean php session files...
         Starting vboxadd.service...
[[0;32m  OK  [0m] Started ACPI event daemon.
         Starting MySQL Community Server...
[[0;32m  OK  [0m] Started Unattended Upgrades Shutdown.
         Starting OpenBSD Secure Shell server...
[[0;32m  OK  [0m] Started D-Bus System Message Bus.
[[0;32m  OK  [0m] Started FUSE filesystem for LXC.
         Starting Apply the settings specified in cloud-config...
         Starting LXD - container startup/shutdown...
         Starting vboxadd-x11.service...
         Starting System Logging Service...
         Starting LSB: Record successful boot for GRUB...
         Starting The PHP 7.0 FastCGI Process Manager...
[[0;32m  OK  [0m] Started Deferred execution scheduler.
         Starting LSB: MD monitoring daemon...
         Starting Accounts Service...
         Starting /etc/rc.local Compatibility...
         Starting Snappy daemon...
[[0;32m  OK  [0m] Started OpenBSD Secure Shell server.
[[0;32m  OK  [0m] Started System Logging Service.
[[0;32m  OK  [0m] Started The PHP 7.0 FastCGI Process Manager.
[[0;32m  OK  [0m] Started Clean php session files.
[[0;32m  OK  [0m] Started vboxadd.service.
[[0;32m  OK  [0m] Started LXD - container startup/shutdown.
[[0;32m  OK  [0m] Started vboxadd-x11.service.
[[0;32m  OK  [0m] Started /etc/rc.local Compatibility.
[[0;32m  OK  [0m] Started A high performance web server and a reverse proxy server.
[[0;32m  OK  [0m] Started Snappy daemon.
[   17.934136] cloud-init[1195]: Cloud-init v. 17.1 running 'modules:config' at Tue, 27 Feb 2018 18:47:56 +0000. Up 17.74 seconds.
[[0;32m  OK  [0m] Started Apply the settings specified in cloud-config.
[[0;32m  OK  [0m] Started Login to default iSCSI targets.
[[0;32m  OK  [0m] Started LSB: Record successful boot for GRUB.
[[0;32m  OK  [0m] Started LSB: MD monitoring daemon.
[[0;32m  OK  [0m] Started Login Service.
         Starting Authenticate and Authorize Users to Run Privileged Tasks...
[[0;32m  OK  [0m] Reached target Remote File Systems (Pre).
[[0;32m  OK  [0m] Reached target Remote File Systems.
         Starting LSB: daemon to balance interrupts for SMP systems...
         Starting LSB: Set the CPU Frequency Scaling governor to "ondemand"...
         Starting Permit User Sessions...
         Starting LSB: automatic crash report generation...
         Starting vboxadd-service.service...
[[0;32m  OK  [0m] Started Permit User Sessions.
[[0;32m  OK  [0m] Started Authenticate and Authorize Users to Run Privileged Tasks.
[[0;32m  OK  [0m] Started vboxadd-service.service.
[[0;32m  OK  [0m] Started Accounts Service.
[[0;32m  OK  [0m] Started LSB: Set the CPU Frequency Scaling governor to "ondemand".
[[0;32m  OK  [0m] Started LSB: daemon to balance interrupts for SMP systems.
         Starting Terminate Plymouth Boot Screen...
         Starting Hold until boot process finishes up...
[[0;32m  OK  [0m] Started LSB: automatic crash report generation.
[[0;32m  OK  [0m] Started Terminate Plymouth Boot Screen.
[[0;32m  OK  [0m] Started MySQL Community Server.
[[0;32m  OK  [0m] Started Hold until boot process finishes up.
[[0;32m  OK  [0m] Created slice User Slice of vagrant.
[[0;32m  OK  [0m] Started Session 1 of user vagrant.
         Starting User Manager for UID 1000...
[[0;32m  OK  [0m] Started Getty on tty1.
         Starting Set console scheme...
[[0;32m  OK  [0m] Started Serial Getty on ttyS0.
[[0;32m  OK  [0m] Reached target Login Prompts.
[[0;32m  OK  [0m] Reached target Multi-User System.
         Starting Execute cloud user/final scripts...
[[0;32m  OK  [0m] Reached target Graphical Interface.
         Starting Update UTMP about System Runlevel Changes...
[[0;32m  OK  [0m] Started User Manager for UID 1000.
[[0;32m  OK  [0m] Started Set console scheme.
[[0;32m  OK  [0m] Started Update UTMP about System Runlevel Changes.
[   19.804548] cloud-init[1488]: Cloud-init v. 17.1 running 'modules:final' at Tue, 27 Feb 2018 18:47:58 +0000. Up 19.64 seconds.
[   19.817555] cloud-init[1488]: Cloud-init v. 17.1 finished at Tue, 27 Feb 2018 18:47:58 +0000. Datasource DataSourceNoCloud [seed=/dev/sdb][dsmode=net].  Up 19.79 seconds
[[0;32m  OK  [0m] Started Execute cloud user/final scripts.
[[0;32m  OK  [0m] Reached target Cloud-init target.

Ubuntu 16.04.3 LTS phpup ttyS0

phpup login: 