[    0.000000] Initializing cgroup subsys cpuset
[    0.000000] Initializing cgroup subsys cpu
[    0.000000] Initializing cgroup subsys cpuacct
[    0.000000] Linux version 4.4.0-112-generic (buildd@lgw01-amd64-010) (gcc version 5.4.0 20160609 (Ubuntu 5.4.0-6ubuntu1~16.04.5) ) #135-Ubuntu SMP Fri Jan 19 11:48:36 UTC 2018 (Ubuntu 4.4.0-112.135-generic 4.4.98)
[    0.000000] Command line: BOOT_IMAGE=/boot/vmlinuz-4.4.0-112-generic root=UUID=676eac73-81dc-4fbd-bdea-aebcbe447240 ro console=tty1 console=ttyS0
[    0.000000] KERNEL supported cpus:
[    0.000000]   Intel GenuineIntel
[    0.000000]   AMD AuthenticAMD
[    0.000000]   Centaur CentaurHauls
[    0.000000] ------------[ cut here ]------------
[    0.000000] WARNING: CPU: 0 PID: 0 at /build/linux-HSAA8v/linux-4.4.0/arch/x86/kernel/fpu/xstate.c:517 fpu__init_system_xstate+0x38b/0x75a()
[    0.000000] XSAVE consistency problem, dumping leaves
[    0.000000] Modules linked in:
[    0.000000] CPU: 0 PID: 0 Comm: swapper Not tainted 4.4.0-112-generic #135-Ubuntu
[    0.000000]  0000000000000086 a0fb6e31b202bcb0 ffffffff81e03d80 ffffffff813fc233
[    0.000000]  ffffffff81e03dc8 ffffffff81cab100 ffffffff81e03db8 ffffffff81081f82
[    0.000000]  ffffffff81e03e48 ffffffff81e03e4c 0000000000000008 0000000000000100
[    0.000000] Call Trace:
[    0.000000]  [<ffffffff813fc233>] dump_stack+0x63/0x90
[    0.000000]  [<ffffffff81081f82>] warn_slowpath_common+0x82/0xc0
[    0.000000]  [<ffffffff8108201c>] warn_slowpath_fmt+0x5c/0x80
[    0.000000]  [<ffffffff8107dc20>] ? xfeature_size+0x59/0x77
[    0.000000]  [<ffffffff81f72275>] fpu__init_system_xstate+0x38b/0x75a
[    0.000000]  [<ffffffff81f62120>] ? early_idt_handler_array+0x120/0x120
[    0.000000]  [<ffffffff81f71be0>] fpu__init_system+0x10d/0x245
[    0.000000]  [<ffffffff81f72ce9>] early_cpu_init+0x139/0x13e
[    0.000000]  [<ffffffff81f72ce9>] ? early_cpu_init+0x139/0x13e
[    0.000000]  [<ffffffff81f6e19b>] setup_arch+0xb4/0xcfb
[    0.000000]  [<ffffffff81f62120>] ? early_idt_handler_array+0x120/0x120
[    0.000000]  [<ffffffff81f62c74>] start_kernel+0xe4/0x4a7
[    0.000000]  [<ffffffff81f62120>] ? early_idt_handler_array+0x120/0x120
[    0.000000]  [<ffffffff81f62339>] x86_64_start_reservations+0x2a/0x2c
[    0.000000]  [<ffffffff81f62485>] x86_64_start_kernel+0x14a/0x16d
[    0.000000] ---[ end trace 4d5ff9f2f68c4233 ]---
[    0.000000] CPUID[0d, 00]: eax=00000007 ebx=00000440 ecx=00000440 edx=00000000
[    0.000000] CPUID[0d, 01]: eax=00000000 ebx=000003c0 ecx=00000000 edx=00000000
[    0.000000] CPUID[0d, 02]: eax=00000100 ebx=00000240 ecx=00000000 edx=00000000
[    0.000000] CPUID[0d, 03]: eax=00000000 ebx=00000000 ecx=00000000 edx=00000000
[    0.000000] CPUID[0d, 04]: eax=00000000 ebx=00000000 ecx=00000000 edx=00000000
[    0.000000] CPUID[0d, 05]: eax=00000000 ebx=00000000 ecx=00000000 edx=00000000
[    0.000000] CPUID[0d, 06]: eax=00000000 ebx=00000000 ecx=00000000 edx=00000000
[    0.000000] CPUID[0d, 07]: eax=00000000 ebx=00000000 ecx=00000000 edx=00000000
[    0.000000] CPUID[0d, 08]: eax=00000000 ebx=00000000 ecx=00000000 edx=00000000
[    0.000000] CPUID[0d, 09]: eax=00000000 ebx=00000000 ecx=00000000 edx=00000000
[    0.000000] CPUID[0d, 0a]: eax=00000000 ebx=00000000 ecx=00000000 edx=00000000
[    0.000000] CPUID[0d, 0b]: eax=00000000 ebx=00000000 ecx=00000000 edx=00000000
[    0.000000] CPUID[0d, 0c]: eax=00000000 ebx=00000000 ecx=00000000 edx=00000000
[    0.000000] CPUID[0d, 0d]: eax=00000000 ebx=00000000 ecx=00000000 edx=00000000
[    0.000000] CPUID[0d, 0e]: eax=00000000 ebx=00000000 ecx=00000000 edx=00000000
[    0.000000] CPUID[0d, 0f]: eax=00000000 ebx=00000000 ecx=00000000 edx=00000000
[    0.000000] CPUID[0d, 10]: eax=00000000 ebx=00000000 ecx=00000000 edx=00000000
[    0.000000] CPUID[0d, 11]: eax=00000000 ebx=00000000 ecx=00000000 edx=00000000
[    0.000000] x86/fpu: xstate_offset[2]:  576, xstate_sizes[2]:  256
[    0.000000] x86/fpu: Supporting XSAVE feature 0x01: 'x87 floating point registers'
[    0.000000] x86/fpu: Supporting XSAVE feature 0x02: 'SSE registers'
[    0.000000] x86/fpu: Supporting XSAVE feature 0x04: 'AVX registers'
[    0.000000] x86/fpu: Enabled xstate features 0x7, context size is 1088 bytes, using 'standard' format.
[    0.000000] x86/fpu: Using 'lazy' FPU context switches.
[    0.000000] e820: BIOS-provided physical RAM map:
[    0.000000] BIOS-e820: [mem 0x0000000000000000-0x000000000009fbff] usable
[    0.000000] BIOS-e820: [mem 0x000000000009fc00-0x000000000009ffff] reserved
[    0.000000] BIOS-e820: [mem 0x00000000000f0000-0x00000000000fffff] reserved
[    0.000000] BIOS-e820: [mem 0x0000000000100000-0x000000003ffeffff] usable
[    0.000000] BIOS-e820: [mem 0x000000003fff0000-0x000000003fffffff] ACPI data
[    0.000000] BIOS-e820: [mem 0x00000000fec00000-0x00000000fec00fff] reserved
[    0.000000] BIOS-e820: [mem 0x00000000fee00000-0x00000000fee00fff] reserved
[    0.000000] BIOS-e820: [mem 0x00000000fffc0000-0x00000000ffffffff] reserved
[    0.000000] NX (Execute Disable) protection: active
[    0.000000] SMBIOS 2.5 present.
[    0.000000] Hypervisor detected: KVM
[    0.000000] e820: last_pfn = 0x3fff0 max_arch_pfn = 0x400000000
[    0.000000] MTRR: Disabled
[    0.000000] x86/PAT: MTRRs disabled, skipping PAT initialization too.
[    0.000000] CPU MTRRs all blank - virtualized system.
[    0.000000] x86/PAT: Configuration [0-7]: WB  WT  UC- UC  WB  WT  UC- UC  
[    0.000000] found SMP MP-table at [mem 0x0009fff0-0x0009ffff] mapped at [ffff88000009fff0]
[    0.000000] Scanning 1 areas for low memory corruption
[    0.000000] RAMDISK: [mem 0x36232000-0x37110fff]
[    0.000000] ACPI: Early table checksum verification disabled
[    0.000000] ACPI: RSDP 0x00000000000E0000 000024 (v02 VBOX  )
[    0.000000] ACPI: XSDT 0x000000003FFF0030 00003C (v01 VBOX   VBOXXSDT 00000001 ASL  00000061)
[    0.000000] ACPI: FACP 0x000000003FFF00F0 0000F4 (v04 VBOX   VBOXFACP 00000001 ASL  00000061)
[    0.000000] ACPI: DSDT 0x000000003FFF0470 0021FF (v02 VBOX   VBOXBIOS 00000002 INTL 20160108)
[    0.000000] ACPI: FACS 0x000000003FFF0200 000040
[    0.000000] ACPI: FACS 0x000000003FFF0200 000040
[    0.000000] ACPI: APIC 0x000000003FFF0240 00005C (v02 VBOX   VBOXAPIC 00000001 ASL  00000061)
[    0.000000] ACPI: SSDT 0x000000003FFF02A0 0001CC (v01 VBOX   VBOXCPUT 00000002 INTL 20160108)
[    0.000000] No NUMA configuration found
[    0.000000] Faking a node at [mem 0x0000000000000000-0x000000003ffeffff]
[    0.000000] NODE_DATA(0) allocated [mem 0x3ffeb000-0x3ffeffff]
[    0.000000] kvm-clock: Using msrs 4b564d01 and 4b564d00
[    0.000000] kvm-clock: cpu 0, msr 0:3ffe3001, primary cpu clock
[    0.000000] kvm-clock: using sched offset of 3421047872 cycles
[    0.000000] clocksource: kvm-clock: mask: 0xffffffffffffffff max_cycles: 0x1cd42e4dffb, max_idle_ns: 881590591483 ns
[    0.000000] Zone ranges:
[    0.000000]   DMA      [mem 0x0000000000001000-0x0000000000ffffff]
[    0.000000]   DMA32    [mem 0x0000000001000000-0x000000003ffeffff]
[    0.000000]   Normal   empty
[    0.000000]   Device   empty
[    0.000000] Movable zone start for each node
[    0.000000] Early memory node ranges
[    0.000000]   node   0: [mem 0x0000000000001000-0x000000000009efff]
[    0.000000]   node   0: [mem 0x0000000000100000-0x000000003ffeffff]
[    0.000000] Initmem setup node 0 [mem 0x0000000000001000-0x000000003ffeffff]
[    0.000000] ACPI: PM-Timer IO Port: 0x4008
[    0.000000] IOAPIC[0]: apic_id 2, version 32, address 0xfec00000, GSI 0-23
[    0.000000] ACPI: INT_SRC_OVR (bus 0 bus_irq 0 global_irq 2 dfl dfl)
[    0.000000] ACPI: INT_SRC_OVR (bus 0 bus_irq 9 global_irq 9 high level)
[    0.000000] Using ACPI (MADT) for SMP configuration information
[    0.000000] smpboot: Allowing 2 CPUs, 0 hotplug CPUs
[    0.000000] PM: Registered nosave memory: [mem 0x00000000-0x00000fff]
[    0.000000] PM: Registered nosave memory: [mem 0x0009f000-0x0009ffff]
[    0.000000] PM: Registered nosave memory: [mem 0x000a0000-0x000effff]
[    0.000000] PM: Registered nosave memory: [mem 0x000f0000-0x000fffff]
[    0.000000] e820: [mem 0x40000000-0xfebfffff] available for PCI devices
[    0.000000] Booting paravirtualized kernel on KVM
[    0.000000] clocksource: refined-jiffies: mask: 0xffffffff max_cycles: 0xffffffff, max_idle_ns: 7645519600211568 ns
[    0.000000] setup_percpu: NR_CPUS:512 nr_cpumask_bits:512 nr_cpu_ids:2 nr_node_ids:1
[    0.000000] PERCPU: Embedded 34 pages/cpu @ffff88003fc00000 s99544 r8192 d31528 u1048576
[    0.000000] PV qspinlock hash table entries: 256 (order: 0, 4096 bytes)
[    0.000000] Built 1 zonelists in Node order, mobility grouping on.  Total pages: 257913
[    0.000000] Policy zone: DMA32
[    0.000000] Kernel command line: BOOT_IMAGE=/boot/vmlinuz-4.4.0-112-generic root=UUID=676eac73-81dc-4fbd-bdea-aebcbe447240 ro console=tty1 console=ttyS0
[    0.000000] PID hash table entries: 4096 (order: 3, 32768 bytes)
[    0.000000] Memory: 997304K/1048120K available (8499K kernel code, 1309K rwdata, 3988K rodata, 1508K init, 1316K bss, 50816K reserved, 0K cma-reserved)
[    0.000000] SLUB: HWalign=64, Order=0-3, MinObjects=0, CPUs=2, Nodes=1
[    0.000000] Kernel/User page tables isolation: enabled
[    0.000000] Hierarchical RCU implementation.
[    0.000000] 	Build-time adjustment of leaf fanout to 64.
[    0.000000] 	RCU restricting CPUs from NR_CPUS=512 to nr_cpu_ids=2.
[    0.000000] RCU: Adjusting geometry for rcu_fanout_leaf=64, nr_cpu_ids=2
[    0.000000] NR_IRQS:33024 nr_irqs:440 16
[    0.000000] Console: colour VGA+ 80x25
[    0.000000] console [tty1] enabled
[    0.000000] console [ttyS0] enabled
[    0.000000] tsc: Detected 2303.998 MHz processor
[    3.450439] Calibrating delay loop (skipped) preset value.. 4607.99 BogoMIPS (lpj=9215992)
[    3.452489] pid_max: default: 32768 minimum: 301
[    3.453572] ACPI: Core revision 20150930
[    3.455783] ACPI: 2 ACPI AML tables successfully acquired and loaded
[    3.458912] Security Framework initialized
[    3.459901] Yama: becoming mindful.
[    3.460807] AppArmor: AppArmor initialized
[    3.537388] Dentry cache hash table entries: 131072 (order: 8, 1048576 bytes)
[    3.586742] Inode-cache hash table entries: 65536 (order: 7, 524288 bytes)
[    3.680237] Mount-cache hash table entries: 2048 (order: 2, 16384 bytes)
[    3.712896] Mountpoint-cache hash table entries: 2048 (order: 2, 16384 bytes)
[    3.754532] Initializing cgroup subsys io
[    3.772924] Initializing cgroup subsys memory
[    3.773994] Initializing cgroup subsys devices
[    3.781883] Initializing cgroup subsys freezer
[    3.787037] Initializing cgroup subsys net_cls
[    3.788062] Initializing cgroup subsys perf_event
[    3.799647] Initializing cgroup subsys net_prio
[    3.809398] Initializing cgroup subsys hugetlb
[    3.881820] Initializing cgroup subsys pids
[    3.946007] CPU: Physical Processor ID: 0
[    3.958362] CPU: Processor Core ID: 0
[    3.959273] FEATURE SPEC_CTRL Not Present
[    3.961494] mce: CPU supports 0 MCE banks
[    3.969151] Last level iTLB entries: 4KB 64, 2MB 8, 4MB 8
[    4.017911] Last level dTLB entries: 4KB 64, 2MB 0, 4MB 0, 1GB 4
[    4.072707] Freeing SMP alternatives memory: 32K
[    4.089007] ftrace: allocating 32180 entries in 126 pages
[    4.197449] smpboot: APIC(0) Converting physical 0 to logical package 0
[    4.223791] smpboot: Max logical packages: 1
[    4.279446] x2apic enabled
[    4.309798] Switched APIC routing to physical x2apic.
[    4.355057] ..TIMER: vector=0x30 apic1=0 pin1=2 apic2=-1 pin2=-1
[    4.573003] smpboot: CPU0: Intel(R) Core(TM) i3-6100U CPU @ 2.30GHz (family: 0x6, model: 0x4e, stepping: 0x3)
[    4.667752] Performance Events: unsupported p6 CPU model 78 no PMU driver, software events only.
[    4.669935] KVM setup paravirtual spinlock
[    4.718673] x86: Booting SMP configuration:
[    4.732425] .... node  #0, CPUs:      #1
[    4.743358] kvm-clock: cpu 1, msr 0:3ffe3041, secondary cpu clock
[    4.746997] mce: CPU supports 0 MCE banks
[    4.749720] x86: Booted up 1 node, 2 CPUs
[    4.811971] smpboot: Total of 2 processors activated (9215.99 BogoMIPS)
[    4.846628] devtmpfs: initialized
[    4.888133] evm: security.selinux
[    4.921584] evm: security.SMACK64
[    4.956781] evm: security.SMACK64EXEC
[    4.981935] evm: security.SMACK64TRANSMUTE
[    5.005548] evm: security.SMACK64MMAP
[    5.047087] evm: security.ima
[    5.083097] evm: security.capability
[    5.145786] clocksource: jiffies: mask: 0xffffffff max_cycles: 0xffffffff, max_idle_ns: 7645041785100000 ns
[    5.185698] futex hash table entries: 512 (order: 3, 32768 bytes)
[    5.248306] pinctrl core: initialized pinctrl subsystem
[    5.263742] RTC time: 11:15:15, date: 02/27/18
[    5.265245] NET: Registered protocol family 16
[    5.289704] cpuidle: using governor ladder
[    5.373396] cpuidle: using governor menu
[    5.399281] PCCT header not found.
[    5.433577] ACPI: bus type PCI registered
[    5.444570] acpiphp: ACPI Hot Plug PCI Controller Driver version: 0.5
[    5.446059] PCI: Using configuration type 1 for base access
[    5.458349] ACPI: Added _OSI(Module Device)
[    5.514714] ACPI: Added _OSI(Processor Device)
[    5.548300] ACPI: Added _OSI(3.0 _SCP Extensions)
[    5.549365] ACPI: Added _OSI(Processor Aggregator Device)
[    5.551406] ACPI: Executed 1 blocks of module-level executable AML code
[    5.634395] ACPI: Interpreter enabled
[    5.639089] ACPI: (supports S0 S5)
[    5.693410] ACPI: Using IOAPIC for interrupt routing
[    5.729874] PCI: Using host bridge windows from ACPI; if necessary, use "pci=nocrs" and report a bug
[    5.749429] ACPI: PCI Root Bridge [PCI0] (domain 0000 [bus 00-ff])
[    5.794232] acpi PNP0A03:00: _OSC: OS supports [ASPM ClockPM Segments MSI]
[    5.800975] acpi PNP0A03:00: _OSC: not requesting OS control; OS requires [ExtendedConfig ASPM ClockPM MSI]
[    5.882818] acpi PNP0A03:00: fail to add MMCONFIG information, can't access extended PCI configuration space under this bridge.
[    5.985669] PCI host bridge to bus 0000:00
[    5.986556] pci_bus 0000:00: root bus resource [io  0x0000-0x0cf7 window]
[    5.995598] pci_bus 0000:00: root bus resource [io  0x0d00-0xffff window]
[    6.007320] pci_bus 0000:00: root bus resource [mem 0x000a0000-0x000bffff window]
[    6.014382] pci_bus 0000:00: root bus resource [mem 0x40000000-0xffdfffff window]
[    6.016123] pci_bus 0000:00: root bus resource [bus 00-ff]
[    6.018933] pci 0000:00:01.1: legacy IDE quirk: reg 0x10: [io  0x01f0-0x01f7]
[    6.021708] pci 0000:00:01.1: legacy IDE quirk: reg 0x14: [io  0x03f6]
[    6.023065] pci 0000:00:01.1: legacy IDE quirk: reg 0x18: [io  0x0170-0x0177]
[    6.024511] pci 0000:00:01.1: legacy IDE quirk: reg 0x1c: [io  0x0376]
[    6.043860] pci 0000:00:07.0: quirk: [io  0x4000-0x403f] claimed by PIIX4 ACPI
[    6.050876] pci 0000:00:07.0: quirk: [io  0x4100-0x410f] claimed by PIIX4 SMB
[    6.063460] ACPI: PCI Interrupt Link [LNKA] (IRQs 5 9 10 *11)
[    6.097985] ACPI: PCI Interrupt Link [LNKB] (IRQs 5 9 10 *11)
[    6.102614] ACPI: PCI Interrupt Link [LNKC] (IRQs 5 9 *10 11)
[    6.104344] ACPI: PCI Interrupt Link [LNKD] (IRQs 5 *9 10 11)
[    6.106159] ACPI: Enabled 2 GPEs in block 00 to 07
[    6.107757] vgaarb: setting as boot device: PCI:0000:00:02.0
[    6.110500] vgaarb: device added: PCI:0000:00:02.0,decodes=io+mem,owns=io+mem,locks=none
[    6.112394] vgaarb: loaded
[    6.113131] vgaarb: bridge control possible 0000:00:02.0
[    6.137864] SCSI subsystem initialized
[    6.173675] ACPI: bus type USB registered
[    6.203657] usbcore: registered new interface driver usbfs
[    6.247531] usbcore: registered new interface driver hub
[    6.254013] usbcore: registered new device driver usb
[    6.256010] PCI: Using ACPI for IRQ routing
[    6.262477] NetLabel: Initializing
[    6.266060] NetLabel:  domain hash size = 128
[    6.268157] NetLabel:  protocols = UNLABELED CIPSOv4
[    6.269277] NetLabel:  unlabeled traffic allowed by default
[    6.270645] amd_nb: Cannot enumerate AMD northbridges
[    6.273277] clocksource: Switched to clocksource kvm-clock
[    6.282159] AppArmor: AppArmor Filesystem Enabled
[    6.293935] pnp: PnP ACPI init
[    6.354619] pnp: PnP ACPI: found 3 devices
[    6.444412] clocksource: acpi_pm: mask: 0xffffff max_cycles: 0xffffff, max_idle_ns: 2085701024 ns
[    6.485514] NET: Registered protocol family 2
[    6.586030] TCP established hash table entries: 8192 (order: 4, 65536 bytes)
[    6.799972] TCP bind hash table entries: 8192 (order: 5, 131072 bytes)
[    6.936141] TCP: Hash tables configured (established 8192 bind 8192)
[    6.937558] UDP hash table entries: 512 (order: 2, 16384 bytes)
[    7.026920] UDP-Lite hash table entries: 512 (order: 2, 16384 bytes)
[    7.073277] NET: Registered protocol family 1
[    7.074378] pci 0000:00:00.0: Limiting direct PCI/PCI transfers
[    7.075735] pci 0000:00:01.0: Activating ISA DMA hang workarounds
[    7.077229] Unpacking initramfs...
[    7.378180] Freeing initrd memory: 15228K
[    7.412830] platform rtc_cmos: registered platform RTC device (no PNP device found)
[    7.475301] Scanning for low memory corruption every 60 seconds
[    7.603314] audit: initializing netlink subsys (disabled)
[    7.606095] audit: type=2000 audit(1519730116.926:1): initialized
[    7.612588] Initialise system trusted keyring
[    7.653176] HugeTLB registered 2 MB page size, pre-allocated 0 pages
[    7.704891] zbud: loaded
[    7.714769] VFS: Disk quotas dquot_6.6.0
[    7.716870] VFS: Dquot-cache hash table entries: 512 (order 0, 4096 bytes)
[    7.820871] squashfs: version 4.0 (2009/01/31) Phillip Lougher
[    7.829314] fuse init (API version 7.23)
[    7.840415] Key type big_key registered
[    7.842231] Allocating IMA MOK and blacklist keyrings.
[    7.844739] Key type asymmetric registered
[    7.913033] Asymmetric key parser 'x509' registered
[    7.914098] Block layer SCSI generic (bsg) driver version 0.4 loaded (major 249)
[    7.915742] io scheduler noop registered
[    7.943036] io scheduler deadline registered (default)
[    7.993062] io scheduler cfq registered
[    7.994061] pci_hotplug: PCI Hot Plug PCI Core version: 0.5
[    7.995152] pciehp: PCI Express Hot Plug Controller Driver version: 0.4
[    7.996497] ACPI: AC Adapter [AC] (on-line)
[    7.997437] input: Power Button as /devices/LNXSYSTM:00/LNXPWRBN:00/input/input0
[    7.999044] ACPI: Power Button [PWRF]
[    7.999922] input: Sleep Button as /devices/LNXSYSTM:00/LNXSLPBN:00/input/input1
[    8.001469] ACPI: Sleep Button [SLPF]
[    8.003171] ACPI: Battery Slot [BAT0] (battery present)
[    8.010415] GHES: HEST is not enabled!
[    8.054233] Serial: 8250/16550 driver, 32 ports, IRQ sharing enabled
[    8.077637] 00:02: ttyS0 at I/O 0x3f8 (irq = 4, base_baud = 115200) is a 16550A
[    8.214600] Linux agpgart interface v0.103
[    8.241043] loop: module loaded
[    8.343566] scsi host0: ata_piix
[    8.363126] scsi host1: ata_piix
[    8.363943] ata1: PATA max UDMA/33 cmd 0x1f0 ctl 0x3f6 bmdma 0xd000 irq 14
[    8.365193] ata2: PATA max UDMA/33 cmd 0x170 ctl 0x376 bmdma 0xd008 irq 15
[    8.366596] libphy: Fixed MDIO Bus: probed
[    8.373080] tun: Universal TUN/TAP device driver, 1.6
[    8.374207] tun: (C) 1999-2004 Max Krasnyansky <maxk@qualcomm.com>
[    8.375553] PPP generic driver version 2.4.2
[    8.376600] ehci_hcd: USB 2.0 'Enhanced' Host Controller (EHCI) Driver
[    8.377993] ehci-pci: EHCI PCI platform driver
[    8.379070] ehci-platform: EHCI generic platform driver
[    8.383322] ohci_hcd: USB 1.1 'Open' Host Controller (OHCI) Driver
[    8.384613] ohci-pci: OHCI PCI platform driver
[    8.385636] ohci-platform: OHCI generic platform driver
[    8.386862] uhci_hcd: USB Universal Host Controller Interface driver
[    8.388247] i8042: PNP: PS/2 Controller [PNP0303:PS2K,PNP0f03:PS2M] at 0x60,0x64 irq 1,12
[    8.390665] serio: i8042 KBD port at 0x60,0x64 irq 1
[    8.393201] serio: i8042 AUX port at 0x60,0x64 irq 12
[    8.394500] mousedev: PS/2 mouse device common for all mice
[    8.401878] input: AT Translated Set 2 keyboard as /devices/platform/i8042/serio0/input/input2
[    8.410692] rtc_cmos rtc_cmos: rtc core: registered rtc_cmos as rtc0
[    8.415121] tsc: Refined TSC clocksource calibration: 2305.674 MHz
[    8.416407] clocksource: tsc: mask: 0xffffffffffffffff max_cycles: 0x213c250d3b8, max_idle_ns: 440795203352 ns
[    8.418592] rtc_cmos rtc_cmos: alarms up to one day, 114 bytes nvram
[    8.419919] i2c /dev entries driver
[    8.420843] device-mapper: uevent: version 1.0.3
[    8.421988] device-mapper: ioctl: 4.34.0-ioctl (2015-10-28) initialised: dm-devel@redhat.com
[    8.430485] ledtrig-cpu: registered to indicate activity on CPUs
[    8.432284] NET: Registered protocol family 10
[    8.435543] NET: Registered protocol family 17
[    8.483064] Key type dns_resolver registered
[    8.484163] microcode: CPU0 sig=0x406e3, pf=0x2, revision=0x0
[    8.610554] microcode: CPU1 sig=0x406e3, pf=0x2, revision=0x0
[    8.613272] microcode: Microcode Update Driver: v2.01 <tigran@aivazian.fsnet.co.uk>, Peter Oruba
[    8.667109] registered taskstats version 1
[    8.722785] Loading compiled-in X.509 certificates
[    8.753906] Loaded X.509 cert 'Build time autogenerated kernel key: 4c603087bab8f0a02cb3b4e1fb4c40f507e71ef1'
[    8.814400] zswap: loaded using pool lzo/zbud
[    8.851818] Key type trusted registered
[    8.964259] Key type encrypted registered
[    9.045365] AppArmor: AppArmor sha1 policy hashing enabled
[    9.113123] ima: No TPM chip found, activating TPM-bypass!
[    9.114238] evm: HMAC attrs: 0x1
[    9.115421]   Magic number: 6:888:277
[    9.143041] tty tty14: hash matches
[    9.144030] rtc_cmos rtc_cmos: setting system clock to 2018-02-27 11:15:19 UTC (1519730119)
[    9.146092] BIOS EDD facility v0.16 2004-Jun-25, 0 devices found
[    9.147370] EDD information not available.
[    9.149884] Freeing unused kernel memory: 1508K
[    9.153140] Write protecting the kernel read-only data: 14336k
[    9.155045] Freeing unused kernel memory: 1728K
[    9.160980] Freeing unused kernel memory: 108K
Loading, please wait...
[    9.179658] random: systemd-udevd: uninitialized urandom read (16 bytes read, 3 bits of entropy available)
starting version 229
[    9.180446] random: udevadm: uninitialized urandom read (16 bytes read, 3 bits of entropy available)
[    9.180473] random: udevadm: uninitialized urandom read (16 bytes read, 3 bits of entropy available)
[    9.194167] random: udevadm: uninitialized urandom read (16 bytes read, 3 bits of entropy available)
[    9.194233] random: udevadm: uninitialized urandom read (16 bytes read, 3 bits of entropy available)
[    9.194457] random: udevadm: uninitialized urandom read (16 bytes read, 3 bits of entropy available)
[    9.194539] random: udevadm: uninitialized urandom read (16 bytes read, 3 bits of entropy available)
[    9.194617] random: udevadm: uninitialized urandom read (16 bytes read, 3 bits of entropy available)
[    9.194700] random: udevadm: uninitialized urandom read (16 bytes read, 3 bits of entropy available)
[    9.194793] random: udevadm: uninitialized urandom read (16 bytes read, 3 bits of entropy available)
[    9.657247] e1000: Intel(R) PRO/1000 Network Driver - version 7.3.21-k8-NAPI
[    9.664879] e1000: Copyright (c) 1999-2006 Intel Corporation.
[    9.677331] Fusion MPT base driver 3.04.20
[    9.685944] Copyright (c) 1999-2008 LSI Corporation
[    9.722104] Fusion MPT SPI Host driver 3.04.20
[    9.785589] AVX version of gcm_enc/dec engaged.
[    9.804670] AES CTR mode by8 optimization enabled
[    9.995919] input: ImExPS/2 Generic Explorer Mouse as /devices/platform/i8042/serio1/input/input4
[   10.126220] e1000 0000:00:03.0 eth0: (PCI:33MHz:32-bit) 02:38:07:4c:82:85
[   10.250118] e1000 0000:00:03.0 eth0: Intel(R) PRO/1000 Network Connection
[   10.650120] e1000 0000:00:08.0 eth1: (PCI:33MHz:32-bit) 08:00:27:af:9b:76
[   10.656902] e1000 0000:00:08.0 eth1: Intel(R) PRO/1000 Network Connection
[   10.659198] mptbase: ioc0: Initiating bringup
[   10.660012] e1000 0000:00:03.0 enp0s3: renamed from eth0
[   10.679038] e1000 0000:00:08.0 enp0s8: renamed from eth1
[   10.793566] ioc0: LSI53C1030 A0: Capabilities={Initiator}
[   11.053940] scsi host2: ioc0: LSI53C1030 A0, FwRev=00000000h, Ports=1, MaxQ=256, IRQ=20
[   11.275107] scsi 2:0:0:0: Direct-Access     VBOX     HARDDISK         1.0  PQ: 0 ANSI: 5
[   11.285561] scsi target2:0:0: Beginning Domain Validation
[   11.434766] scsi target2:0:0: Domain Validation skipping write tests
[   11.450111] scsi target2:0:0: Ending Domain Validation
[   11.451338] scsi target2:0:0: asynchronous
[   11.452704] scsi 2:0:1:0: Direct-Access     VBOX     HARDDISK         1.0  PQ: 0 ANSI: 5
[   11.454583] scsi target2:0:1: Beginning Domain Validation
[   11.456487] scsi target2:0:1: Domain Validation skipping write tests
[   11.457826] scsi target2:0:1: Ending Domain Validation
[   11.459002] scsi target2:0:1: asynchronous
[   11.465956] sd 2:0:0:0: [sda] 20971520 512-byte logical blocks: (10.7 GB/10.0 GiB)
[   11.483984] sd 2:0:0:0: [sda] Write Protect is off
[   11.484046] sd 2:0:0:0: Attached scsi generic sg0 type 0
[   11.486091] sd 2:0:1:0: [sdb] 20480 512-byte logical blocks: (10.5 MB/10.0 MiB)
[   11.486247] sd 2:0:1:0: [sdb] Write Protect is off
[   11.486456] sd 2:0:1:0: [sdb] Incomplete mode parameter data
[   11.486458] sd 2:0:1:0: [sdb] Assuming drive cache: write through
[   11.487394] sd 2:0:1:0: Attached scsi generic sg1 type 0
[   11.493494] sd 2:0:1:0: [sdb] Attached SCSI disk
[   11.674766] sd 2:0:0:0: [sda] Incomplete mode parameter data
[   11.743154] sd 2:0:0:0: [sda] Assuming drive cache: write through
[   11.820465]  sda: sda1
[   11.843809] sd 2:0:0:0: [sda] Attached SCSI disk
[   12.665902] floppy0: no floppy controllers found
Begin: Loading essential drivers ... [   14.174057] md: linear personality registered for level -1
[   14.210971] md: multipath personality registered for level -4
[   14.526141] md: raid0 personality registered for level 0
[   14.577163] md: raid1 personality registered for level 1
[   14.825355] raid6: sse2x1   gen()  6459 MB/s
[   14.901358] raid6: sse2x1   xor()  3981 MB/s
[   15.021352] raid6: sse2x2   gen()  7854 MB/s
[   15.193355] raid6: sse2x2   xor()  5375 MB/s
[   15.277339] raid6: sse2x4   gen()  6847 MB/s
[   15.361311] raid6: sse2x4   xor()  6050 MB/s
[   15.446170] raid6: using algorithm sse2x2 gen() 7854 MB/s
[   15.466526] raid6: .... xor() 5375 MB/s, rmw enabled
[   15.467667] raid6: using ssse3x2 recovery algorithm
[   15.470407] xor: automatically using best checksumming function:
[   15.562159]    avx       : 16746.000 MB/sec
[   15.604503] async_tx: api initialized (async)
[   15.692050] md: raid6 personality registered for level 6
[   15.730004] md: raid5 personality registered for level 5
[   15.731174] md: raid4 personality registered for level 4
[   15.739500] md: raid10 personality registered for level 10
done.
Begin: Running /scripts/init-premount ... done.
Begin: Mounting root file system ... Begin: Running /scripts/l[   15.781672] Btrfs loaded
ocal-top ... done.
Begin: Running /scripts/local-premount ... Scanning for Btrfs filesystems
done.
Warning: fsck not present, so sk[   15.858123] EXT4-fs (sda1): mounted filesystem with ordered data mode. Opts: (null)
ipping root file system
done.
Begin: Running /scripts/local-bottom ... done.
Begin: Running /scripts/init-bottom ... done.
[   16.080985] systemd[1]: systemd 229 running in system mode. (+PAM +AUDIT +SELINUX +IMA +APPARMOR +SMACK +SYSVINIT +UTMP +LIBCRYPTSETUP +GCRYPT +GNUTLS +ACL +XZ -LZ4 +SECCOMP +BLKID +ELFUTILS +KMOD -IDN)
[   16.169821] systemd[1]: Detected virtualization oracle.
[   16.172604] systemd[1]: Detected architecture x86-64.

Welcome to [1mUbuntu 16.04.3 LTS[0m!

[   16.192081] systemd[1]: Set hostname to <phpup>.
[   16.401680] systemd[1]: Listening on Journal Socket.
[[0;32m  OK  [0m] Listening on Journal Socket.
[   16.446507] systemd[1]: Listening on LVM2 poll daemon socket.
[[0;32m  OK  [0m] Listening on LVM2 poll daemon socket.
[   16.605460] systemd[1]: Listening on udev Kernel Socket.
[[0;32m  OK  [0m] Listening on udev Kernel Socket.
[   16.681174] systemd[1]: Reached target Swap.
[[0;32m  OK  [0m] Reached target Swap.
[   16.711147] systemd[1]: Created slice User and Session Slice.
[[0;32m  OK  [0m] Created slice User and Session Slice.
[   16.734510] systemd[1]: Listening on udev Control Socket.
[[0;32m  OK  [0m] Listening on udev Control Socket.
[   16.885621] systemd[1]: Reached target Encrypted Volumes.
[[0;32m  OK  [0m] Reached target Encrypted Volumes.
[   16.997718] systemd[1]: Started Trigger resolvconf update for networkd DNS.
[[0;32m  OK  [0m] Started Trigger resolvconf update for networkd DNS.
[   17.001502] systemd[1]: Listening on Syslog Socket.
[[0;32m  OK  [0m] Listening on Syslog Socket.
[   17.042639] systemd[1]: Set up automount Arbitrary Executable File Formats File System Automount Point.
[[0;32m  OK  [0m] Set up automount Arbitrary Executab...ats File System Automount Point.
[   17.193833] systemd[1]: Reached target User and Group Name Lookups.
[[0;32m  OK  [0m] Reached target User and Group Name Lookups.
[   17.353270] systemd[1]: Listening on Device-mapper event daemon FIFOs.
[[0;32m  OK  [0m] Listening on Device-mapper event daemon FIFOs.
[   17.390752] systemd[1]: Started Forward Password Requests to Wall Directory Watch.
[[0;32m  OK  [0m] Started Forward Password Requests to Wall Directory Watch.
[   17.521526] systemd[1]: Listening on Journal Socket (/dev/log).
[[0;32m  OK  [0m] Listening on Journal Socket (/dev/log).
[   17.532680] systemd[1]: Listening on Journal Audit Socket.
[[0;32m  OK  [0m] Listening on Journal Audit Socket.
[   17.535089] systemd[1]: Listening on LVM2 metadata daemon socket.
[[0;32m  OK  [0m] Listening on LVM2 metadata daemon socket.
[   17.537370] systemd[1]: Listening on /dev/initctl Compatibility Named Pipe.
[[0;32m  OK  [0m] Listening on /dev/initctl Compatibility Named Pipe.
[   17.540235] systemd[1]: Created slice System Slice.
[[0;32m  OK  [0m] Created slice System Slice.
[   17.542537] systemd[1]: Created slice system-serial\x2dgetty.slice.
[[0;32m  OK  [0m] Created slice system-serial\x2dgetty.slice.
[   17.557689] systemd[1]: Starting Remount Root and Kernel File Systems...
[   17.558478] random: nonblocking pool is initialized
[   17.568381] EXT4-fs (sda1): re-mounted. Opts: (null)
         Starting Remount Root and Kernel File Systems...
[   17.646862] systemd[1]: Starting Monitoring of LVM2 mirrors, snapshots etc. using dmeventd or progress polling...
         Starting Monitoring of LVM2 mirrors... dmeventd or progress polling...
[   17.660014] systemd[1]: Starting Nameserver information manager...
         Starting Nameserver information manager...
[   17.767312] systemd[1]: Starting Journal Service...
         Starting Journal Service...
[   17.811630] systemd[1]: Mounting Debug File System...
         Mounting Debug File System...
[   17.893653] systemd[1]: Starting Uncomplicated firewall...
         Starting Uncomplicated firewall...
[   17.985000] systemd[1]: Mounting Huge Pages File System...
         Mounting Huge Pages File System...
[   18.091535] systemd[1]: Starting Set console keymap...
         Starting Set console keymap...
[   18.118452] systemd[1]: Mounting POSIX Message Queue File System...
         Mounting POSIX Message Queue File System...
[   18.153160] systemd[1]: Starting Create list of required static device nodes for the current kernel...
         Starting Create list of required st... nodes for the current kernel...
[   18.330054] systemd[1]: Starting Load Kernel Modules...
[   18.355099] Loading iSCSI transport class v2.0-870.
         Starting Load Kernel Modules...
[   18.364594] systemd[1]: Reached target Slices.
[[0;32m  OK  [[   18.377509] iscsi: registered transport (tcp)
0m] Reached target Slices.
[   18.437832] iscsi: registered transport (iser)
[   18.442971] systemd[1]: Mounted POSIX Message Queue File System.
[[0;32m  OK  [0m] Mounted POSIX Message Queue File System.
[   18.585678] systemd[1]: Mounted Huge Pages File System.
[[0;32m  OK  [0m] Mounted Huge Pages File System.
[   18.649565] systemd[1]: Mounted Debug File System.
[[0;32m  OK  [0m] Mounted Debug File System.
[   18.697702] systemd[1]: Started Journal Service.
[[0;32m  OK  [0m] Started Journal Service.
[[0;32m  OK  [0m] Started Remount Root and Kernel File Systems.
[[0;32m  OK  [0m] Started Uncomplicated firewall.
[[0;32m  OK  [0m] Started Set console keymap.
[[0;32m  OK  [0m] Started Create list of required sta...ce nodes for the current kernel.
[[0;32m  OK  [0m] Started Load Kernel Modules.
[[0;32m  OK  [0m] Started Nameserver information manager.
[[0;32m  OK  [0m] Started LVM2 metadata daemon.
         Starting Apply Kernel Variables...
         Mounting FUSE Control File System...
         Starting Create Static Device Nodes in /dev...
         Starting Initial cloud-init job (pre-networking)...
         Starting Load/Save Random Seed...
         Starting udev Coldplug all Devices...
         Starting Flush Journal to Persistent Storage...
[[0;32m  OK  [0m] Mounted FUSE Control File System.
[[0;32m  OK  [0m] Started Apply Kernel Variables.
[[0;32m  OK  [0m] Started Create Static Device Nodes in /dev.
[[0;32m  OK  [0m] Started Monitoring of LVM2 mirrors,...ng dmeventd or progress polling.
[[0;32m  OK  [0m] Started Load/Save Random Seed.
[[0;32m  OK  [0m] Started udev Coldplug all Devices.
[[0;32m  OK  [0m] Started Flush Journal to Persistent Storage.
         Starting udev Kernel Device Manager...
[[0;32m  OK  [0m] Started udev Kernel Device Manager.
[[0;32m  OK  [0m] Reached target Local File Systems (Pre).
[[0;32m  OK  [0m] Reached target Local File Systems.
         Starting Set console font and keymap...
         Starting LSB: AppArmor initialization...
         Starting Tell Plymouth To Write Out Runtime Data...
         Starting Create Volatile Files and Directories...
[[0;32m  OK  [0m] Started Dispatch Password Requests to Console Directory Watch.
[[0;32m  OK  [0m] Started Tell Plymouth To Write Out Runtime Data.
[[0;32m  OK  [0m] Started Create Volatile Files and Directories.
[[0;32m  OK  [0m] Found device /dev/ttyS0.
         Starting Update UTMP about System Boot/Shutdown...
[[0;32m  OK  [0m] Reached target System Time Synchronized.
[[0;32m  OK  [0m] Started LSB: AppArmor initialization.
[[0;32m  OK  [0m] Started Update UTMP about System Boot/Shutdown.
[[0;32m  OK  [0m] Started Set console font and keymap.
[   14.794620] cloud-init[458]: Cloud-init v. 17.1 running 'init-local' at Tue, 27 Feb 2018 11:15:30 +0000. Up 14.29 seconds.
[[0;32m  OK  [0m] Started Initial cloud-init job (pre-networking).
[[0;32m  OK  [0m] Reached target Network (Pre).
[[0;32m  OK  [0m] Created slice system-getty.slice.
[[0;32m  OK  [0m] Started ifup for enp0s8.
[[0;32m  OK  [0m] Started ifup for enp0s3.
[[0;32m  OK  [0m] Listening on Load/Save RF Kill Switch Status /dev/rfkill Watch.
         Starting Raise network interfaces...
[[0;32m  OK  [0m] Started Raise network interfaces.
[[0;32m  OK  [0m] Reached target Network.
         Starting Initial cloud-init job (metadata service crawler)...
[   17.940553] cloud-init[1039]: Cloud-init v. 17.1 running 'init' at Tue, 27 Feb 2018 11:15:33 +0000. Up 17.55 seconds.
[   17.950042] cloud-init[1039]: ci-info: ++++++++++++++++++++++++++++++++++++++Net device info++++++++++++++++++++++++++++++++++++++
[   17.960729] cloud-init[1039]: ci-info: +--------+------+-----------------------------+---------------+-------+-------------------+
[   17.964021] cloud-init[1039]: ci-info: | Device |  Up  |           Address           |      Mask     | Scope |     Hw-Address    |
[   17.980148] cloud-init[1039]: ci-info: +--------+------+-----------------------------+---------------+-------+-------------------+
[   18.028852] cloud-init[1039]: ci-info: | enp0s3 | True |          10.0.2.15          | 255.255.255.0 |   .   | 02:38:07:4c:82:85 |
[[0;32m  OK  [0m] Started Initial cloud-init job (metadata service crawler).
[[0;32m  OK  [0m] Reached target Cloud-config availability.
[[0;32m  OK  [0m] Reached target System Initialization.
[   18.032184] cloud-init[1039]: ci-info: | enp0s3 | True |  fe80::38:7ff:fe4c:8285/64  |       .       |  link | 02:38:07:4c:82:85 |
[[0;32m  OK  [0m] Started Timer to automatically refresh installed snaps.
[[0;32m  OK  [0m] Listening on ACPID Listen Socket.
[   18.101487] cloud-init[1039]: ci-info: | enp0s8 | True |        192.168.56.121       | 255.255.255.0 |   .   | 08:00:27:af:9b:76 |
[   18.220823] cloud-init[1039]: ci-info: | enp0s8 | True | fe80::a00:27ff:feaf:9b76/64 |       .       |  link | 08:00:27:af:9b:76 |
[   18.268251] cloud-init[1039]: ci-info: |   lo   | True |          127.0.0.1          |   255.0.0.0   |   .   |         .         |
[   18.296131] cloud-init[1039]: ci-info: |   lo   | True |           ::1/128           |       .       |  host |         .         |
         Starting LXD - unix socket.
[[0;32m  OK  [0m] Listening on D-Bus System Message Bus Socket.
[[0;32m  OK  [0m] Listening on UUID daemon activation socket.
         Starting Socket activation for snappy daemon.
[[0;32m  OK  [0m] Started Daily Cleanup of Temporary Directories.
[   18.336559] cloud-init[1039]: ci-info: +--------+------+-----------------------------+---------------+-------+-------------------+
[   18.472938] [cloud-init[0;32m  OK  [0m[1039]: ] ci-info: ++++++++++++++++++++++++++++Route IPv4 info++++++++++++++++++++++++++++Started Clean PHP session files every 30 mins.

[   18.474392] cloud-init[1039]: ci-info: +-------+--------------+----------+---------------+-----------+-------+
[[0;32m  OK  [0m] Started ACPI Events Check.
[   18.561636] cloud-init[1039]: ci-info: | Route | Destination  | Gateway  |    Genmask    | Interface | Flags |
[   18.616492] [cloud-init[0;32m  OK  [0m[1039]: ] ci-info: +-------+--------------+----------+---------------+-----------+-------+Reached target Paths.

[   18.617991] [[0;32m  OK  [0m] Reached target Network is Online.
cloud-init[1039]: ci-info: |   0   |   0.0.0.0    | 10.0.2.2 |    0.0.0.0    |   enp0s3  |   UG  |
[   18.716419] [cloud-init[0;32m  OK  [0m[1039]: ] ci-info: |   1   |   10.0.2.0   | 0.0.0.0  | 255.255.255.0 |   enp0s3  |   U   |Started Daily apt download activities.

[[0;32m  OK  [0m] Started Daily apt upgrade and clean activities.
[[0;32m  OK  [0m] Reached target Timers.
[   18.717765] cloud-init[1039]: ci-info: |   2   | 192.168.56.0 | 0.0.0.0  | 255.255.255.0 |   enp0s8  |   U   |
[   18.771611] cloud-init[1039]: ci-info: +-------+--------------+----------+---------------+-----------+-------+
         Starting iSCSI initiator daemon (iscsid)...
[[0;32m  OK  [0m] Listening on LXD - unix socket.
[[0;32m  OK  [0m] Listening on Socket activation for snappy daemon.
[[0;32m  OK  [0m] Started iSCSI initiator daemon (iscsid).
         Starting Login to default iSCSI targets...
[[0;32m  OK  [0m] Reached target Sockets.
[[0;32m  OK  [0m] Reached target Basic System.
[[0;32m  OK  [0m] Started Unattended Upgrades Shutdown.
         Starting LSB: Record successful boot for GRUB...
         Starting A high performance web server and a reverse proxy server...
         Starting /etc/rc.local Compatibility...
[[0;32m  OK  [0m] Started FUSE filesystem for LXC.
         Starting Clean php session files...
[[0;32m  OK  [0m] Started Deferred execution scheduler.
         Starting LXD - container startup/shutdown...
[[0;32m  OK  [0m] Started Regular background program processing daemon.
         Starting vboxadd-x11.service...
         Starting MySQL Community Server...
         Starting The PHP 7.0 FastCGI Process Manager...
         Starting vboxadd.service...
         Starting Accounts Service...
         Starting Apply the settings specified in cloud-config...
         Starting LSB: MD monitoring daemon...
         Starting System Logging Service...
[[0;32m  OK  [0m] Started ACPI event daemon.
         Starting OpenBSD Secure Shell server...
[[0;32m  OK  [0m] Started D-Bus System Message Bus.
         Starting Snappy daemon...
         Starting Login Service...
[[0;32m  OK  [0m] Started System Logging Service.
[[0;32m  OK  [0m] Started OpenBSD Secure Shell server.
[[0;32m  OK  [0m] Started The PHP 7.0 FastCGI Process Manager.
[[0;32m  OK  [0m] Started Snappy daemon.
[[0;32m  OK  [0m] Started /etc/rc.local Compatibility.
[[0;32m  OK  [0m] Started LXD - container startup/shutdown.
[[0;32m  OK  [0m] Started vboxadd-x11.service.
[[0;32m  OK  [0m] Started A high performance web server and a reverse proxy server.
[[0;32m  OK  [0m] Started Clean php session files.
[[0;32m  OK  [0m] Started LSB: Record successful boot for GRUB.
[[0;32m  OK  [0m] Started Login to default iSCSI targets.
[[0;32m  OK  [0m] Started LSB: MD monitoring daemon.
[[0;32m  OK  [0m] Started Login Service.
[[0;32m  OK  [0m] Started vboxadd.service.
         Starting vboxadd-service.service...
         Starting Authenticate and Authorize Users to Run Privileged Tasks...
[[0;32m  OK  [0m] Reached target Remote File Systems (Pre).
[[0;32m  OK  [0m] Reached target Remote File Systems.
         Starting LSB: automatic crash report generation...
         Starting LSB: Set the CPU Frequency Scaling governor to "ondemand"...
         Starting Permit User Sessions...
[   20.679939]          Starting LSB: daemon to balance interrupts for SMP systems...
cloud-init[1170]: Cloud-init v. 17.1 running 'modules:config' at Tue, 27 Feb 2018 11:15:36 +0000. Up 20.33 seconds.
[[0;32m  OK  [0m] Started vboxadd-service.service.
[[0;32m  OK  [0m] Started Apply the settings specified in cloud-config.
[[0;32m  OK  [0m] Started Permit User Sessions.
[[0;32m  OK  [0m] Started Authenticate and Authorize Users to Run Privileged Tasks.
[[0;32m  OK  [0m] Started Accounts Service.
[[0;32m  OK  [0m] Started MySQL Community Server.
[[0;32m  OK  [0m] Started LSB: automatic crash report generation.
[[0;32m  OK  [0m] Started LSB: Set the CPU Frequency Scaling governor to "ondemand".
         Starting Terminate Plymouth Boot Screen...
         Starting Hold until boot process finishes up...
[[0;32m  OK  [0m] Started LSB: daemon to balance interrupts for SMP systems.
[[0;32m  OK  [0m] Started Terminate Plymouth Boot Screen.
[[0;32m  OK  [0m] Started Hold until boot process finishes up.
[[0;32m  OK  [0m] Started Getty on tty1.
[[0;32m  OK  [0m] Started Serial Getty on ttyS0.
[[0;32m  OK  [0m] Reached target Login Prompts.
         Starting Set console scheme...
[[0;32m  OK  [0m] Reached target Multi-User System.
[[0;32m  OK  [0m] Reached target Graphical Interface.
         Starting Update UTMP about System Runlevel Changes...
         Starting Execute cloud user/final scripts...
[[0;32m  OK  [0m] Started Set console scheme.
[[0;32m  OK  [0m] Started Update UTMP about System Runlevel Changes.
[[0;32m  OK  [0m] Created slice User Slice of vagrant.
         Starting User Manager for UID 1000...
[   22.110044] cloud-init[1463]: Cloud-init v. 17.1 running 'modules:final' at Tue, 27 Feb 2018 11:15:38 +0000. Up 21.92 seconds.
[[   22.151016] cloud-init[1463]: Cloud-init v. 17.1 finished at Tue, 27 Feb 2018 11:15:38 +0000. Datasource DataSourceNoCloud [seed=/dev/sdb][dsmode=net].  Up 22.10 seconds
[0;32m  OK  [0m] Started User Manager for UID 1000.
[[0;32m  OK  [0m] Started Session 1 of user vagrant.
[[0;32m  OK  [0m] Started Execute cloud user/final scripts.
[[0;32m  OK  [0m] Reached target Cloud-init target.
         Starting Daily apt download activities...

Ubuntu 16.04.3 LTS phpup ttyS0

phpup login: 