[    0.000000] Initializing cgroup subsys cpuset
[    0.000000] Initializing cgroup subsys cpu
[    0.000000] Initializing cgroup subsys cpuacct
[    0.000000] Linux version 4.4.0-116-generic (buildd@lgw01-amd64-021) (gcc version 5.4.0 20160609 (Ubuntu 5.4.0-6ubuntu1~16.04.9) ) #140-Ubuntu SMP Mon Feb 12 21:23:04 UTC 2018 (Ubuntu 4.4.0-116.140-generic 4.4.98)
[    0.000000] Command line: BOOT_IMAGE=/boot/vmlinuz-4.4.0-116-generic root=UUID=676eac73-81dc-4fbd-bdea-aebcbe447240 ro console=tty1 console=ttyS0
[    0.000000] KERNEL supported cpus:
[    0.000000]   Intel GenuineIntel
[    0.000000]   AMD AuthenticAMD
[    0.000000]   Centaur CentaurHauls
[    0.000000] ------------[ cut here ]------------
[    0.000000] WARNING: CPU: 0 PID: 0 at /build/linux-fQ94TU/linux-4.4.0/arch/x86/kernel/fpu/xstate.c:517 fpu__init_system_xstate+0x38b/0x75a()
[    0.000000] XSAVE consistency problem, dumping leaves
[    0.000000] Modules linked in:
[    0.000000] CPU: 0 PID: 0 Comm: swapper Not tainted 4.4.0-116-generic #140-Ubuntu
[    0.000000]  0000000000000086 a85937a9b9608628 ffffffff81e03d80 ffffffff813ffc13
[    0.000000]  ffffffff81e03dc8 ffffffff81caba68 ffffffff81e03db8 ffffffff810830f2
[    0.000000]  ffffffff81e03e48 ffffffff81e03e4c 0000000000000008 0000000000000100
[    0.000000] Call Trace:
[    0.000000]  [<ffffffff813ffc13>] dump_stack+0x63/0x90
[    0.000000]  [<ffffffff810830f2>] warn_slowpath_common+0x82/0xc0
[    0.000000]  [<ffffffff8108318c>] warn_slowpath_fmt+0x5c/0x80
[    0.000000]  [<ffffffff8107ed36>] ? xfeature_size+0x59/0x77
[    0.000000]  [<ffffffff81f72338>] fpu__init_system_xstate+0x38b/0x75a
[    0.000000]  [<ffffffff81f62120>] ? early_idt_handler_array+0x120/0x120
[    0.000000]  [<ffffffff81f71ca3>] fpu__init_system+0x10d/0x245
[    0.000000]  [<ffffffff81f72df1>] early_cpu_init+0x178/0x17d
[    0.000000]  [<ffffffff81f72df1>] ? early_cpu_init+0x178/0x17d
[    0.000000]  [<ffffffff81f6e1fb>] setup_arch+0xb4/0xd2b
[    0.000000]  [<ffffffff81f62120>] ? early_idt_handler_array+0x120/0x120
[    0.000000]  [<ffffffff81f62c7d>] start_kernel+0xe4/0x4b0
[    0.000000]  [<ffffffff81f62120>] ? early_idt_handler_array+0x120/0x120
[    0.000000]  [<ffffffff81f62339>] x86_64_start_reservations+0x2a/0x2c
[    0.000000]  [<ffffffff81f62485>] x86_64_start_kernel+0x14a/0x16d
[    0.000000] ---[ end trace 4d5ff9f2f68c4233 ]---
[    0.000000] CPUID[0d, 00]: eax=00000007 ebx=00000440 ecx=00000440 edx=00000000
[    0.000000] CPUID[0d, 01]: eax=00000000 ebx=000003c0 ecx=00000000 edx=00000000
[    0.000000] CPUID[0d, 02]: eax=00000100 ebx=00000240 ecx=00000000 edx=00000000
[    0.000000] CPUID[0d, 03]: eax=00000000 ebx=00000000 ecx=00000000 edx=00000000
[    0.000000] CPUID[0d, 04]: eax=00000000 ebx=00000000 ecx=00000000 edx=00000000
[    0.000000] CPUID[0d, 05]: eax=00000000 ebx=00000000 ecx=00000000 edx=00000000
[    0.000000] CPUID[0d, 06]: eax=00000000 ebx=00000000 ecx=00000000 edx=00000000
[    0.000000] CPUID[0d, 07]: eax=00000000 ebx=00000000 ecx=00000000 edx=00000000
[    0.000000] CPUID[0d, 08]: eax=00000000 ebx=00000000 ecx=00000000 edx=00000000
[    0.000000] CPUID[0d, 09]: eax=00000000 ebx=00000000 ecx=00000000 edx=00000000
[    0.000000] CPUID[0d, 0a]: eax=00000000 ebx=00000000 ecx=00000000 edx=00000000
[    0.000000] CPUID[0d, 0b]: eax=00000000 ebx=00000000 ecx=00000000 edx=00000000
[    0.000000] CPUID[0d, 0c]: eax=00000000 ebx=00000000 ecx=00000000 edx=00000000
[    0.000000] CPUID[0d, 0d]: eax=00000000 ebx=00000000 ecx=00000000 edx=00000000
[    0.000000] CPUID[0d, 0e]: eax=00000000 ebx=00000000 ecx=00000000 edx=00000000
[    0.000000] CPUID[0d, 0f]: eax=00000000 ebx=00000000 ecx=00000000 edx=00000000
[    0.000000] CPUID[0d, 10]: eax=00000000 ebx=00000000 ecx=00000000 edx=00000000
[    0.000000] CPUID[0d, 11]: eax=00000000 ebx=00000000 ecx=00000000 edx=00000000
[    0.000000] x86/fpu: xstate_offset[2]:  576, xstate_sizes[2]:  256
[    0.000000] x86/fpu: Supporting XSAVE feature 0x01: 'x87 floating point registers'
[    0.000000] x86/fpu: Supporting XSAVE feature 0x02: 'SSE registers'
[    0.000000] x86/fpu: Supporting XSAVE feature 0x04: 'AVX registers'
[    0.000000] x86/fpu: Enabled xstate features 0x7, context size is 1088 bytes, using 'standard' format.
[    0.000000] x86/fpu: Using 'lazy' FPU context switches.
[    0.000000] e820: BIOS-provided physical RAM map:
[    0.000000] BIOS-e820: [mem 0x0000000000000000-0x000000000009fbff] usable
[    0.000000] BIOS-e820: [mem 0x000000000009fc00-0x000000000009ffff] reserved
[    0.000000] BIOS-e820: [mem 0x00000000000f0000-0x00000000000fffff] reserved
[    0.000000] BIOS-e820: [mem 0x0000000000100000-0x000000003ffeffff] usable
[    0.000000] BIOS-e820: [mem 0x000000003fff0000-0x000000003fffffff] ACPI data
[    0.000000] BIOS-e820: [mem 0x00000000fec00000-0x00000000fec00fff] reserved
[    0.000000] BIOS-e820: [mem 0x00000000fee00000-0x00000000fee00fff] reserved
[    0.000000] BIOS-e820: [mem 0x00000000fffc0000-0x00000000ffffffff] reserved
[    0.000000] NX (Execute Disable) protection: active
[    0.000000] SMBIOS 2.5 present.
[    0.000000] Hypervisor detected: KVM
[    0.000000] e820: last_pfn = 0x3fff0 max_arch_pfn = 0x400000000
[    0.000000] MTRR: Disabled
[    0.000000] x86/PAT: MTRRs disabled, skipping PAT initialization too.
[    0.000000] CPU MTRRs all blank - virtualized system.
[    0.000000] x86/PAT: Configuration [0-7]: WB  WT  UC- UC  WB  WT  UC- UC  
[    0.000000] found SMP MP-table at [mem 0x0009fff0-0x0009ffff] mapped at [ffff88000009fff0]
[    0.000000] Scanning 1 areas for low memory corruption
[    0.000000] RAMDISK: [mem 0x3621a000-0x37104fff]
[    0.000000] ACPI: Early table checksum verification disabled
[    0.000000] ACPI: RSDP 0x00000000000E0000 000024 (v02 VBOX  )
[    0.000000] ACPI: XSDT 0x000000003FFF0030 00003C (v01 VBOX   VBOXXSDT 00000001 ASL  00000061)
[    0.000000] ACPI: FACP 0x000000003FFF00F0 0000F4 (v04 VBOX   VBOXFACP 00000001 ASL  00000061)
[    0.000000] ACPI: DSDT 0x000000003FFF0470 0021FF (v02 VBOX   VBOXBIOS 00000002 INTL 20160108)
[    0.000000] ACPI: FACS 0x000000003FFF0200 000040
[    0.000000] ACPI: FACS 0x000000003FFF0200 000040
[    0.000000] ACPI: APIC 0x000000003FFF0240 00005C (v02 VBOX   VBOXAPIC 00000001 ASL  00000061)
[    0.000000] ACPI: SSDT 0x000000003FFF02A0 0001CC (v01 VBOX   VBOXCPUT 00000002 INTL 20160108)
[    0.000000] No NUMA configuration found
[    0.000000] Faking a node at [mem 0x0000000000000000-0x000000003ffeffff]
[    0.000000] NODE_DATA(0) allocated [mem 0x3ffeb000-0x3ffeffff]
[    0.000000] kvm-clock: Using msrs 4b564d01 and 4b564d00
[    0.000000] kvm-clock: cpu 0, msr 0:3ffe3001, primary cpu clock
[    0.000000] kvm-clock: using sched offset of 3474382409 cycles
[    0.000000] clocksource: kvm-clock: mask: 0xffffffffffffffff max_cycles: 0x1cd42e4dffb, max_idle_ns: 881590591483 ns
[    0.000000] Zone ranges:
[    0.000000]   DMA      [mem 0x0000000000001000-0x0000000000ffffff]
[    0.000000]   DMA32    [mem 0x0000000001000000-0x000000003ffeffff]
[    0.000000]   Normal   empty
[    0.000000]   Device   empty
[    0.000000] Movable zone start for each node
[    0.000000] Early memory node ranges
[    0.000000]   node   0: [mem 0x0000000000001000-0x000000000009efff]
[    0.000000]   node   0: [mem 0x0000000000100000-0x000000003ffeffff]
[    0.000000] Initmem setup node 0 [mem 0x0000000000001000-0x000000003ffeffff]
[    0.000000] ACPI: PM-Timer IO Port: 0x4008
[    0.000000] IOAPIC[0]: apic_id 2, version 32, address 0xfec00000, GSI 0-23
[    0.000000] ACPI: INT_SRC_OVR (bus 0 bus_irq 0 global_irq 2 dfl dfl)
[    0.000000] ACPI: INT_SRC_OVR (bus 0 bus_irq 9 global_irq 9 high level)
[    0.000000] Using ACPI (MADT) for SMP configuration information
[    0.000000] smpboot: Allowing 2 CPUs, 0 hotplug CPUs
[    0.000000] PM: Registered nosave memory: [mem 0x00000000-0x00000fff]
[    0.000000] PM: Registered nosave memory: [mem 0x0009f000-0x0009ffff]
[    0.000000] PM: Registered nosave memory: [mem 0x000a0000-0x000effff]
[    0.000000] PM: Registered nosave memory: [mem 0x000f0000-0x000fffff]
[    0.000000] e820: [mem 0x40000000-0xfebfffff] available for PCI devices
[    0.000000] Booting paravirtualized kernel on KVM
[    0.000000] clocksource: refined-jiffies: mask: 0xffffffff max_cycles: 0xffffffff, max_idle_ns: 7645519600211568 ns
[    0.000000] setup_percpu: NR_CPUS:512 nr_cpumask_bits:512 nr_cpu_ids:2 nr_node_ids:1
[    0.000000] PERCPU: Embedded 34 pages/cpu @ffff88003fc00000 s99544 r8192 d31528 u1048576
[    0.000000] PV qspinlock hash table entries: 256 (order: 0, 4096 bytes)
[    0.000000] Built 1 zonelists in Node order, mobility grouping on.  Total pages: 257913
[    0.000000] Policy zone: DMA32
[    0.000000] Kernel command line: BOOT_IMAGE=/boot/vmlinuz-4.4.0-116-generic root=UUID=676eac73-81dc-4fbd-bdea-aebcbe447240 ro console=tty1 console=ttyS0
[    0.000000] PID hash table entries: 4096 (order: 3, 32768 bytes)
[    0.000000] Memory: 997256K/1048120K available (8530K kernel code, 1309K rwdata, 3992K rodata, 1508K init, 1316K bss, 50864K reserved, 0K cma-reserved)
[    0.000000] SLUB: HWalign=64, Order=0-3, MinObjects=0, CPUs=2, Nodes=1
[    0.000000] Kernel/User page tables isolation: enabled
[    0.000000] Hierarchical RCU implementation.
[    0.000000] 	Build-time adjustment of leaf fanout to 64.
[    0.000000] 	RCU restricting CPUs from NR_CPUS=512 to nr_cpu_ids=2.
[    0.000000] RCU: Adjusting geometry for rcu_fanout_leaf=64, nr_cpu_ids=2
[    0.000000] NR_IRQS:33024 nr_irqs:440 16
[    0.000000] Console: colour VGA+ 80x25
[    0.000000] console [tty1] enabled
[    0.000000] console [ttyS0] enabled
[    0.000000] tsc: Detected 2303.998 MHz processor
[    2.162874] Calibrating delay loop (skipped) preset value.. 4607.99 BogoMIPS (lpj=9215992)
[    2.164868] pid_max: default: 32768 minimum: 301
[    2.228903] ACPI: Core revision 20150930
[    2.279296] ACPI: 2 ACPI AML tables successfully acquired and loaded
[    2.280841] Security Framework initialized
[    2.281814] Yama: becoming mindful.
[    2.282698] AppArmor: AppArmor initialized
[    2.283763] Dentry cache hash table entries: 131072 (order: 8, 1048576 bytes)
[    2.286009] Inode-cache hash table entries: 65536 (order: 7, 524288 bytes)
[    2.288668] Mount-cache hash table entries: 2048 (order: 2, 16384 bytes)
[    2.290069] Mountpoint-cache hash table entries: 2048 (order: 2, 16384 bytes)
[    2.291705] Initializing cgroup subsys io
[    2.292695] Initializing cgroup subsys memory
[    2.293715] Initializing cgroup subsys devices
[    2.294746] Initializing cgroup subsys freezer
[    2.295792] Initializing cgroup subsys net_cls
[    2.296842] Initializing cgroup subsys perf_event
[    2.297907] Initializing cgroup subsys net_prio
[    2.298964] Initializing cgroup subsys hugetlb
[    2.299996] Initializing cgroup subsys pids
[    2.301084] CPU: Physical Processor ID: 0
[    2.302037] CPU: Processor Core ID: 0
[    2.302944] FEATURE SPEC_CTRL Not Present
[    2.305154] mce: CPU supports 0 MCE banks
[    2.306129] Last level iTLB entries: 4KB 64, 2MB 8, 4MB 8
[    2.307345] Last level dTLB entries: 4KB 64, 2MB 0, 4MB 0, 1GB 4
[    2.329973] Spectre V2 mitigation: Mitigation: Full generic retpoline
[    2.408036] Spectre V2 mitigation: Speculation control IBPB not-supported IBRS not-supported
[    2.491116] Freeing SMP alternatives memory: 32K
[    2.528349] ftrace: allocating 32186 entries in 126 pages
[    2.656870] smpboot: APIC(0) Converting physical 0 to logical package 0
[    2.811425] smpboot: Max logical packages: 1
[    2.813154] x2apic enabled
[    2.814460] Switched APIC routing to physical x2apic.
[    2.874242] ..TIMER: vector=0x30 apic1=0 pin1=2 apic2=-1 pin2=-1
[    3.072450] smpboot: CPU0: Intel(R) Core(TM) i3-6100U CPU @ 2.30GHz (family: 0x6, model: 0x4e, stepping: 0x3)
[    3.192833] Performance Events: unsupported p6 CPU model 78 no PMU driver, software events only.
[    3.267627] KVM setup paravirtual spinlock
[    3.282934] x86: Booting SMP configuration:
[    3.376732] .... node  #0, CPUs:      #1
[    3.377674] kvm-clock: cpu 1, msr 0:3ffe3041, secondary cpu clock
[    3.381943] mce: CPU supports 0 MCE banks
[    3.384559] x86: Booted up 1 node, 2 CPUs
[    3.425523] smpboot: Total of 2 processors activated (9215.99 BogoMIPS)
[    3.534698] devtmpfs: initialized
[    3.557948] evm: security.selinux
[    3.582353] evm: security.SMACK64
[    3.583216] evm: security.SMACK64EXEC
[    3.584121] evm: security.SMACK64TRANSMUTE
[    3.585107] evm: security.SMACK64MMAP
[    3.586000] evm: security.ima
[    3.593170] evm: security.capability
[    3.653326] clocksource: jiffies: mask: 0xffffffff max_cycles: 0xffffffff, max_idle_ns: 7645041785100000 ns
[    3.676537] futex hash table entries: 512 (order: 3, 32768 bytes)
[    3.750313] pinctrl core: initialized pinctrl subsystem
[    3.772304] RTC time:  7:30:04, date: 02/28/18
[    3.782525] NET: Registered protocol family 16
[    3.800363] cpuidle: using governor ladder
[    3.884571] cpuidle: using governor menu
[    3.902554] PCCT header not found.
[    3.903519] ACPI: bus type PCI registered
[    3.909216] acpiphp: ACPI Hot Plug PCI Controller Driver version: 0.5
[    3.945133] PCI: Using configuration type 1 for base access
[    3.982322] ACPI: Added _OSI(Module Device)
[    3.988509] ACPI: Added _OSI(Processor Device)
[    4.015945] ACPI: Added _OSI(3.0 _SCP Extensions)
[    4.052906] ACPI: Added _OSI(Processor Aggregator Device)
[    4.120295] ACPI: Executed 1 blocks of module-level executable AML code
[    4.165221] ACPI: Interpreter enabled
[    4.204244] ACPI: (supports S0 S5)
[    4.239439] ACPI: Using IOAPIC for interrupt routing
[    4.266005] PCI: Using host bridge windows from ACPI; if necessary, use "pci=nocrs" and report a bug
[    4.286704] ACPI: PCI Root Bridge [PCI0] (domain 0000 [bus 00-ff])
[    4.307563] acpi PNP0A03:00: _OSC: OS supports [ASPM ClockPM Segments MSI]
[    4.356080] acpi PNP0A03:00: _OSC: not requesting OS control; OS requires [ExtendedConfig ASPM ClockPM MSI]
[    4.413062] acpi PNP0A03:00: fail to add MMCONFIG information, can't access extended PCI configuration space under this bridge.
[    4.506928] PCI host bridge to bus 0000:00
[    4.596887] pci_bus 0000:00: root bus resource [io  0x0000-0x0cf7 window]
[    4.611271] pci_bus 0000:00: root bus resource [io  0x0d00-0xffff window]
[    4.723272] pci_bus 0000:00: root bus resource [mem 0x000a0000-0x000bffff window]
[    4.748384] pci_bus 0000:00: root bus resource [mem 0x40000000-0xffdfffff window]
[    4.750011] pci_bus 0000:00: root bus resource [bus 00-ff]
[    4.752759] pci 0000:00:01.1: legacy IDE quirk: reg 0x10: [io  0x01f0-0x01f7]
[    4.860956] pci 0000:00:01.1: legacy IDE quirk: reg 0x14: [io  0x03f6]
[    4.937156] pci 0000:00:01.1: legacy IDE quirk: reg 0x18: [io  0x0170-0x0177]
[    4.990577] pci 0000:00:01.1: legacy IDE quirk: reg 0x1c: [io  0x0376]
[    5.049116] pci 0000:00:07.0: quirk: [io  0x4000-0x403f] claimed by PIIX4 ACPI
[    5.144878] pci 0000:00:07.0: quirk: [io  0x4100-0x410f] claimed by PIIX4 SMB
[    5.223256] ACPI: PCI Interrupt Link [LNKA] (IRQs 5 9 10 *11)
[    5.241852] ACPI: PCI Interrupt Link [LNKB] (IRQs 5 9 10 *11)
[    5.265131] ACPI: PCI Interrupt Link [LNKC] (IRQs 5 9 *10 11)
[    5.307425] ACPI: PCI Interrupt Link [LNKD] (IRQs 5 *9 10 11)
[    5.339622] ACPI: Enabled 2 GPEs in block 00 to 07
[    5.341256] vgaarb: setting as boot device: PCI:0000:00:02.0
[    5.342478] vgaarb: device added: PCI:0000:00:02.0,decodes=io+mem,owns=io+mem,locks=none
[    5.344331] vgaarb: loaded
[    5.345079] vgaarb: bridge control possible 0000:00:02.0
[    5.346550] SCSI subsystem initialized
[    5.375179] ACPI: bus type USB registered
[    5.431939] usbcore: registered new interface driver usbfs
[    5.487128] usbcore: registered new interface driver hub
[    5.566136] usbcore: registered new device driver usb
[    5.654711] PCI: Using ACPI for IRQ routing
[    5.674681] NetLabel: Initializing
[    5.675545] NetLabel:  domain hash size = 128
[    5.676589] NetLabel:  protocols = UNLABELED CIPSOv4
[    5.677718] NetLabel:  unlabeled traffic allowed by default
[    5.679120] amd_nb: Cannot enumerate AMD northbridges
[    5.730111] clocksource: Switched to clocksource kvm-clock
[    5.793522] AppArmor: AppArmor Filesystem Enabled
[    5.886993] pnp: PnP ACPI init
[    5.900170] pnp: PnP ACPI: found 3 devices
[    5.914439] clocksource: acpi_pm: mask: 0xffffff max_cycles: 0xffffff, max_idle_ns: 2085701024 ns
[    6.039996] NET: Registered protocol family 2
[    6.078487] TCP established hash table entries: 8192 (order: 4, 65536 bytes)
[    6.083464] TCP bind hash table entries: 8192 (order: 5, 131072 bytes)
[    6.084862] TCP: Hash tables configured (established 8192 bind 8192)
[    6.086242] UDP hash table entries: 512 (order: 2, 16384 bytes)
[    6.087522] UDP-Lite hash table entries: 512 (order: 2, 16384 bytes)
[    6.094085] NET: Registered protocol family 1
[    6.095019] pci 0000:00:00.0: Limiting direct PCI/PCI transfers
[    6.096163] pci 0000:00:01.0: Activating ISA DMA hang workarounds
[    6.201868] Unpacking initramfs...
[    6.478920] Freeing initrd memory: 15276K
[    6.497649] platform rtc_cmos: registered platform RTC device (no PNP device found)
[    6.504254] Scanning for low memory corruption every 60 seconds
[    6.542745] audit: initializing netlink subsys (disabled)
[    6.547110] audit: type=2000 audit(1519803006.341:1): initialized
[    6.597815] Initialise system trusted keyring
[    6.599144] HugeTLB registered 2 MB page size, pre-allocated 0 pages
[    6.609195] zbud: loaded
[    6.612152] VFS: Disk quotas dquot_6.6.0
[    6.615697] VFS: Dquot-cache hash table entries: 512 (order 0, 4096 bytes)
[    6.628286] squashfs: version 4.0 (2009/01/31) Phillip Lougher
[    6.633681] fuse init (API version 7.23)
[    6.634796] Key type big_key registered
[    6.635739] Allocating IMA MOK and blacklist keyrings.
[    6.678515] Key type asymmetric registered
[    6.686847] Asymmetric key parser 'x509' registered
[    6.688031] Block layer SCSI generic (bsg) driver version 0.4 loaded (major 249)
[    6.689923] io scheduler noop registered
[    6.690916] io scheduler deadline registered (default)
[    6.692137] io scheduler cfq registered
[    6.693212] pci_hotplug: PCI Hot Plug PCI Core version: 0.5
[    6.694460] pciehp: PCI Express Hot Plug Controller Driver version: 0.4
[    6.696063] ACPI: AC Adapter [AC] (on-line)
[    6.700894] input: Power Button as /devices/LNXSYSTM:00/LNXPWRBN:00/input/input0
[    6.702698] ACPI: Power Button [PWRF]
[    6.703720] input: Sleep Button as /devices/LNXSYSTM:00/LNXSLPBN:00/input/input1
[    6.705508] ACPI: Sleep Button [SLPF]
[    6.706753] GHES: HEST is not enabled!
[    6.787667] ACPI: Battery Slot [BAT0] (battery present)
[    6.792167] Serial: 8250/16550 driver, 32 ports, IRQ sharing enabled
[    6.839321] 00:02: ttyS0 at I/O 0x3f8 (irq = 4, base_baud = 115200) is a 16550A
[    6.996153] Linux agpgart interface v0.103
[    7.023629] loop: module loaded
[    7.076783] scsi host0: ata_piix
[    7.103021] scsi host1: ata_piix
[    7.165833] ata1: PATA max UDMA/33 cmd 0x1f0 ctl 0x3f6 bmdma 0xd000 irq 14
[    7.167288] ata2: PATA max UDMA/33 cmd 0x170 ctl 0x376 bmdma 0xd008 irq 15
[    7.168835] libphy: Fixed MDIO Bus: probed
[    7.169831] tun: Universal TUN/TAP device driver, 1.6
[    7.170983] tun: (C) 1999-2004 Max Krasnyansky <maxk@qualcomm.com>
[    7.177550] PPP generic driver version 2.4.2
[    7.180117] ehci_hcd: USB 2.0 'Enhanced' Host Controller (EHCI) Driver
[    7.185665] ehci-pci: EHCI PCI platform driver
[    7.186739] ehci-platform: EHCI generic platform driver
[    7.194461] ohci_hcd: USB 1.1 'Open' Host Controller (OHCI) Driver
[    7.197397] ohci-pci: OHCI PCI platform driver
[    7.198482] ohci-platform: OHCI generic platform driver
[    7.242544] uhci_hcd: USB Universal Host Controller Interface driver
[    7.279995] i8042: PNP: PS/2 Controller [PNP0303:PS2K,PNP0f03:PS2M] at 0x60,0x64 irq 1,12
[    7.294416] serio: i8042 KBD port at 0x60,0x64 irq 1
[    7.306156] serio: i8042 AUX port at 0x60,0x64 irq 12
[    7.577274] tsc: Refined TSC clocksource calibration: 2304.035 MHz
[    7.603690] mousedev: PS/2 mouse device common for all mice
[    7.604034] input: AT Translated Set 2 keyboard as /devices/platform/i8042/serio0/input/input2
[    7.604514] rtc_cmos rtc_cmos: rtc core: registered rtc_cmos as rtc0
[    7.604597] rtc_cmos rtc_cmos: alarms up to one day, 114 bytes nvram
[    7.604607] i2c /dev entries driver
[    7.604686] device-mapper: uevent: version 1.0.3
[    7.604767] device-mapper: ioctl: 4.34.0-ioctl (2015-10-28) initialised: dm-devel@redhat.com
[    7.604811] ledtrig-cpu: registered to indicate activity on CPUs
[    7.605217] NET: Registered protocol family 10
[    7.605412] NET: Registered protocol family 17
[    7.605427] Key type dns_resolver registered
[    7.605620] microcode: CPU0 sig=0x406e3, pf=0x2, revision=0x0
[    7.689604] microcode: CPU1 sig=0x406e3, pf=0x2, revision=0x0
[    7.689702] microcode: Microcode Update Driver: v2.01 <tigran@aivazian.fsnet.co.uk>, Peter Oruba
[    7.689891] registered taskstats version 1
[    7.689910] Loading compiled-in X.509 certificates
[    7.690889] Loaded X.509 cert 'Build time autogenerated kernel key: aa84f01984fbd529c105810b59e379d349698248'
[    7.690919] zswap: loaded using pool lzo/zbud
[    7.693500] Key type trusted registered
[    7.698346] Key type encrypted registered
[    7.698353] AppArmor: AppArmor sha1 policy hashing enabled
[    7.698357] ima: No TPM chip found, activating TPM-bypass!
[    7.698381] evm: HMAC attrs: 0x1
[    7.698745]   Magic number: 6:298:522
[    7.723795] rtc_cmos rtc_cmos: setting system clock to 2018-02-28 07:30:08 UTC (1519803008)
[    7.723949] BIOS EDD facility v0.16 2004-Jun-25, 0 devices found
[    7.723950] EDD information not available.
[    7.936890] clocksource: tsc: mask: 0xffffffffffffffff max_cycles: 0x213618e89af, max_idle_ns: 440795247470 ns
[    8.165080] Freeing unused kernel memory: 1508K
[    8.274054] Write protecting the kernel read-only data: 14336k
[    8.275966] Freeing unused kernel memory: 1700K
[    8.278432] Freeing unused kernel memory: 104K
Loading, please [    8.297223] random: systemd-udevd: uninitialized urandom read (16 bytes read, 3 bits of entropy available)
wait...
startin[    8.297985] random: udevadm: uninitialized urandom read (16 bytes read, 3 bits of entropy available)
g version 229
[    8.298017] random: udevadm: uninitialized urandom read (16 bytes read, 3 bits of entropy available)
[    8.312721] random: udevadm: uninitialized urandom read (16 bytes read, 3 bits of entropy available)
[    8.312787] random: udevadm: uninitialized urandom read (16 bytes read, 3 bits of entropy available)
[    8.313013] random: udevadm: uninitialized urandom read (16 bytes read, 3 bits of entropy available)
[    8.313099] random: udevadm: uninitialized urandom read (16 bytes read, 3 bits of entropy available)
[    8.313183] random: udevadm: uninitialized urandom read (16 bytes read, 3 bits of entropy available)
[    8.313269] random: udevadm: uninitialized urandom read (16 bytes read, 3 bits of entropy available)
[    8.313350] random: udevadm: uninitialized urandom read (16 bytes read, 3 bits of entropy available)
[    8.505174] e1000: Intel(R) PRO/1000 Network Driver - version 7.3.21-k8-NAPI
[    8.653072] e1000: Copyright (c) 1999-2006 Intel Corporation.
[    8.778434] Fusion MPT base driver 3.04.20
[    8.827203] Copyright (c) 1999-2008 LSI Corporation
[    8.994660] Fusion MPT SPI Host driver 3.04.20
[    9.188512] AVX version of gcm_enc/dec engaged.
[    9.194926] AES CTR mode by8 optimization enabled
[    9.401490] input: ImExPS/2 Generic Explorer Mouse as /devices/platform/i8042/serio1/input/input4
[    9.511045] e1000 0000:00:03.0 eth0: (PCI:33MHz:32-bit) 02:38:07:4c:82:85
[    9.537741] e1000 0000:00:03.0 eth0: Intel(R) PRO/1000 Network Connection
[    9.540116] mptbase: ioc0: Initiating bringup
[    9.607183] ioc0: LSI53C1030 A0: Capabilities={Initiator}
[    9.855528] scsi host2: ioc0: LSI53C1030 A0, FwRev=00000000h, Ports=1, MaxQ=256, IRQ=20
[   10.047753] scsi 2:0:0:0: Direct-Access     VBOX     HARDDISK         1.0  PQ: 0 ANSI: 5
[   10.150049] scsi target2:0:0: Beginning Domain Validation
[   10.153369] scsi target2:0:0: Domain Validation skipping write tests
[   10.155842] scsi target2:0:0: Ending Domain Validation
[   10.157121] scsi target2:0:0: asynchronous
[   10.158546] scsi 2:0:1:0: Direct-Access     VBOX     HARDDISK         1.0  PQ: 0 ANSI: 5
[   10.166505] scsi target2:0:1: Beginning Domain Validation
[   10.247288] scsi target2:0:1: Domain Validation skipping write tests
[   10.250769] scsi target2:0:1: Ending Domain Validation
[   10.251946] scsi target2:0:1: asynchronous
[   10.271801] sd 2:0:0:0: Attached scsi generic sg0 type 0
[   10.273283] sd 2:0:0:0: [sda] 20971520 512-byte logical blocks: (10.7 GB/10.0 GiB)
[   10.278217] sd 2:0:0:0: [sda] Write Protect is off
[   10.278389] sd 2:0:0:0: [sda] Incomplete mode parameter data
[   10.278391] sd 2:0:0:0: [sda] Assuming drive cache: write through
[   10.285721] sd 2:0:1:0: Attached scsi generic sg1 type 0
[   10.288291] sd 2:0:1:0: [sdb] 20480 512-byte logical blocks: (10.5 MB/10.0 MiB)
[   10.291531] sd 2:0:1:0: [sdb] Write Protect is off
[   10.293449] sd 2:0:1:0: [sdb] Incomplete mode parameter data
[   10.293516]  sda: sda1
[   10.296785] sd 2:0:1:0: [sdb] Assuming drive cache: write through
[   10.301996] sd 2:0:1:0: [sdb] Attached SCSI disk
[   10.303700] sd 2:0:0:0: [sda] Attached SCSI disk
[   10.608618] e1000 0000:00:08.0 eth1: (PCI:33MHz:32-bit) 08:00:27:af:9b:76
[   10.628693] e1000 0000:00:08.0 eth1: Intel(R) PRO/1000 Network Connection
[   10.642010] e1000 0000:00:08.0 enp0s8: renamed from eth1
[   10.654563] e1000 0000:00:03.0 enp0s3: renamed from eth0
[   11.783244] floppy0: no floppy controllers found
Begin: Loading e[   13.589563] md: linear personality registered for level -1
ssential drivers ... [   13.690479] md: multipath personality registered for level -4
[   13.740619] md: raid0 personality registered for level 0
[   13.778693] md: raid1 personality registered for level 1
[   13.922381] raid6: sse2x1   gen()  3876 MB/s
[   13.990722] raid6: sse2x1   xor()  3070 MB/s
[   14.058197] raid6: sse2x2   gen()  5375 MB/s
[   14.126569] raid6: sse2x2   xor()  3647 MB/s
[   14.194786] raid6: sse2x4   gen()  5429 MB/s
[   14.270680] raid6: sse2x4   xor()  3880 MB/s
[   14.272562] raid6: using algorithm sse2x4 gen() 5429 MB/s
[   14.274801] raid6: .... xor() 3880 MB/s, rmw enabled
[   14.277097] raid6: using ssse3x2 recovery algorithm
[   14.320068] xor: automatically using best checksumming function:
[   14.362166]    avx       : 14037.000 MB/sec
[   14.382260] async_tx: api initialized (async)
[   14.400329] md: raid6 personality registered for level 6
[   14.402592] md: raid5 personality registered for level 5
[   14.404784] md: raid4 personality registered for level 4
[   14.419889] md: raid10 personality registered for level 10
done.
Begin: Running /scripts/init-premount ... done.
Begin: Mounting root file system ... Begin: Running /scripts/local-top ... done.
Begin: Running /scripts/local-premount ... [   14.572246] Btrfs loaded
Scanning for Btrfs filesystems
done.
Warning: fsck not present, so skipping root file[   14.776574] EXT4-fs (sda1): mounted filesystem with ordered data mode. Opts: (null)
 system
done.
Begin: Running /scripts/local-bottom ... done.
Begin: Running /scripts/init-bottom ... done.
[   15.132586] systemd[1]: systemd 229 running in system mode. (+PAM +AUDIT +SELINUX +IMA +APPARMOR +SMACK +SYSVINIT +UTMP +LIBCRYPTSETUP +GCRYPT +GNUTLS +ACL +XZ -LZ4 +SECCOMP +BLKID +ELFUTILS +KMOD -IDN)
[   15.148223] systemd[1]: Detected virtualization oracle.
[   15.151580] systemd[1]: Detected architecture x86-64.

Welcome to [1mUbuntu 16.04.3 LTS[0m!

[   15.191589] systemd[1]: Set hostname to <phpup>.
[   15.488575] random: nonblocking pool is initialized
[   15.585919] systemd[1]: Listening on LVM2 poll daemon socket.
[[0;32m  OK  [0m] Listening on LVM2 poll daemon socket.
[   15.610400] systemd[1]: Listening on udev Kernel Socket.
[[0;32m  OK  [0m] Listening on udev Kernel Socket.
[   15.643190] systemd[1]: Listening on Syslog Socket.
[[0;32m  OK  [0m] Listening on Syslog Socket.
[   15.702444] systemd[1]: Listening on LVM2 metadata daemon socket.
[[0;32m  OK  [0m] Listening on LVM2 metadata daemon socket.
[   15.768006] systemd[1]: Started Trigger resolvconf update for networkd DNS.
[[0;32m  OK  [0m] Started Trigger resolvconf update for networkd DNS.
[   15.799274] systemd[1]: Created slice User and Session Slice.
[[0;32m  OK  [0m] Created slice User and Session Slice.
[   15.845184] systemd[1]: Listening on Journal Socket.
[[0;32m  OK  [0m] Listening on Journal Socket.
[   15.892967] systemd[1]: Reached target User and Group Name Lookups.
[[0;32m  OK  [0m] Reached target User and Group Name Lookups.
[   15.956608] systemd[1]: Reached target Encrypted Volumes.
[[0;32m  OK  [0m] Reached target Encrypted Volumes.
[   15.971031] systemd[1]: Listening on /dev/initctl Compatibility Named Pipe.
[[0;32m  OK  [0m] Listening on /dev/initctl Compatibility Named Pipe.
[   15.978533] systemd[1]: Listening on Journal Socket (/dev/log).
[[0;32m  OK  [0m] Listening on Journal Socket (/dev/log).
[   16.002015] systemd[1]: Listening on udev Control Socket.
[[0;32m  OK  [0m] Listening on udev Control Socket.
[   16.023110] systemd[1]: Started Forward Password Requests to Wall Directory Watch.
[[0;32m  OK  [0m] Started Forward Password Requests to Wall Directory Watch.
[   16.050337] systemd[1]: Created slice System Slice.
[[0;32m  OK  [0m] Created slice System Slice.
[   16.102483] systemd[1]: Starting Create list of required static device nodes for the current kernel...
         Starting Create list of required st... nodes for the current kernel...
[   16.158440] systemd[1]: Mounting Debug File System...
         Mounting Debug File System...
[   16.206465] systemd[1]: Starting Load Kernel Modules...
[   16.350748] Loading iSCSI transport class v2.0-870.
         Starting Load Kernel Mo[   16.393322] iscsi: registered transport (tcp)
dules...
[   16.495844] systemd[1]: Created slice system-serial\x2dgetty.slice.
[[0;32m  OK  [0m] Created slice system-serial\x2dgetty.slice.
[   16.570291] systemd[1]: Mounting POSIX Message Queue File System...
         Mountin[   16.631693] iscsi: registered transport (iser)
g POSIX Message Queue File System...
[   16.694420] systemd[1]: Starting Uncomplicated firewall...
         Starting Uncomplicated firewall...
[   16.731688] systemd[1]: Starting Remount Root and Kernel File Systems...
         [   16.773842] EXT4-fs (sda1): re-mounted. Opts: (null)
Starting Remount Root and Kernel File Systems...
[   16.790180] systemd[1]: Mounting Huge Pages File System...
         Mounting Huge Pages File System...
[   16.813141] systemd[1]: Reached target Slices.
[[0;32m  OK  [0m] Reached target Slices.
[   16.824643] systemd[1]: Starting Nameserver information manager...
         Starting Nameserver information manager...
[   16.872526] systemd[1]: Listening on Journal Audit Socket.
[[0;32m  OK  [0m] Listening on Journal Audit Socket.
[   16.886626] systemd[1]: Starting Journal Service...
         Starting Journal Service...
[   16.938519] systemd[1]: Starting Set console keymap...
         Starting Set console keymap...
[   16.987255] systemd[1]: Listening on Device-mapper event daemon FIFOs.
[[0;32m  OK  [0m] Listening on Device-mapper event daemon FIFOs.
[   17.072209] systemd[1]: Starting Monitoring of LVM2 mirrors, snapshots etc. using dmeventd or progress polling...
         Starting Monitoring of LVM2 mirrors... dmeventd or progress polling...
[   17.132658] systemd[1]: Reached target Swap.
[[0;32m  OK  [0m] Reached target Swap.
[   17.166656] systemd[1]: Set up automount Arbitrary Executable File Formats File System Automount Point.
[[0;32m  OK  [0m] Set up automount Arbitrary Executab...ats File System Automount Point.
[   17.222654] systemd[1]: Mounted POSIX Message Queue File System.
[[0;32m  OK  [0m] Mounted POSIX Message Queue File System.
[   17.278131] systemd[1]: Mounted Huge Pages File System.
[[0;32m  OK  [0m] Mounted Huge Pages File System.
[   17.322455] systemd[1]: Mounted Debug File System.
[[0;32m  OK  [0m] Mounted Debug File System.
[   17.395306] systemd[1]: Started Journal Service.
[[0;32m  OK  [0m] Started Journal Service.
[[0;32m  OK  [0m] Started Create list of required sta...ce nodes for the current kernel.
[[0;32m  OK  [0m] Started Load Kernel Modules.
[[0;32m  OK  [0m] Started Uncomplicated firewall.
[[0;32m  OK  [0m] Started Remount Root and Kernel File Systems.
[[0;32m  OK  [0m] Started Set console keymap.
[[0;32m  OK  [0m] Started Nameserver information manager.
[[0;32m  OK  [0m] Started LVM2 metadata daemon.
         Starting udev Coldplug all Devices...
         Starting Load/Save Random Seed...
         Starting Initial cloud-init job (pre-networking)...
         Mounting FUSE Control File System...
         Starting Apply Kernel Variables...
         Starting Create Static Device Nodes in /dev...
         Starting Flush Journal to Persistent Storage...
[[0;32m  OK  [0m] Mounted FUSE Control File System.
[[0;32m  OK  [0m] Started Load/Save Random Seed.
[[0;32m  OK  [0m] Started Apply Kernel Variables.
[[0;32m  OK  [0m] Started Create Static Device Nodes in /dev.
[[0;32m  OK  [0m] Started Flush Journal to Persistent Storage.
         Starting udev Kernel Device Manager...
[[0;32m  OK  [0m] Started udev Coldplug all Devices.
[[0;32m  OK  [0m] Started udev Kernel Device Manager.
[[0;32m  OK  [0m] Started Dispatch Password Requests to Console Directory Watch.
[[0;32m  OK  [0m] Found device /dev/ttyS0.
[[0;32m  OK  [0m] Started Monitoring of LVM2 mirrors,...ng dmeventd or progress polling.
[[0;32m  OK  [0m] Reached target Local File Systems (Pre).
[[0;32m  OK  [0m] Reached target Local File Systems.
         Starting LSB: AppArmor initialization...
         Starting Set console font and keymap...
         Starting Tell Plymouth To Write Out Runtime Data...
         Starting Create Volatile Files and Directories...
[[0;32m  OK  [0m] Started Tell Plymouth To Write Out Runtime Data.
[[0;32m  OK  [0m] Started Create Volatile Files and Directories.
[[0;32m  OK  [0m] Listening on Load/Save RF Kill Switch Status /dev/rfkill Watch.
[   14.401484] [cloud-init[0;32m  OK  [0m[447]: ] Cloud-init v. 17.1 running 'init-local' at Wed, 28 Feb 2018 07:30:19 +0000. Up 13.92 seconds.Reached target System Time Synchronized.

         Starting Update UTMP about System Boot/Shutdown...
[[0;32m  OK  [0m] Started LSB: AppArmor initialization.
[[0;32m  OK  [0m] Started Initial cloud-init job (pre-networking).
[[0;32m  OK  [0m] Found device 82540EM Gigabit Ethern...r (PRO/1000 MT Desktop Adapter).
[[0;32m  OK  [0m] Started Set console font and keymap.
[[0;32m  OK  [0m] Found device 82540EM Gigabit Ethern...r (PRO/1000 MT Desktop Adapter).
[[0;32m  OK  [0m] Created slice system-getty.slice.
[[0;32m  OK  [0m] Reached target Network (Pre).
         Starting Raise network interfaces...
[[0;32m  OK  [0m] Started ifup for enp0s8.
[[0;32m  OK  [0m] Started ifup for enp0s3.
[[0;32m  OK  [0m] Started Update UTMP about System Boot/Shutdown.
[[0;32m  OK  [0m] Started Raise network interfaces.
[[0;32m  OK  [0m] Reached target Network.
         Starting Initial cloud-init job (metadata service crawler)...
[   17.217723] cloud-init[1056]: Cloud-init v. 17.1 running 'init' at Wed, 28 Feb 2018 07:30:22 +0000. Up 16.75 seconds.
[   17.316873] cloud-init[1056]: ci-info: ++++++++++++++++++++++++++++++++++++++Net device info++++++++++++++++++++++++++++++++++++++
[   17.352767] cloud-init[1056]: ci-info: +--------+------+-----------------------------+---------------+-------+-------------------+
[   17.358641] cloud-init[1056]: ci-info: | Device |  Up  |           Address           |      Mask     | Scope |     Hw-Address    |
[   17.365972] cloud-init[1056]: ci-info: +--------+------+-----------------------------+---------------+-------+-------------------+
[   17.375146] cloud-init[1056]: ci-info: | enp0s3 | True |          10.0.2.15          | 255.255.255.0 |   .   | 02:38:07:4c:82:85 |
[   17.391386] cloud-init[1056]: ci-info: | enp0s3 | True |  fe80::38:7ff:fe4c:8285/64  |       .       |  link | 02:38:07:4c:82:85 |
[   17.406331] [cloud-init[0;32m  OK  [0m[1056]: ] ci-info: | enp0s8 | True |        192.168.56.121       | 255.255.255.0 |   .   | 08:00:27:af:9b:76 |Started Initial cloud-init job (metadata service crawler).

[[0;32m  OK  [0m] Reached target Cloud-config availability.
[[0;32m  OK  [0m] Reached target System Initialization.
[[0;32m  OK  [0m] Listening on D-Bus System Message Bus Socket.
[[0;32m  OK  [0m] Listening on ACPID Listen Socket.
[   17.406824] cloud-init[1056]: ci-info: | enp0s8 | True | fe80::a00:27ff:feaf:9b76/64 |       .       |  link | 08:00:27:af:9b:76 |
[   17.590980] cloud-init[1056]: ci-info: |   lo   | True |          127.0.0.1          |   255.0.0.0   |   .   |         .         |
[   17.620028] cloud-init[1056]: ci-info: |   lo   | True |           ::1/128           |       .       |  host |         .         |
[   17.637443] [cloud-init[0;32m  OK  [0m[1056]: ] ci-info: +--------+------+-----------------------------+---------------+-------+-------------------+Started Daily Cleanup of Temporary Directories.

         Starting Socket activation for snappy daemon.
[   17.638039] cloud-init[1056]: ci-info: ++++++++++++++++++++++++++++Route IPv4 info++++++++++++++++++++++++++++
[   17.691239] cloud-init[1056]: ci-info: +-------+--------------+----------+---------------+-----------+-------+
[   17.702090] cloud-init[1056]: ci-info: | Route | Destination  | Gateway  |    Genmask    | Interface | Flags |
[   17.754157] [cloud-init[0;32m  OK  [0m[1056]: ] ci-info: +-------+--------------+----------+---------------+-----------+-------+Started Timer to automatically refresh installed snaps.

[   17.765045] cloud-init[1056]: ci-info: |   0   |   0.0.0.0    | 10.0.2.2 |    0.0.0.0    |   enp0s3  |   UG  |
[   17.790878] cloud-init[1056]: ci-info: |   1   |   10.0.2.0   | 0.0.0.0  | 255.255.255.0 |   enp0s3  |   U   |
[   17.805823] cloud-init[1056]: ci-info: |   2   | 192.168.56.0 | 0.0.0.0  | 255.255.255.0 |   enp0s8  |   U   |
         Starting LXD - unix socket.
[   17.811687] cloud-init[1056]: ci-info: +-------+--------------+----------+---------------+-----------+-------+
[[0;32m  OK  [0m] Started Clean PHP session files every 30 mins.
[[0;32m  OK  [0m] Listening on UUID daemon activation socket.
[[0;32m  OK  [0m] Started ACPI Events Check.
[[0;32m  OK  [0m] Reached target Paths.
[[0;32m  OK  [0m] Reached target Network is Online.
         Starting iSCSI initiator daemon (iscsid)...
[[0;32m  OK  [0m] Started Daily apt download activities.
[[0;32m  OK  [0m] Started Daily apt upgrade and clean activities.
[[0;32m  OK  [0m] Reached target Timers.
[[0;32m  OK  [0m] Listening on Socket activation for snappy daemon.
[[0;32m  OK  [0m] Listening on LXD - unix socket.
[[0;32m  OK  [0m] Reached target Sockets.
[[0;32m  OK  [0m] Reached target Basic System.
         Starting LSB: Record successful boot for GRUB...
         Starting A high performance web server and a reverse proxy server...
[[0;32m  OK  [0m] Started Regular background program processing daemon.
         Starting The PHP 7.0 FastCGI Process Manager...
[[0;32m  OK  [0m] Started D-Bus System Message Bus.
         Starting Accounts Service...
         Starting Clean php session files...
         Starting vboxadd.service...
         Starting System Logging Service...
         Starting Login Service...
         Starting /etc/rc.local Compatibility...
[[0;32m  OK  [0m] Started Deferred execution scheduler.
         Starting MySQL Community Server...
[[0;32m  OK  [0m] Started Unattended Upgrades Shutdown.
         Starting vboxadd-x11.service...
         Starting OpenBSD Secure Shell server...
         Starting LXD - container startup/shutdown...
         Starting Apply the settings specified in cloud-config...
         Starting Snappy daemon...
[[0;32m  OK  [0m] Started FUSE filesystem for LXC.
         Starting LSB: MD monitoring daemon...
[[0;32m  OK  [0m] Started ACPI event daemon.
[[0;32m  OK  [0m] Started System Logging Service.
[[0;32m  OK  [0m] Started iSCSI initiator daemon (iscsid).
[[0;32m  OK  [0m] Started /etc/rc.local Compatibility.
[[0;32m  OK  [0m] Started LSB: Record successful boot for GRUB.
[[0;32m  OK  [0m] Started OpenBSD Secure Shell server.
[[0;32m  OK  [0m] Started A high performance web server and a reverse proxy server.
[[0;32m  OK  [0m] Started Login Service.
         Starting Authenticate and Authorize Users to Run Privileged Tasks...
         Starting Login to default iSCSI targets...
[[0;32m  OK  [0m] Started LSB: MD monitoring daemon.
[[0;32m  OK  [0m] Started Login to default iSCSI targets.
[[0;32m  OK  [0m] Reached target Remote File Systems (Pre).
[[0;32m  OK  [0m] Reached target Remote File Systems.
         Starting Permit User Sessions...
         Starting LSB: daemon to balance interrupts for SMP systems...
         Starting LSB: Set the CPU Frequency Scaling governor to "ondemand"...
         Starting LSB: automatic crash report generation...
[[0;32m  OK  [0m] Started Snappy daemon.
[[0;32m  OK  [0m] Started vboxadd-x11.service.
[[0;32m  OK  [0m] Started LXD - container startup/shutdown.
[[0;32m  OK  [0m] Started Permit User Sessions.
[[0;32m  OK  [0m] Started The PHP 7.0 FastCGI Process Manager.
[[0;32m  OK  [0m] Started Authenticate and Authorize Users to Run Privileged Tasks.
[[0;32m  OK  [0m] Started Accounts Service.
         Starting Terminate Plymouth Boot Screen...
         Starting Hold until boot process finishes up...
[[0;32m  OK  [0m] Started LSB: daemon to balance interrupts for SMP systems.
[[0;32m  OK  [0m] Started LSB: Set the CPU Frequency Scaling governor to "ondemand".
[[0;32m  OK  [0m] Started Terminate Plymouth Boot Screen.
[[0;32m  OK  [0m] Started Hold until boot process finishes up.
[[0;32m  OK  [0m] Started Clean php session files.
[[0;32m  OK  [0m] Started vboxadd.service.
         Starting vboxadd-service.service...
[[0;32m  OK  [0m] Started Getty on tty1.
[[0;32m  OK  [0m] Started Serial Getty on ttyS0.
[[0;32m  OK  [0m] Reached target Login Prompts.
         Starting Set console scheme...
[[0;32m  OK  [0m] Started LSB: automatic crash report generation.
[   21.164592] [cloud-init[0;32m  OK  [0m[1179]: ] Cloud-init v. 17.1 running 'modules:config' at Wed, 28 Feb 2018 07:30:26 +0000. Up 20.73 seconds.Started vboxadd-service.service.

[[0;32m  OK  [0m] Started Set console scheme.
[[0;32m  OK  [0m] Started Apply the settings specified in cloud-config.
[[0;32m  OK  [0m] Started MySQL Community Server.
[[0;32m  OK  [0m] Reached target Multi-User System.
         Starting Execute cloud user/final scripts...
[[0;32m  OK  [0m] Reached target Graphical Interface.
         Starting Update UTMP about System Runlevel Changes...
[[0;32m  OK  [0m] Started Update UTMP about System Runlevel Changes.
[   21.944782] cloud-init[1493]: Cloud-init v. 17.1 running 'modules:final' at Wed, 28 Feb 2018 07:30:27 +0000. Up 21.79 seconds.
[[0;32m  OK  [0m] Started Execute cloud user/final scripts.
[   22.004616] cloud-init[1493]: Cloud-init v. 17.1 finished at Wed, 28 Feb 2018 07:30:27 +0000. Datasource DataSourceNoCloud [seed=/dev/sdb][dsmode=net].  Up 21.93 seconds
[[0;32m  OK  [0m] Reached target Cloud-init target.
         Starting Daily apt download activities...
[[0;32m  OK  [0m] Created slice User Slice of vagrant.
         Starting User Manager for UID 1000...
[[0;32m  OK  [0m] Started User Manager for UID 1000.
[[0;32m  OK  [0m] Started Session 1 of user vagrant.

Ubuntu 16.04.3 LTS phpup ttyS0

phpup login: 